Archive member included because of file (symbol)

c:/davev4-64bit/dave-4.3.2/eclipse/arm-gcc-49/bin/../lib/gcc/arm-none-eabi/4.9.3/armv7e-m/softfp\libgcc.a(_aeabi_uldivmod.o)
                              ./Dave/Generated/TIMER/timer.o (__aeabi_uldivmod)
c:/davev4-64bit/dave-4.3.2/eclipse/arm-gcc-49/bin/../lib/gcc/arm-none-eabi/4.9.3/armv7e-m/softfp\libgcc.a(bpabi.o)
                              c:/davev4-64bit/dave-4.3.2/eclipse/arm-gcc-49/bin/../lib/gcc/arm-none-eabi/4.9.3/armv7e-m/softfp\libgcc.a(_aeabi_uldivmod.o) (__gnu_uldivmod_helper)
c:/davev4-64bit/dave-4.3.2/eclipse/arm-gcc-49/bin/../lib/gcc/arm-none-eabi/4.9.3/armv7e-m/softfp\libgcc.a(_dvmd_tls.o)
                              c:/davev4-64bit/dave-4.3.2/eclipse/arm-gcc-49/bin/../lib/gcc/arm-none-eabi/4.9.3/armv7e-m/softfp\libgcc.a(_aeabi_uldivmod.o) (__aeabi_ldiv0)
c:/davev4-64bit/dave-4.3.2/eclipse/arm-gcc-49/bin/../lib/gcc/arm-none-eabi/4.9.3/armv7e-m/softfp\libgcc.a(_divdi3.o)
                              c:/davev4-64bit/dave-4.3.2/eclipse/arm-gcc-49/bin/../lib/gcc/arm-none-eabi/4.9.3/armv7e-m/softfp\libgcc.a(bpabi.o) (__divdi3)
c:/davev4-64bit/dave-4.3.2/eclipse/arm-gcc-49/bin/../lib/gcc/arm-none-eabi/4.9.3/armv7e-m/softfp\libgcc.a(_udivdi3.o)
                              c:/davev4-64bit/dave-4.3.2/eclipse/arm-gcc-49/bin/../lib/gcc/arm-none-eabi/4.9.3/armv7e-m/softfp\libgcc.a(bpabi.o) (__udivdi3)
c:/davev4-64bit/dave-4.3.2/eclipse/arm-gcc-49/bin/../lib/gcc/arm-none-eabi/4.9.3/../../../../arm-none-eabi/lib/armv7e-m/softfp\libg_nano.a(lib_a-errno.o)
                              ./Libraries/Newlib/syscalls.o (__errno)
c:/davev4-64bit/dave-4.3.2/eclipse/arm-gcc-49/bin/../lib/gcc/arm-none-eabi/4.9.3/../../../../arm-none-eabi/lib/armv7e-m/softfp\libg_nano.a(lib_a-impure.o)
                              c:/davev4-64bit/dave-4.3.2/eclipse/arm-gcc-49/bin/../lib/gcc/arm-none-eabi/4.9.3/../../../../arm-none-eabi/lib/armv7e-m/softfp\libg_nano.a(lib_a-errno.o) (_impure_ptr)
c:/davev4-64bit/dave-4.3.2/eclipse/arm-gcc-49/bin/../lib/gcc/arm-none-eabi/4.9.3/../../../../arm-none-eabi/lib/armv7e-m/softfp\libg_nano.a(lib_a-init.o)
                              ./Startup/startup_XMC4300.o (__libc_init_array)
c:/davev4-64bit/dave-4.3.2/eclipse/arm-gcc-49/bin/../lib/gcc/arm-none-eabi/4.9.3/../../../../arm-none-eabi/lib/armv7e-m/softfp\libg_nano.a(lib_a-malloc.o)
                              ./SSC/Src/ecatcoe.o (malloc)
c:/davev4-64bit/dave-4.3.2/eclipse/arm-gcc-49/bin/../lib/gcc/arm-none-eabi/4.9.3/../../../../arm-none-eabi/lib/armv7e-m/softfp\libg_nano.a(lib_a-memcpy.o)
                              ./SSC/Src/XMC_ESC.o (memcpy)
c:/davev4-64bit/dave-4.3.2/eclipse/arm-gcc-49/bin/../lib/gcc/arm-none-eabi/4.9.3/../../../../arm-none-eabi/lib/armv7e-m/softfp\libg_nano.a(lib_a-memset.o)
                              ./SSC/Src/mailbox.o (memset)
c:/davev4-64bit/dave-4.3.2/eclipse/arm-gcc-49/bin/../lib/gcc/arm-none-eabi/4.9.3/../../../../arm-none-eabi/lib/armv7e-m/softfp\libg_nano.a(lib_a-nano-freer.o)
                              c:/davev4-64bit/dave-4.3.2/eclipse/arm-gcc-49/bin/../lib/gcc/arm-none-eabi/4.9.3/../../../../arm-none-eabi/lib/armv7e-m/softfp\libg_nano.a(lib_a-malloc.o) (_free_r)
c:/davev4-64bit/dave-4.3.2/eclipse/arm-gcc-49/bin/../lib/gcc/arm-none-eabi/4.9.3/../../../../arm-none-eabi/lib/armv7e-m/softfp\libg_nano.a(lib_a-nano-mallocr.o)
                              c:/davev4-64bit/dave-4.3.2/eclipse/arm-gcc-49/bin/../lib/gcc/arm-none-eabi/4.9.3/../../../../arm-none-eabi/lib/armv7e-m/softfp\libg_nano.a(lib_a-malloc.o) (_malloc_r)
c:/davev4-64bit/dave-4.3.2/eclipse/arm-gcc-49/bin/../lib/gcc/arm-none-eabi/4.9.3/../../../../arm-none-eabi/lib/armv7e-m/softfp\libg_nano.a(lib_a-sbrkr.o)
                              c:/davev4-64bit/dave-4.3.2/eclipse/arm-gcc-49/bin/../lib/gcc/arm-none-eabi/4.9.3/../../../../arm-none-eabi/lib/armv7e-m/softfp\libg_nano.a(lib_a-nano-mallocr.o) (_sbrk_r)
c:/davev4-64bit/dave-4.3.2/eclipse/arm-gcc-49/bin/../lib/gcc/arm-none-eabi/4.9.3/../../../../arm-none-eabi/lib/armv7e-m/softfp\libg_nano.a(lib_a-strlen.o)
                              ./SSC/Src/objdef.o (strlen)
c:/davev4-64bit/dave-4.3.2/eclipse/arm-gcc-49/bin/../lib/gcc/arm-none-eabi/4.9.3/../../../../arm-none-eabi/lib/armv7e-m/softfp\libg_nano.a(lib_a-reent.o)
                              c:/davev4-64bit/dave-4.3.2/eclipse/arm-gcc-49/bin/../lib/gcc/arm-none-eabi/4.9.3/../../../../arm-none-eabi/lib/armv7e-m/softfp\libg_nano.a(lib_a-sbrkr.o) (errno)

Allocating common symbols
Common symbol       size              file

b3BufferMode        0x1               ./SSC/Src/ecatslv.o
nEcatStateTrans     0x2               ./SSC/Src/ecatslv.o
asMbx               0x200             ./SSC/Src/mailbox.o
StartTimerCnt       0x4               ./SSC/Src/ecatappl.o
bApplEsmPending     0x1               ./SSC/Src/ecatslv.o
pCoeSendStored      0x4               ./SSC/Src/ecatcoe.o
nSdoInfoIndex       0x2               ./SSC/Src/sdoserv.o
[...]
Memory Configuration

Name             Origin             Length             Attributes
FLASH_0_cached   0x08000000         0x00010000         xr
FLASH_0_uncached 0x0c000000         0x00010000         xr
FLASH_1_cached   0x08020000         0x00020000         xr
FLASH_1_uncached 0x0c020000         0x00020000         xr
PSRAM_1          0x1fff0000         0x00010000         !xr
DSRAM_1_system   0x20000000         0x00010000         !xr
SRAM_combined    0x1fff0000         0x00020000         !xr
*default*        0x00000000         0xffffffff

Linker script and memory map

LOAD ./Startup/startup_XMC4300.o
LOAD ./Startup/system_XMC4300.o
LOAD ./SSC/Src/XMC_ESC.o
LOAD ./SSC/Src/coeappl.o
LOAD ./SSC/Src/ecatappl.o
LOAD ./SSC/Src/ecatcoe.o
LOAD ./SSC/Src/ecatslv.o
LOAD ./SSC/Src/mailbox.o
LOAD ./SSC/Src/objdef.o
LOAD ./SSC/Src/sdoserv.o
LOAD ./Libraries/XMCLib/src/xmc4_eru.o
LOAD ./Libraries/XMCLib/src/xmc4_flash.o
LOAD ./Libraries/XMCLib/src/xmc4_gpio.o
LOAD ./Libraries/XMCLib/src/xmc4_rtc.o
LOAD ./Libraries/XMCLib/src/xmc4_scu.o
LOAD ./Libraries/XMCLib/src/xmc_can.o
LOAD ./Libraries/XMCLib/src/xmc_ccu4.o
LOAD ./Libraries/XMCLib/src/xmc_ccu8.o
LOAD ./Libraries/XMCLib/src/xmc_common.o
LOAD ./Libraries/XMCLib/src/xmc_dac.o
LOAD ./Libraries/XMCLib/src/xmc_dma.o
LOAD ./Libraries/XMCLib/src/xmc_dsd.o
LOAD ./Libraries/XMCLib/src/xmc_ebu.o
LOAD ./Libraries/XMCLib/src/xmc_ecat.o
LOAD ./Libraries/XMCLib/src/xmc_eru.o
LOAD ./Libraries/XMCLib/src/xmc_eth_mac.o
LOAD ./Libraries/XMCLib/src/xmc_fce.o
LOAD ./Libraries/XMCLib/src/xmc_gpio.o
LOAD ./Libraries/XMCLib/src/xmc_hrpwm.o
LOAD ./Libraries/XMCLib/src/xmc_i2c.o
LOAD ./Libraries/XMCLib/src/xmc_i2s.o
LOAD ./Libraries/XMCLib/src/xmc_ledts.o
LOAD ./Libraries/XMCLib/src/xmc_posif.o
LOAD ./Libraries/XMCLib/src/xmc_rtc.o
LOAD ./Libraries/XMCLib/src/xmc_sdmmc.o
LOAD ./Libraries/XMCLib/src/xmc_spi.o
LOAD ./Libraries/XMCLib/src/xmc_uart.o
LOAD ./Libraries/XMCLib/src/xmc_usbd.o
LOAD ./Libraries/XMCLib/src/xmc_usic.o
LOAD ./Libraries/XMCLib/src/xmc_vadc.o
LOAD ./Libraries/XMCLib/src/xmc_wdt.o
LOAD ./Libraries/Newlib/syscalls.o
LOAD ./Dave/Generated/TIMER/timer.o
LOAD ./Dave/Generated/TIMER/timer_conf.o
LOAD ./Dave/Generated/INTERRUPT/interrupt.o
LOAD ./Dave/Generated/INTERRUPT/interrupt_conf.o
LOAD ./Dave/Generated/GLOBAL_CCU4/global_ccu4.o
LOAD ./Dave/Generated/GLOBAL_CCU4/global_ccu4_conf.o
LOAD ./Dave/Generated/E_EEPROM_XMC4/e_eeprom_xmc4.o
LOAD ./Dave/Generated/E_EEPROM_XMC4/e_eeprom_xmc4_conf.o
LOAD ./Dave/Generated/EVENT_GENERATOR/event_generator.o
LOAD ./Dave/Generated/EVENT_GENERATOR/event_generator_conf.o
LOAD ./Dave/Generated/EVENT_DETECTOR/event_detector.o
LOAD ./Dave/Generated/EVENT_DETECTOR/event_detector_conf.o
LOAD ./Dave/Generated/ECAT_SSC/ecat_ssc.o
LOAD ./Dave/Generated/ECAT_SSC/ecat_ssc_conf.o
LOAD ./Dave/Generated/ECAT_SSC/xmc_eschw.o
LOAD ./Dave/Generated/CPU_CTRL_XMC4/cpu_ctrl_xmc4.o
LOAD ./Dave/Generated/CPU_CTRL_XMC4/cpu_ctrl_xmc4_conf.o
LOAD ./Dave/Generated/CLOCK_XMC4/clock_xmc4.o
LOAD ./Dave/Generated/CLOCK_XMC4/clock_xmc4_conf.o
LOAD ./Dave/Generated/DAVE.o
LOAD ./main.o
LOAD c:/davev4-64bit/dave-4.3.2/eclipse/arm-gcc-49/bin/../lib/gcc/arm-none-eabi/4.9.3/../../../../arm-none-eabi/lib/armv7e-m/softfp\libm.a
START GROUP
LOAD c:/davev4-64bit/dave-4.3.2/eclipse/arm-gcc-49/bin/../lib/gcc/arm-none-eabi/4.9.3/armv7e-m/softfp\libgcc.a
LOAD c:/davev4-64bit/dave-4.3.2/eclipse/arm-gcc-49/bin/../lib/gcc/arm-none-eabi/4.9.3/../../../../arm-none-eabi/lib/armv7e-m/softfp\libg_nano.a
LOAD c:/davev4-64bit/dave-4.3.2/eclipse/arm-gcc-49/bin/../lib/gcc/arm-none-eabi/4.9.3/../../../../arm-none-eabi/lib/armv7e-m/softfp\libc_nano.a
END GROUP
START GROUP
LOAD c:/davev4-64bit/dave-4.3.2/eclipse/arm-gcc-49/bin/../lib/gcc/arm-none-eabi/4.9.3/armv7e-m/softfp\libgcc.a
LOAD c:/davev4-64bit/dave-4.3.2/eclipse/arm-gcc-49/bin/../lib/gcc/arm-none-eabi/4.9.3/../../../../arm-none-eabi/lib/armv7e-m/softfp\libc_nano.a
LOAD c:/davev4-64bit/dave-4.3.2/eclipse/arm-gcc-49/bin/../lib/gcc/arm-none-eabi/4.9.3/../../../../arm-none-eabi/lib/armv7e-m/softfp\libnosys.a
END GROUP
START GROUP
LOAD c:/davev4-64bit/dave-4.3.2/eclipse/arm-gcc-49/bin/../lib/gcc/arm-none-eabi/4.9.3/armv7e-m/softfp\libgcc.a
LOAD c:/davev4-64bit/dave-4.3.2/eclipse/arm-gcc-49/bin/../lib/gcc/arm-none-eabi/4.9.3/../../../../arm-none-eabi/lib/armv7e-m/softfp\libc_nano.a
LOAD c:/davev4-64bit/dave-4.3.2/eclipse/arm-gcc-49/bin/../lib/gcc/arm-none-eabi/4.9.3/../../../../arm-none-eabi/lib/armv7e-m/softfp\libnosys.a
END GROUP
                0x00000800                stack_size = DEFINED (stack_size)?stack_size:0x800
                0x00000040                no_init_size = 0x40

.reset          0x08000000      0x29c load address 0x0c000000
 *(.reset)
 .reset         0x08000000      0x29c ./Startup/startup_XMC4300.o
                0x08000000                __Vectors
                0x08000200                Reset_Handler
                0x08000298                DebugMon_Handler
                0x08000298                VADC0_C0_0_IRQHandler
                0x08000298                CAN0_4_IRQHandler
                0x08000298                USIC0_5_IRQHandler
                0x08000298                HardFault_Handler
                0x08000298                VADC0_G1_1_IRQHandler
                0x08000298                SysTick_Handler
                0x08000298                PendSV_Handler
                0x08000298                NMI_Handler
                0x08000298                USIC1_3_IRQHandler
                0x08000298                CCU40_2_IRQHandler
                0x08000298                SCU_0_IRQHandler
                0x08000298                ERU0_0_IRQHandler
                0x08000298                CCU41_0_IRQHandler
                0x08000298                USIC1_5_IRQHandler
                0x08000298                CCU80_1_IRQHandler
                0x08000298                UsageFault_Handler
                0x08000298                USIC0_0_IRQHandler
                0x08000298                ERU0_2_IRQHandler
                0x08000298                ERU1_1_IRQHandler
                0x08000298                ERU0_3_IRQHandler
                0x08000298                VADC0_C0_3_IRQHandler
                0x08000298                CAN0_6_IRQHandler
                0x08000298                VADC0_G0_1_IRQHandler
                0x08000298                USIC1_1_IRQHandler
                0x08000298                CCU40_0_IRQHandler
                0x08000298                CAN0_0_IRQHandler
                0x08000298                Default_Handler
                0x08000298                USIC1_4_IRQHandler
                0x08000298                USIC1_0_IRQHandler
                0x08000298                VADC0_G0_0_IRQHandler
                0x08000298                CCU80_3_IRQHandler
                0x08000298                CCU41_3_IRQHandler
                0x08000298                CCU80_2_IRQHandler
                0x08000298                VADC0_G1_3_IRQHandler
                0x08000298                VADC0_G0_3_IRQHandler
                0x08000298                GPDMA0_0_IRQHandler
                0x08000298                PMU0_0_IRQHandler
                0x08000298                CAN0_7_IRQHandler
                0x08000298                CCU41_2_IRQHandler
                0x08000298                VADC0_C0_1_IRQHandler
                0x08000298                MemManage_Handler
                0x08000298                DAC0_0_IRQHandler
                0x08000298                SVC_Handler
                0x08000298                ERU1_2_IRQHandler
                0x08000298                VADC0_G1_2_IRQHandler
                0x08000298                CAN0_2_IRQHandler
                0x08000298                VADC0_G0_2_IRQHandler
                0x08000298                CAN0_3_IRQHandler
                0x08000298                ETH0_0_IRQHandler
                0x08000298                USIC0_3_IRQHandler
                0x08000298                VADC0_C0_2_IRQHandler
                0x08000298                FCE0_0_IRQHandler
                0x08000298                VADC0_G1_0_IRQHandler
                0x08000298                USB0_0_IRQHandler
                0x08000298                CAN0_5_IRQHandler
                0x08000298                CCU80_0_IRQHandler
                0x08000298                CCU40_1_IRQHandler
                0x08000298                USIC0_1_IRQHandler
                0x08000298                CCU40_3_IRQHandler
                0x08000298                BusFault_Handler
                0x08000298                LEDTS0_0_IRQHandler
                0x08000298                USIC0_4_IRQHandler
                0x08000298                ERU0_1_IRQHandler
                0x08000298                USIC1_2_IRQHandler
                0x08000298                SDMMC0_0_IRQHandler
                0x08000298                CAN0_1_IRQHandler
                0x08000298                USIC0_2_IRQHandler
                0x08000298                DAC0_1_IRQHandler

.text           0x08020000     0x8aa0 load address 0x0c020000
                0x08020000                sText = .
 *(.text .text.* .gnu.linkonce.t.*)
 .text.SystemInit
                0x08020000       0x20 ./Startup/system_XMC4300.o
                0x08020000                SystemInit
 .text.SystemCoreClockUpdate
                0x08020020       0xd4 ./Startup/system_XMC4300.o
                0x08020020                SystemCoreClockUpdate
 .text.APPL_AckErrorInd
                0x080200f4       0x14 ./SSC/Src/XMC_ESC.o
                0x080200f4                APPL_AckErrorInd
 .text.APPL_StartMailboxHandler
                0x08020108       0x10 ./SSC/Src/XMC_ESC.o
                0x08020108                APPL_StartMailboxHandler
 .text.APPL_StopMailboxHandler
                0x08020118       0x10 ./SSC/Src/XMC_ESC.o
                0x08020118                APPL_StopMailboxHandler
 .text.APPL_StartInputHandler
                0x08020128       0x18 ./SSC/Src/XMC_ESC.o
                0x08020128                APPL_StartInputHandler
 .text.APPL_StopInputHandler
                0x08020140       0x10 ./SSC/Src/XMC_ESC.o
                0x08020140                APPL_StopInputHandler
 .text.APPL_StartOutputHandler
                0x08020150       0x10 ./SSC/Src/XMC_ESC.o
                0x08020150                APPL_StartOutputHandler
 .text.APPL_StopOutputHandler
                0x08020160       0x10 ./SSC/Src/XMC_ESC.o
                0x08020160                APPL_StopOutputHandler
 .text.APPL_GenerateMapping
                0x08020170      0x168 ./SSC/Src/XMC_ESC.o
                0x08020170                APPL_GenerateMapping
 .text.APPL_InputMapping
                0x080202d8       0x44 ./SSC/Src/XMC_ESC.o
                0x080202d8                APPL_InputMapping
 .text.APPL_OutputMapping
                0x0802031c       0x44 ./SSC/Src/XMC_ESC.o
                0x0802031c                APPL_OutputMapping
 .text.APPL_Application
                0x08020360       0x34 ./SSC/Src/XMC_ESC.o
                0x08020360                APPL_Application
 .text.COE_GetObjectDictionary
                0x08020394       0x18 ./SSC/Src/coeappl.o
                0x08020394                COE_GetObjectDictionary
 .text.COE_ObjInit
                0x080203ac      0x108 ./SSC/Src/coeappl.o
                0x080203ac                COE_ObjInit
 .text.COE_AddObjectToDic
                0x080204b4       0xe8 ./SSC/Src/coeappl.o
                0x080204b4                COE_AddObjectToDic
 .text.COE_RemoveDicEntry
                0x0802059c       0x80 ./SSC/Src/coeappl.o
                0x0802059c                COE_RemoveDicEntry
 .text.COE_ClearObjDictionary
                0x0802061c       0x3c ./SSC/Src/coeappl.o
                0x0802061c                COE_ClearObjDictionary
 .text.AddObjectsToObjDictionary
                0x08020658       0x44 ./SSC/Src/coeappl.o
                0x08020658                AddObjectsToObjDictionary
 .text.COE_ObjDictionaryInit
                0x0802069c       0x44 ./SSC/Src/coeappl.o
                0x0802069c                COE_ObjDictionaryInit
 .text.COE_Main
                0x080206e0       0xe8 ./SSC/Src/coeappl.o
                0x080206e0                COE_Main
 .text.NVIC_EnableIRQ
                0x080207c8       0x30 ./SSC/Src/ecatappl.o
 .text.NVIC_DisableIRQ
                0x080207f8       0x34 ./SSC/Src/ecatappl.o
 .text.XMC_ECAT_GetALEventRegister
                0x0802082c       0x1c ./SSC/Src/ecatappl.o
 .text.HW_EscRead
                0x08020848       0x2c ./SSC/Src/ecatappl.o
 .text.HW_EscReadIsr
                0x08020874       0x24 ./SSC/Src/ecatappl.o
 .text.HW_EscWrite
                0x08020898       0x2c ./SSC/Src/ecatappl.o
 .text.HW_EscWriteIsr
                0x080208c4       0x24 ./SSC/Src/ecatappl.o
 .text.HW_GetALEventRegister
                0x080208e8       0x10 ./SSC/Src/ecatappl.o
 .text.HW_GetALEventRegister_Isr
                0x080208f8       0x10 ./SSC/Src/ecatappl.o
 .text.ENABLE_ESC_INT
                0x08020908        0xc ./SSC/Src/ecatappl.o
 .text.DISABLE_ESC_INT
                0x08020914        0xc ./SSC/Src/ecatappl.o
 .text.PDO_InputMapping
                0x08020920       0x2c ./SSC/Src/ecatappl.o
                0x08020920                PDO_InputMapping
 .text.PDO_OutputMapping
                0x0802094c       0x2c ./SSC/Src/ecatappl.o
                0x0802094c                PDO_OutputMapping
 .text.ECAT_CheckTimer
                0x08020978       0x54 ./SSC/Src/ecatappl.o
                0x08020978                ECAT_CheckTimer
 .text.HandleBusCycleCalculation
                0x080209cc       0xd8 ./SSC/Src/ecatappl.o
                0x080209cc                HandleBusCycleCalculation
 .text.PDI_Isr  0x08020aa4      0x160 ./SSC/Src/ecatappl.o
                0x08020aa4                PDI_Isr
 .text.Sync0_Isr
                0x08020c04      0x15c ./SSC/Src/ecatappl.o
                0x08020c04                Sync0_Isr
 .text.Sync1_Isr
                0x08020d60       0x44 ./SSC/Src/ecatappl.o
                0x08020d60                Sync1_Isr
 .text.MainInit
                0x08020da4       0x54 ./SSC/Src/ecatappl.o
                0x08020da4                MainInit
 .text.MainLoop
                0x08020df8       0xd4 ./SSC/Src/ecatappl.o
                0x08020df8                MainLoop
 .text.ECAT_Application
                0x08020ecc        0xc ./SSC/Src/ecatappl.o
                0x08020ecc                ECAT_Application
 .text.EEPROM_CommandHandler
                0x08020ed8      0x190 ./SSC/Src/ecatappl.o
                0x08020ed8                EEPROM_CommandHandler
 .text.COE_Init
                0x08021068       0x20 ./SSC/Src/ecatcoe.o
                0x08021068                COE_Init
 .text.COE_ServiceInd
                0x08021088       0x70 ./SSC/Src/ecatcoe.o
                0x08021088                COE_ServiceInd
 .text.COE_ContinueInd
                0x080210f8       0x5c ./SSC/Src/ecatcoe.o
                0x080210f8                COE_ContinueInd
 .text.NVIC_EnableIRQ
                0x08021154       0x30 ./SSC/Src/ecatslv.o
 .text.NVIC_DisableIRQ
                0x08021184       0x34 ./SSC/Src/ecatslv.o
 .text.XMC_ECAT_GetALEventRegister
                0x080211b8       0x1c ./SSC/Src/ecatslv.o
 .text.HW_EscRead
                0x080211d4       0x2c ./SSC/Src/ecatslv.o
 .text.HW_GetALEventRegister
                0x08021200       0x10 ./SSC/Src/ecatslv.o
 .text.ENABLE_ESC_INT
                0x08021210        0xc ./SSC/Src/ecatslv.o
 .text.DISABLE_ESC_INT
                0x0802121c        0xc ./SSC/Src/ecatslv.o
 .text.ResetALEventMask
                0x08021228       0x30 ./SSC/Src/ecatslv.o
                0x08021228                ResetALEventMask
 .text.SetALEventMask
                0x08021258       0x30 ./SSC/Src/ecatslv.o
                0x08021258                SetALEventMask
 .text.UpdateEEPROMLoadedState
                0x08021288       0x44 ./SSC/Src/ecatslv.o
                0x08021288                UpdateEEPROMLoadedState
 .text.GetSyncMan
                0x080212cc       0x30 ./SSC/Src/ecatslv.o
                0x080212cc                GetSyncMan
 .text.DisableSyncManChannel
                0x080212fc       0x54 ./SSC/Src/ecatslv.o
                0x080212fc                DisableSyncManChannel
 .text.EnableSyncManChannel
                0x08021350       0x54 ./SSC/Src/ecatslv.o
                0x08021350                EnableSyncManChannel
 .text.CheckSmSettings
                0x080213a4      0x3c0 ./SSC/Src/ecatslv.o
                0x080213a4                CheckSmSettings
 .text.StartInputHandler
                0x08021764      0x760 ./SSC/Src/ecatslv.o
                0x08021764                StartInputHandler
 .text.StartOutputHandler
                0x08021ec4       0x50 ./SSC/Src/ecatslv.o
                0x08021ec4                StartOutputHandler
 .text.StopOutputHandler
                0x08021f14       0x20 ./SSC/Src/ecatslv.o
                0x08021f14                StopOutputHandler
 .text.StopInputHandler
                0x08021f34      0x108 ./SSC/Src/ecatslv.o
                0x08021f34                StopInputHandler
 .text.BackToInitTransition
                0x0802203c       0x18 ./SSC/Src/ecatslv.o
                0x0802203c                BackToInitTransition
 .text.SetALStatus
                0x08022054       0xbc ./SSC/Src/ecatslv.o
                0x08022054                SetALStatus
 .text.AL_ControlInd
                0x08022110      0x6b8 ./SSC/Src/ecatslv.o
                0x08022110                AL_ControlInd
 .text.AL_ControlRes
                0x080227c8      0x2c0 ./SSC/Src/ecatslv.o
                0x080227c8                AL_ControlRes
 .text.DC_CheckWatchdog
                0x08022a88      0x11c ./SSC/Src/ecatslv.o
                0x08022a88                DC_CheckWatchdog
 .text.CheckIfEcatError
                0x08022ba4       0xa8 ./SSC/Src/ecatslv.o
                0x08022ba4                CheckIfEcatError
 .text.ECAT_Init
                0x08022c4c      0x14c ./SSC/Src/ecatslv.o
                0x08022c4c                ECAT_Init
 .text.ECAT_Main
                0x08022d98      0x198 ./SSC/Src/ecatslv.o
                0x08022d98                ECAT_Main
 .text.HW_EscRead
                0x08022f30       0x2c ./SSC/Src/mailbox.o
 .text.HW_EscReadMbxMem
                0x08022f5c       0x24 ./SSC/Src/mailbox.o
 .text.HW_EscWrite
                0x08022f80       0x2c ./SSC/Src/mailbox.o
 .text.HW_EscWriteMbxMem
                0x08022fac       0x24 ./SSC/Src/mailbox.o
 .text.PutInMbxQueue
                0x08022fd0       0x54 ./SSC/Src/mailbox.o
                0x08022fd0                PutInMbxQueue
 .text.GetOutOfMbxQueue
                0x08023024       0x5c ./SSC/Src/mailbox.o
                0x08023024                GetOutOfMbxQueue
 .text.MBX_Init
                0x08023080       0xf4 ./SSC/Src/mailbox.o
                0x08023080                MBX_Init
 .text.MBX_StartMailboxHandler
                0x08023174       0xf4 ./SSC/Src/mailbox.o
                0x08023174                MBX_StartMailboxHandler
 .text.MBX_StopMailboxHandler
                0x08023268      0x138 ./SSC/Src/mailbox.o
                0x08023268                MBX_StopMailboxHandler
 .text.MailboxServiceInd
                0x080233a0       0x30 ./SSC/Src/mailbox.o
                0x080233a0                MailboxServiceInd
 .text.MBX_MailboxWriteInd
                0x080233d0       0xbc ./SSC/Src/mailbox.o
                0x080233d0                MBX_MailboxWriteInd
 .text.MBX_MailboxReadInd
                0x0802348c       0xd0 ./SSC/Src/mailbox.o
                0x0802348c                MBX_MailboxReadInd
 .text.MBX_MailboxRepeatReq
                0x0802355c       0x84 ./SSC/Src/mailbox.o
                0x0802355c                MBX_MailboxRepeatReq
 .text.MBX_MailboxSendReq
                0x080235e0       0xd4 ./SSC/Src/mailbox.o
                0x080235e0                MBX_MailboxSendReq
 .text.MBX_CheckAndCopyMailbox
                0x080236b4      0x148 ./SSC/Src/mailbox.o
                0x080236b4                MBX_CheckAndCopyMailbox
 .text.MBX_CopyToSendMailbox
                0x080237fc       0xe0 ./SSC/Src/mailbox.o
                0x080237fc                MBX_CopyToSendMailbox
 .text.MBX_Main
                0x080238dc       0x78 ./SSC/Src/mailbox.o
                0x080238dc                MBX_Main
 .text.OBJ_GetObjectHandle
                0x08023954       0x38 ./SSC/Src/objdef.o
                0x08023954                OBJ_GetObjectHandle
 .text.OBJ_GetObjectLength
                0x0802398c      0x10c ./SSC/Src/objdef.o
                0x0802398c                OBJ_GetObjectLength
 .text.OBJ_CopyNumberToString
                0x08023a98       0x94 ./SSC/Src/objdef.o
                0x08023a98                OBJ_CopyNumberToString
 .text.OBJ_GetNoOfObjects
                0x08023b2c       0x98 ./SSC/Src/objdef.o
                0x08023b2c                OBJ_GetNoOfObjects
 .text.OBJ_GetObjectList
                0x08023bc4       0xf8 ./SSC/Src/objdef.o
                0x08023bc4                OBJ_GetObjectList
 .text.OBJ_GetDesc
                0x08023cbc      0x124 ./SSC/Src/objdef.o
                0x08023cbc                OBJ_GetDesc
 .text.OBJ_GetEntryDesc
                0x08023de0       0x58 ./SSC/Src/objdef.o
                0x08023de0                OBJ_GetEntryDesc
 .text.OBJ_GetObjDesc
                0x08023e38       0x18 ./SSC/Src/objdef.o
                0x08023e38                OBJ_GetObjDesc
 .text.OBJ_GetEntryOffset
                0x08023e50      0x164 ./SSC/Src/objdef.o
                0x08023e50                OBJ_GetEntryOffset
 .text.CheckSyncTypeValue
                0x08023fb4      0x1ac ./SSC/Src/objdef.o
                0x08023fb4                CheckSyncTypeValue
 .text.OBJ_Read
                0x08024160      0x5a8 ./SSC/Src/objdef.o
                0x08024160                OBJ_Read
 .text.OBJ_Write
                0x08024708      0x644 ./SSC/Src/objdef.o
                0x08024708                OBJ_Write
 .text.SdoDownloadSegmentInd
                0x08024d4c      0x284 ./SSC/Src/sdoserv.o
 .text.SdoUploadSegmentInd
                0x08024fd0      0x168 ./SSC/Src/sdoserv.o
 .text.SdoRes   0x08025138      0x168 ./SSC/Src/sdoserv.o
                0x08025138                SdoRes
 .text.SDOS_SdoInd
                0x080252a0      0x56c ./SSC/Src/sdoserv.o
                0x080252a0                SDOS_SdoInd
 .text.SDOS_SdoRes
                0x0802580c      0x124 ./SSC/Src/sdoserv.o
                0x0802580c                SDOS_SdoRes
 .text.SDOS_SdoInfoInd
                0x08025930      0x3fc ./SSC/Src/sdoserv.o
                0x08025930                SDOS_SdoInfoInd
 .text.XMC_ERU_Enable
                0x08025d2c       0x2c ./Libraries/XMCLib/src/xmc4_eru.o
                0x08025d2c                XMC_ERU_Enable
 .text.XMC_FLASH_lEnterPageModeCommand
                0x08025d58       0x20 ./Libraries/XMCLib/src/xmc4_flash.o
                0x08025d58                XMC_FLASH_lEnterPageModeCommand
 .text.XMC_FLASH_lLoadPageCommand
                0x08025d78       0x30 ./Libraries/XMCLib/src/xmc4_flash.o
                0x08025d78                XMC_FLASH_lLoadPageCommand
 .text.XMC_FLASH_lWritePageCommand
                0x08025da8       0x44 ./Libraries/XMCLib/src/xmc4_flash.o
                0x08025da8                XMC_FLASH_lWritePageCommand
 .text.XMC_FLASH_lEraseSectorCommand
                0x08025dec       0x58 ./Libraries/XMCLib/src/xmc4_flash.o
                0x08025dec                XMC_FLASH_lEraseSectorCommand
 .text.XMC_FLASH_lClearStatusCommand
                0x08025e44       0x20 ./Libraries/XMCLib/src/xmc4_flash.o
                0x08025e44                XMC_FLASH_lClearStatusCommand
 .text.XMC_FLASH_ClearStatus
                0x08025e64        0xc ./Libraries/XMCLib/src/xmc4_flash.o
                0x08025e64                XMC_FLASH_ClearStatus
 .text.XMC_FLASH_GetStatus
                0x08025e70       0x1c ./Libraries/XMCLib/src/xmc4_flash.o
                0x08025e70                XMC_FLASH_GetStatus
 .text.XMC_FLASH_ProgramPage
                0x08025e8c       0x68 ./Libraries/XMCLib/src/xmc4_flash.o
                0x08025e8c                XMC_FLASH_ProgramPage
 .text.XMC_FLASH_EraseSector
                0x08025ef4       0x30 ./Libraries/XMCLib/src/xmc4_flash.o
                0x08025ef4                XMC_FLASH_EraseSector
 .text.XMC_GPIO_Init
                0x08025f24      0x140 ./Libraries/XMCLib/src/xmc4_gpio.o
                0x08025f24                XMC_GPIO_Init
 .text.XMC_SCU_lDelay
                0x08026064       0x44 ./Libraries/XMCLib/src/xmc4_scu.o
 .text.XMC_SCU_CLOCK_Init
                0x080260a8       0xbc ./Libraries/XMCLib/src/xmc4_scu.o
                0x080260a8                XMC_SCU_CLOCK_Init
 .text.XMC_SCU_INTERRUPT_EnableNmiRequest
                0x08026164       0x24 ./Libraries/XMCLib/src/xmc4_scu.o
                0x08026164                XMC_SCU_INTERRUPT_EnableNmiRequest
 .text.XMC_SCU_RESET_DeassertPeripheralReset
                0x08026188       0x38 ./Libraries/XMCLib/src/xmc4_scu.o
                0x08026188                XMC_SCU_RESET_DeassertPeripheralReset
 .text.XMC_SCU_RESET_IsPeripheralResetAsserted
                0x080261c0       0x48 ./Libraries/XMCLib/src/xmc4_scu.o
                0x080261c0                XMC_SCU_RESET_IsPeripheralResetAsserted
 .text.XMC_SCU_CLOCK_SetSystemClockSource
                0x08026208       0x28 ./Libraries/XMCLib/src/xmc4_scu.o
                0x08026208                XMC_SCU_CLOCK_SetSystemClockSource
 .text.XMC_SCU_CLOCK_SetUsbClockSource
                0x08026230       0x28 ./Libraries/XMCLib/src/xmc4_scu.o
                0x08026230                XMC_SCU_CLOCK_SetUsbClockSource
 .text.XMC_SCU_CLOCK_SetWdtClockSource
                0x08026258       0x28 ./Libraries/XMCLib/src/xmc4_scu.o
                0x08026258                XMC_SCU_CLOCK_SetWdtClockSource
 .text.XMC_SCU_CLOCK_SetSystemPllClockSource
                0x08026280       0x40 ./Libraries/XMCLib/src/xmc4_scu.o
                0x08026280                XMC_SCU_CLOCK_SetSystemPllClockSource
 .text.XMC_SCU_HIB_SetRtcClockSource
                0x080262c0       0x3c ./Libraries/XMCLib/src/xmc4_scu.o
                0x080262c0                XMC_SCU_HIB_SetRtcClockSource
 .text.XMC_SCU_HIB_SetStandbyClockSource
                0x080262fc       0x3c ./Libraries/XMCLib/src/xmc4_scu.o
                0x080262fc                XMC_SCU_HIB_SetStandbyClockSource
 .text.XMC_SCU_CLOCK_SetSystemClockDivider
                0x08026338       0x28 ./Libraries/XMCLib/src/xmc4_scu.o
                0x08026338                XMC_SCU_CLOCK_SetSystemClockDivider
 .text.XMC_SCU_CLOCK_SetCcuClockDivider
                0x08026360       0x28 ./Libraries/XMCLib/src/xmc4_scu.o
                0x08026360                XMC_SCU_CLOCK_SetCcuClockDivider
 .text.XMC_SCU_CLOCK_SetCpuClockDivider
                0x08026388       0x28 ./Libraries/XMCLib/src/xmc4_scu.o
                0x08026388                XMC_SCU_CLOCK_SetCpuClockDivider
 .text.XMC_SCU_CLOCK_SetPeripheralClockDivider
                0x080263b0       0x28 ./Libraries/XMCLib/src/xmc4_scu.o
                0x080263b0                XMC_SCU_CLOCK_SetPeripheralClockDivider
 .text.XMC_SCU_CLOCK_SetUsbClockDivider
                0x080263d8       0x28 ./Libraries/XMCLib/src/xmc4_scu.o
                0x080263d8                XMC_SCU_CLOCK_SetUsbClockDivider
 .text.XMC_SCU_CLOCK_SetWdtClockDivider
                0x08026400       0x28 ./Libraries/XMCLib/src/xmc4_scu.o
                0x08026400                XMC_SCU_CLOCK_SetWdtClockDivider
 .text.XMC_SCU_CLOCK_SetECATClockDivider
                0x08026428       0x28 ./Libraries/XMCLib/src/xmc4_scu.o
                0x08026428                XMC_SCU_CLOCK_SetECATClockDivider
 .text.XMC_SCU_CLOCK_EnableClock
                0x08026450       0x20 ./Libraries/XMCLib/src/xmc4_scu.o
                0x08026450                XMC_SCU_CLOCK_EnableClock
 .text.XMC_SCU_CLOCK_UngatePeripheralClock
                0x08026470       0x38 ./Libraries/XMCLib/src/xmc4_scu.o
                0x08026470                XMC_SCU_CLOCK_UngatePeripheralClock
 .text.XMC_SCU_CLOCK_StartUsbPll
                0x080264a8       0x74 ./Libraries/XMCLib/src/xmc4_scu.o
                0x080264a8                XMC_SCU_CLOCK_StartUsbPll
 .text.XMC_SCU_CLOCK_SetBackupClockCalibrationMode
                0x0802651c       0x4c ./Libraries/XMCLib/src/xmc4_scu.o
                0x0802651c                XMC_SCU_CLOCK_SetBackupClockCalibrationMode
 .text.XMC_SCU_HIB_EnableHibernateDomain
                0x08026568       0x58 ./Libraries/XMCLib/src/xmc4_scu.o
                0x08026568                XMC_SCU_HIB_EnableHibernateDomain
 .text.XMC_SCU_CLOCK_EnableLowPowerOscillator
                0x080265c0       0x74 ./Libraries/XMCLib/src/xmc4_scu.o
                0x080265c0                XMC_SCU_CLOCK_EnableLowPowerOscillator
 .text.XMC_SCU_CLOCK_EnableHighPerformanceOscillator
                0x08026634       0x60 ./Libraries/XMCLib/src/xmc4_scu.o
                0x08026634                XMC_SCU_CLOCK_EnableHighPerformanceOscillator
 .text.XMC_SCU_CLOCK_EnableSystemPll
                0x08026694       0x20 ./Libraries/XMCLib/src/xmc4_scu.o
                0x08026694                XMC_SCU_CLOCK_EnableSystemPll
 .text.XMC_SCU_CLOCK_DisableSystemPll
                0x080266b4       0x20 ./Libraries/XMCLib/src/xmc4_scu.o
                0x080266b4                XMC_SCU_CLOCK_DisableSystemPll
 .text.XMC_SCU_CLOCK_StartSystemPll
                0x080266d4      0x1a0 ./Libraries/XMCLib/src/xmc4_scu.o
                0x080266d4                XMC_SCU_CLOCK_StartSystemPll
 .text.XMC_SCU_CLOCK_StepSystemPllFrequency
                0x08026874       0x2c ./Libraries/XMCLib/src/xmc4_scu.o
                0x08026874                XMC_SCU_CLOCK_StepSystemPllFrequency
 .text.XMC_CCU4_StartPrescaler
                0x080268a0       0x20 ./Libraries/XMCLib/src/xmc_ccu4.o
 .text.XMC_CCU4_lDeassertReset
                0x080268c0       0x38 ./Libraries/XMCLib/src/xmc_ccu4.o
 .text.XMC_CCU4_lUngateClock
                0x080268f8       0x38 ./Libraries/XMCLib/src/xmc_ccu4.o
 .text.XMC_CCU4_EnableModule
                0x08026930       0x20 ./Libraries/XMCLib/src/xmc_ccu4.o
                0x08026930                XMC_CCU4_EnableModule
 .text.XMC_CCU4_Init
                0x08026950       0x3c ./Libraries/XMCLib/src/xmc_ccu4.o
                0x08026950                XMC_CCU4_Init
 .text.XMC_CCU4_SLICE_CompareInit
                0x0802698c       0x6c ./Libraries/XMCLib/src/xmc_ccu4.o
                0x0802698c                XMC_CCU4_SLICE_CompareInit
 .text.XMC_CCU4_SLICE_SetInterruptNode
                0x080269f8       0xb0 ./Libraries/XMCLib/src/xmc_ccu4.o
                0x080269f8                XMC_CCU4_SLICE_SetInterruptNode
 .text.XMC_ECAT_Enable
                0x08026aa8       0x24 ./Libraries/XMCLib/src/xmc_ecat.o
                0x08026aa8                XMC_ECAT_Enable
 .text.XMC_ECAT_Init
                0x08026acc       0x78 ./Libraries/XMCLib/src/xmc_ecat.o
                0x08026acc                XMC_ECAT_Init
 .text.XMC_ECAT_DisableEvent
                0x08026b44       0x28 ./Libraries/XMCLib/src/xmc_ecat.o
                0x08026b44                XMC_ECAT_DisableEvent
 .text.XMC_ECAT_DisableSyncManChannel
                0x08026b6c       0x38 ./Libraries/XMCLib/src/xmc_ecat.o
                0x08026b6c                XMC_ECAT_DisableSyncManChannel
 .text.XMC_ERU_ETL_Init
                0x08026ba4       0x4c ./Libraries/XMCLib/src/xmc_eru.o
                0x08026ba4                XMC_ERU_ETL_Init
 .text.XMC_ERU_OGU_Init
                0x08026bf0       0x28 ./Libraries/XMCLib/src/xmc_eru.o
                0x08026bf0                XMC_ERU_OGU_Init
 .text.XMC_FCE_Init
                0x08026c18       0x2c ./Libraries/XMCLib/src/xmc_fce.o
                0x08026c18                XMC_FCE_Init
 .text.XMC_FCE_Enable
                0x08026c44       0x28 ./Libraries/XMCLib/src/xmc_fce.o
                0x08026c44                XMC_FCE_Enable
 .text.XMC_FCE_CalculateCRC32
                0x08026c6c       0x64 ./Libraries/XMCLib/src/xmc_fce.o
                0x08026c6c                XMC_FCE_CalculateCRC32
 .text.XMC_GPIO_SetMode
                0x08026cd0       0x80 ./Libraries/XMCLib/src/xmc_gpio.o
                0x08026cd0                XMC_GPIO_SetMode
 .text.XMC_GPIO_SetHardwareControl
                0x08026d50       0x44 ./Libraries/XMCLib/src/xmc_gpio.o
                0x08026d50                XMC_GPIO_SetHardwareControl
 .text._sbrk    0x08026d94       0x68 ./Libraries/Newlib/syscalls.o
                0x08026d94                _sbrk
 .text._init    0x08026dfc        0xc ./Libraries/Newlib/syscalls.o
                0x08026dfc                _init
 .text.XMC_CCU4_EnableClock
                0x08026e08       0x28 ./Dave/Generated/TIMER/timer.o
 .text.XMC_CCU4_SLICE_StartTimer
                0x08026e30       0x18 ./Dave/Generated/TIMER/timer.o
 .text.XMC_CCU4_SLICE_ClearTimer
                0x08026e48       0x20 ./Dave/Generated/TIMER/timer.o
 .text.XMC_CCU4_SLICE_SetTimerPeriodMatch
                0x08026e68       0x1c ./Dave/Generated/TIMER/timer.o
 .text.XMC_CCU4_SLICE_SetTimerCompareMatch
                0x08026e84       0x1c ./Dave/Generated/TIMER/timer.o
 .text.XMC_CCU4_EnableShadowTransfer
                0x08026ea0       0x1c ./Dave/Generated/TIMER/timer.o
 .text.XMC_CCU4_SLICE_EnableEvent
                0x08026ebc       0x2c ./Dave/Generated/TIMER/timer.o
 .text.TIMER_Init
                0x08026ee8       0x3c ./Dave/Generated/TIMER/timer.o
                0x08026ee8                TIMER_Init
 .text.TIMER_Start
                0x08026f24       0x3c ./Dave/Generated/TIMER/timer.o
                0x08026f24                TIMER_Start
 .text.TIMER_CCU4_lInit
                0x08026f60       0x98 ./Dave/Generated/TIMER/timer.o
                0x08026f60                TIMER_CCU4_lInit
 .text.TIMER_CCU4_lShadowTransfer
                0x08026ff8       0x3c ./Dave/Generated/TIMER/timer.o
                0x08026ff8                TIMER_CCU4_lShadowTransfer
 .text.NVIC_GetPriorityGrouping
                0x08027034       0x1c ./Dave/Generated/INTERRUPT/interrupt.o
 .text.NVIC_EnableIRQ
                0x08027050       0x30 ./Dave/Generated/INTERRUPT/interrupt.o
 .text.NVIC_SetPriority
                0x08027080       0x54 ./Dave/Generated/INTERRUPT/interrupt.o
 .text.NVIC_EncodePriority
                0x080270d4       0x64 ./Dave/Generated/INTERRUPT/interrupt.o
 .text.INTERRUPT_Enable
                0x08027138       0x1c ./Dave/Generated/INTERRUPT/interrupt.o
 .text.INTERRUPT_Init
                0x08027154       0x4c ./Dave/Generated/INTERRUPT/interrupt.o
                0x08027154                INTERRUPT_Init
 .text.XMC_CCU4_StartPrescaler
                0x080271a0       0x20 ./Dave/Generated/GLOBAL_CCU4/global_ccu4.o
 .text.GLOBAL_CCU4_Init
                0x080271c0       0x40 ./Dave/Generated/GLOBAL_CCU4/global_ccu4.o
                0x080271c0                GLOBAL_CCU4_Init
 .text.XMC_FLASH_SetMargin
                0x08027200       0x34 ./Dave/Generated/E_EEPROM_XMC4/e_eeprom_xmc4.o
 .text.XMC_FLASH_EnableDoubleBitErrorTrap
                0x08027234       0x28 ./Dave/Generated/E_EEPROM_XMC4/e_eeprom_xmc4.o
 .text.XMC_FLASH_DisableDoubleBitErrorTrap
                0x0802725c       0x28 ./Dave/Generated/E_EEPROM_XMC4/e_eeprom_xmc4.o
 .text.XMC_FCE_InitializeSeedValue
                0x08027284       0x1c ./Dave/Generated/E_EEPROM_XMC4/e_eeprom_xmc4.o
 .text.E_EEPROM_XMC4_Init
                0x080272a0       0xd4 ./Dave/Generated/E_EEPROM_XMC4/e_eeprom_xmc4.o
                0x080272a0                E_EEPROM_XMC4_Init
 .text.E_EEPROM_XMC4_WriteArray
                0x08027374       0x4c ./Dave/Generated/E_EEPROM_XMC4/e_eeprom_xmc4.o
                0x08027374                E_EEPROM_XMC4_WriteArray
 .text.E_EEPROM_XMC4_ReadArray
                0x080273c0       0x4c ./Dave/Generated/E_EEPROM_XMC4/e_eeprom_xmc4.o
                0x080273c0                E_EEPROM_XMC4_ReadArray
 .text.E_EEPROM_XMC4_UpdateFlashContents
                0x0802740c       0xa4 ./Dave/Generated/E_EEPROM_XMC4/e_eeprom_xmc4.o
                0x0802740c                E_EEPROM_XMC4_UpdateFlashContents
 .text.E_EEPROM_XMC4_IsFlashEmpty
                0x080274b0       0x28 ./Dave/Generated/E_EEPROM_XMC4/e_eeprom_xmc4.o
                0x080274b0                E_EEPROM_XMC4_IsFlashEmpty
 .text.E_EEPROM_XMC4_lWriteToFlash
                0x080274d8       0x78 ./Dave/Generated/E_EEPROM_XMC4/e_eeprom_xmc4.o
 .text.E_EEPROM_XMC4_lInitReadSectorInfo
                0x08027550       0xac ./Dave/Generated/E_EEPROM_XMC4/e_eeprom_xmc4.o
 .text.E_EEPROM_XMC4_lInitEraseStateMachine
                0x080275fc       0x80 ./Dave/Generated/E_EEPROM_XMC4/e_eeprom_xmc4.o
 .text.E_EEPROM_XMC4_lCalculateCRC
                0x0802767c       0x30 ./Dave/Generated/E_EEPROM_XMC4/e_eeprom_xmc4.o
 .text.E_EEPROM_XMC4_lCopyFlashToRam
                0x080276ac       0x4c ./Dave/Generated/E_EEPROM_XMC4/e_eeprom_xmc4.o
 .text.EVENT_GENERATOR_Init
                0x080276f8       0x48 ./Dave/Generated/EVENT_GENERATOR/event_generator.o
                0x080276f8                EVENT_GENERATOR_Init
 .text.EVENT_DETECTOR_Init
                0x08027740       0x3c ./Dave/Generated/EVENT_DETECTOR/event_detector.o
                0x08027740                EVENT_DETECTOR_Init
 .text.ECAT_SSC_Init
                0x0802777c       0xb4 ./Dave/Generated/ECAT_SSC/ecat_ssc.o
                0x0802777c                ECAT_SSC_Init
 .text.NVIC_GetPriorityGrouping
                0x08027830       0x1c ./Dave/Generated/ECAT_SSC/xmc_eschw.o
 .text.NVIC_EnableIRQ
                0x0802784c       0x30 ./Dave/Generated/ECAT_SSC/xmc_eschw.o
 .text.NVIC_SetPriority
                0x0802787c       0x54 ./Dave/Generated/ECAT_SSC/xmc_eschw.o
 .text.NVIC_EncodePriority
                0x080278d0       0x64 ./Dave/Generated/ECAT_SSC/xmc_eschw.o
 .text.XMC_ECAT_SetPortControl
                0x08027934       0x2c ./Dave/Generated/ECAT_SSC/xmc_eschw.o
 .text.HW_EscRead
                0x08027960       0x2c ./Dave/Generated/ECAT_SSC/xmc_eschw.o
 .text.HW_EscWrite
                0x0802798c       0x2c ./Dave/Generated/ECAT_SSC/xmc_eschw.o
 .text.ENABLE_ESC_INT
                0x080279b8        0xc ./Dave/Generated/ECAT_SSC/xmc_eschw.o
 .text.HW_Init  0x080279c4      0x3ac ./Dave/Generated/ECAT_SSC/xmc_eschw.o
                0x080279c4                HW_Init
 .text.HW_EepromWrite
                0x08027d70       0x8c ./Dave/Generated/ECAT_SSC/xmc_eschw.o
                0x08027d70                HW_EepromWrite
 .text.HW_EepromReload
                0x08027dfc       0x8c ./Dave/Generated/ECAT_SSC/xmc_eschw.o
                0x08027dfc                HW_EepromReload
 .text.ECAT0_0_IRQHandler
                0x08027e88        0xc ./Dave/Generated/ECAT_SSC/xmc_eschw.o
                0x08027e88                ECAT0_0_IRQHandler
 .text.CCU41_1_IRQHandler
                0x08027e94       0x18 ./Dave/Generated/ECAT_SSC/xmc_eschw.o
                0x08027e94                CCU41_1_IRQHandler
 .text.HW_GetTimer
                0x08027eac       0x18 ./Dave/Generated/ECAT_SSC/xmc_eschw.o
                0x08027eac                HW_GetTimer
 .text.NVIC_SetPriorityGrouping
                0x08027ec4       0x48 ./Dave/Generated/CPU_CTRL_XMC4/cpu_ctrl_xmc4_conf.o
 .text.SystemCoreSetup
                0x08027f0c       0xa0 ./Dave/Generated/CPU_CTRL_XMC4/cpu_ctrl_xmc4_conf.o
                0x08027f0c                SystemCoreSetup
 .text.CLOCK_XMC4_Init
                0x08027fac       0x20 ./Dave/Generated/CLOCK_XMC4/clock_xmc4.o
                0x08027fac                CLOCK_XMC4_Init
 .text.OSCHP_GetFrequency
                0x08027fcc       0x14 ./Dave/Generated/CLOCK_XMC4/clock_xmc4.o
                0x08027fcc                OSCHP_GetFrequency
 .text.XMC_SCU_CLOCK_SetECATClockSource
                0x08027fe0       0x28 ./Dave/Generated/CLOCK_XMC4/clock_xmc4_conf.o
 .text.SystemCoreClockSetup
                0x08028008       0x5c ./Dave/Generated/CLOCK_XMC4/clock_xmc4_conf.o
                0x08028008                SystemCoreClockSetup
 .text.DAVE_Init
                0x08028064       0xb0 ./Dave/Generated/DAVE.o
                0x08028064                DAVE_Init
 .text.XMC_GPIO_SetOutputHigh
                0x08028114       0x20 ./main.o
 .text.XMC_GPIO_EnableDigitalInput
                0x08028134       0x2c ./main.o
 .text.Init_ECAT_Adapt_LED
                0x08028160       0x30 ./main.o
                0x08028160                Init_ECAT_Adapt_LED
 .text.Init_Relax_Button
                0x08028190       0x1c ./main.o
                0x08028190                Init_Relax_Button
 .text.main     0x080281ac       0x28 ./main.o
                0x080281ac                main
 .text.ERU1_3_IRQHandler
                0x080281d4        0xc ./main.o
                0x080281d4                ERU1_3_IRQHandler
 .text.ERU1_0_IRQHandler
                0x080281e0        0xc ./main.o
                0x080281e0                ERU1_0_IRQHandler
 .text.__errno  0x080281ec        0xc c:/davev4-64bit/dave-4.3.2/eclipse/arm-gcc-49/bin/../lib/gcc/arm-none-eabi/4.9.3/../../../../arm-none-eabi/lib/armv7e-m/softfp\libg_nano.a(lib_a-errno.o)
                0x080281ec                __errno
 .text.__libc_init_array
                0x080281f8       0x4c c:/davev4-64bit/dave-4.3.2/eclipse/arm-gcc-49/bin/../lib/gcc/arm-none-eabi/4.9.3/../../../../arm-none-eabi/lib/armv7e-m/softfp\libg_nano.a(lib_a-init.o)
                0x080281f8                __libc_init_array
 .text.malloc   0x08028244       0x10 c:/davev4-64bit/dave-4.3.2/eclipse/arm-gcc-49/bin/../lib/gcc/arm-none-eabi/4.9.3/../../../../arm-none-eabi/lib/armv7e-m/softfp\libg_nano.a(lib_a-malloc.o)
                0x08028244                malloc
 .text.free     0x08028254       0x10 c:/davev4-64bit/dave-4.3.2/eclipse/arm-gcc-49/bin/../lib/gcc/arm-none-eabi/4.9.3/../../../../arm-none-eabi/lib/armv7e-m/softfp\libg_nano.a(lib_a-malloc.o)
                0x08028254                free
 .text.memcpy   0x08028264       0x16 c:/davev4-64bit/dave-4.3.2/eclipse/arm-gcc-49/bin/../lib/gcc/arm-none-eabi/4.9.3/../../../../arm-none-eabi/lib/armv7e-m/softfp\libg_nano.a(lib_a-memcpy.o)
                0x08028264                memcpy
 .text.memset   0x0802827a       0x10 c:/davev4-64bit/dave-4.3.2/eclipse/arm-gcc-49/bin/../lib/gcc/arm-none-eabi/4.9.3/../../../../arm-none-eabi/lib/armv7e-m/softfp\libg_nano.a(lib_a-memset.o)
                0x0802827a                memset
 *fill*         0x0802828a        0x2 
 .text._free_r  0x0802828c       0x88 c:/davev4-64bit/dave-4.3.2/eclipse/arm-gcc-49/bin/../lib/gcc/arm-none-eabi/4.9.3/../../../../arm-none-eabi/lib/armv7e-m/softfp\libg_nano.a(lib_a-nano-freer.o)
                0x0802828c                _free_r
 .text._malloc_r
                0x08028314       0xac c:/davev4-64bit/dave-4.3.2/eclipse/arm-gcc-49/bin/../lib/gcc/arm-none-eabi/4.9.3/../../../../arm-none-eabi/lib/armv7e-m/softfp\libg_nano.a(lib_a-nano-mallocr.o)
                0x08028314                _malloc_r
 .text._sbrk_r  0x080283c0       0x20 c:/davev4-64bit/dave-4.3.2/eclipse/arm-gcc-49/bin/../lib/gcc/arm-none-eabi/4.9.3/../../../../arm-none-eabi/lib/armv7e-m/softfp\libg_nano.a(lib_a-sbrkr.o)
                0x080283c0                _sbrk_r
 .text.strlen   0x080283e0       0x10 c:/davev4-64bit/dave-4.3.2/eclipse/arm-gcc-49/bin/../lib/gcc/arm-none-eabi/4.9.3/../../../../arm-none-eabi/lib/armv7e-m/softfp\libg_nano.a(lib_a-strlen.o)
                0x080283e0                strlen
 *(.init)
 *(.fini)
 *crtbegin.o(.ctors)
 *crtbegin?.o(.ctors)
 *(EXCLUDE_FILE(*crtend.o *crtend?.o) .ctors)
 *(SORT(.ctors.*))
 *(.ctors)
 *crtbegin.o(.dtors)
 *crtbegin?.o(.dtors)
 *(EXCLUDE_FILE(*crtend.o *crtend?.o) .dtors)
 *(SORT(.dtors.*))
 *(.dtors)
 *(.rodata .rodata.*)
 .rodata.asEntryDesc0x1600
                0x080283f0       0x18 ./SSC/Src/coeappl.o
                0x080283f0                asEntryDesc0x1600
 .rodata.aName0x1600
                0x08028408       0x48 ./SSC/Src/coeappl.o
                0x08028408                aName0x1600
 .rodata.asEntryDesc0x1A00
                0x08028450       0x20 ./SSC/Src/coeappl.o
                0x08028450                asEntryDesc0x1A00
 .rodata.aName0x1A00
                0x08028470       0x58 ./SSC/Src/coeappl.o
                0x08028470                aName0x1A00
 .rodata.asEntryDesc0x1C12
                0x080284c8        0xc ./SSC/Src/coeappl.o
                0x080284c8                asEntryDesc0x1C12
 .rodata.aName0x1C12
                0x080284d4       0x1c ./SSC/Src/coeappl.o
                0x080284d4                aName0x1C12
 .rodata.asEntryDesc0x1C13
                0x080284f0        0xc ./SSC/Src/coeappl.o
                0x080284f0                asEntryDesc0x1C13
 .rodata.aName0x1C13
                0x080284fc       0x1c ./SSC/Src/coeappl.o
                0x080284fc                aName0x1C13
 .rodata.asEntryDesc0x6000
                0x08028518       0x20 ./SSC/Src/coeappl.o
                0x08028518                asEntryDesc0x6000
 .rodata.aName0x6000
                0x08028538       0x38 ./SSC/Src/coeappl.o
                0x08028538                aName0x6000
 .rodata.asEntryDesc0x7000
                0x08028570       0x18 ./SSC/Src/coeappl.o
                0x08028570                asEntryDesc0x7000
 .rodata.aName0x7000
                0x08028588       0x1c ./SSC/Src/coeappl.o
                0x08028588                aName0x7000
 .rodata.sEntryDesc0x1000
                0x080285a4        0x8 ./SSC/Src/coeappl.o
                0x080285a4                sEntryDesc0x1000
 .rodata.aName0x1000
                0x080285ac        0xc ./SSC/Src/coeappl.o
                0x080285ac                aName0x1000
 .rodata.sEntryDesc0x1001
                0x080285b8        0x8 ./SSC/Src/coeappl.o
                0x080285b8                sEntryDesc0x1001
 .rodata.aName0x1001
                0x080285c0       0x10 ./SSC/Src/coeappl.o
                0x080285c0                aName0x1001
 .rodata.sEntryDesc0x1008
                0x080285d0        0x8 ./SSC/Src/coeappl.o
                0x080285d0                sEntryDesc0x1008
 .rodata.aName0x1008
                0x080285d8        0xc ./SSC/Src/coeappl.o
                0x080285d8                aName0x1008
 .rodata.sEntryDesc0x1009
                0x080285e4        0x8 ./SSC/Src/coeappl.o
                0x080285e4                sEntryDesc0x1009
 .rodata.aName0x1009
                0x080285ec       0x14 ./SSC/Src/coeappl.o
                0x080285ec                aName0x1009
 .rodata.sEntryDesc0x100A
                0x08028600        0x8 ./SSC/Src/coeappl.o
                0x08028600                sEntryDesc0x100A
 .rodata.aName0x100A
                0x08028608       0x14 ./SSC/Src/coeappl.o
                0x08028608                aName0x100A
 .rodata.asEntryDesc0x1018
                0x0802861c       0x20 ./SSC/Src/coeappl.o
                0x0802861c                asEntryDesc0x1018
 .rodata.aName0x1018
                0x0802863c       0x3c ./SSC/Src/coeappl.o
                0x0802863c                aName0x1018
 .rodata.asEntryDesc0x10F1
                0x08028678       0x14 ./SSC/Src/coeappl.o
                0x08028678                asEntryDesc0x10F1
 .rodata.aName0x10F1
                0x0802868c       0x40 ./SSC/Src/coeappl.o
                0x0802868c                aName0x10F1
 .rodata.asEntryDesc0x1C00
                0x080286cc        0xc ./SSC/Src/coeappl.o
                0x080286cc                asEntryDesc0x1C00
 .rodata.aName0x1C00
                0x080286d8       0x14 ./SSC/Src/coeappl.o
                0x080286d8                aName0x1C00
 .rodata.asEntryDesc0x1C3x
                0x080286ec       0xc8 ./SSC/Src/coeappl.o
                0x080286ec                asEntryDesc0x1C3x
 .rodata.aName0x1C32
                0x080287b4      0x100 ./SSC/Src/coeappl.o
                0x080287b4                aName0x1C32
 .rodata.aName0x1C33
                0x080288b4      0x100 ./SSC/Src/coeappl.o
                0x080288b4                aName0x1C33
 .rodata.cBitMask
                0x080289b4       0x20 ./SSC/Src/objdef.o
                0x080289b4                cBitMask
 .rodata.cAbortCode
                0x080289d4       0x78 ./SSC/Src/sdoserv.o
                0x080289d4                cAbortCode
 .rodata.INT_SYNC1
                0x08028a4c        0x4 ./Dave/Generated/INTERRUPT/interrupt_conf.o
                0x08028a4c                INT_SYNC1
 .rodata.INT_SYNC0
                0x08028a50        0x4 ./Dave/Generated/INTERRUPT/interrupt_conf.o
                0x08028a50                INT_SYNC0
 .rodata.INTERRUPT_2
                0x08028a54        0x4 ./Dave/Generated/INTERRUPT/interrupt_conf.o
                0x08028a54                INTERRUPT_2
 .rodata.e_eeprom_xmc4_fce
                0x08028a58        0xc ./Dave/Generated/E_EEPROM_XMC4/e_eeprom_xmc4.o
 .rodata.EG_SYNC0_OGU_Config
                0x08028a64        0x4 ./Dave/Generated/EVENT_GENERATOR/event_generator_conf.o
                0x08028a64                EG_SYNC0_OGU_Config
 .rodata.EG_SYNC1_OGU_Config
                0x08028a68        0x4 ./Dave/Generated/EVENT_GENERATOR/event_generator_conf.o
                0x08028a68                EG_SYNC1_OGU_Config
 .rodata.ED_SYNC0_ETL_Config
                0x08028a6c        0x8 ./Dave/Generated/EVENT_DETECTOR/event_detector_conf.o
                0x08028a6c                ED_SYNC0_ETL_Config
 .rodata.ED_SYNC1_ETL_Config
                0x08028a74        0x8 ./Dave/Generated/EVENT_DETECTOR/event_detector_conf.o
                0x08028a74                ED_SYNC1_ETL_Config
 .rodata.ECAT_SSC_0
                0x08028a7c        0xc ./Dave/Generated/ECAT_SSC/ecat_ssc_conf.o
                0x08028a7c                ECAT_SSC_0
 .rodata        0x08028a88       0x14 ./Dave/Generated/CLOCK_XMC4/clock_xmc4_conf.o
 .rodata.str1.1
                0x08028a9c        0x2 c:/davev4-64bit/dave-4.3.2/eclipse/arm-gcc-49/bin/../lib/gcc/arm-none-eabi/4.9.3/../../../../arm-none-eabi/lib/armv7e-m/softfp\libg_nano.a(lib_a-impure.o)
 *(.gnu.linkonce.r*)
                0x08028aa0                . = ALIGN (0x4)
 *fill*         0x08028a9e        0x2 

.glue_7         0x08028aa0        0x0 load address 0x0c028aa0
 .glue_7        0x00000000        0x0 linker stubs

.glue_7t        0x08028aa0        0x0 load address 0x0c028aa0
 .glue_7t       0x00000000        0x0 linker stubs

.vfp11_veneer   0x08028aa0        0x0 load address 0x0c028aa0
 .vfp11_veneer  0x00000000        0x0 linker stubs

.v4_bx          0x08028aa0        0x0 load address 0x0c028aa0
 .v4_bx         0x00000000        0x0 linker stubs

.iplt           0x08028aa0        0x0 load address 0x0c028aa0
 .iplt          0x00000000        0x0 ./Startup/startup_XMC4300.o

.rel.dyn        0x08028aa0        0x0 load address 0x0c028aa0
 .rel.iplt      0x00000000        0x0 ./Startup/startup_XMC4300.o

.ARM.extab
 *(.ARM.extab* .gnu.linkonce.armextab.*)
                0x08028aa0                __exidx_start = .

.ARM.exidx
 *(.ARM.exidx* .gnu.linkonce.armexidx.*)
                0x08028aa0                __exidx_end = .

Stack           0x1fff0000      0x800
                0x1fff0000                __stack_start = .
                0x1fff0800                . = (. + stack_size)
 *fill*         0x1fff0000      0x800 
                0x1fff0800                __stack_end = .
                0x1fff0800                __initial_sp = .

.ram_code       0x1fff0800        0x0 load address 0x0c028aa0
                0x1fff0800                . = ALIGN (0x4)
                0x1fff0800                __ram_code_start = .
 *(.ram_code)
                0x1fff0800                . = ALIGN (0x4)
                0x1fff0800                __ram_code_end = .
                0x0c028aa0                __ram_code_load = LOADADDR (.ram_code)
                0x00000000                __ram_code_size = (__ram_code_end - __ram_code_start)

.data           0x1fff0800      0xc64 load address 0x0c028aa0
                0x1fff0800                . = ALIGN (0x4)
                0x1fff0800                __data_start = .
 *(.data)
 *(.data*)
 .data.DataOutProcessDataMapping0x1600
                0x1fff0800       0x10 ./SSC/Src/XMC_ESC.o
                0x1fff0800                DataOutProcessDataMapping0x1600
 .data.DataInputProcessDataMapping0x1A00
                0x1fff0810       0x14 ./SSC/Src/XMC_ESC.o
                0x1fff0810                DataInputProcessDataMapping0x1A00
 .data.sRxPDOassign
                0x1fff0824        0x4 ./SSC/Src/XMC_ESC.o
                0x1fff0824                sRxPDOassign
 .data.sTxPDOassign
                0x1fff0828        0x4 ./SSC/Src/XMC_ESC.o
                0x1fff0828                sTxPDOassign
 .data.DataInput0x6000
                0x1fff082c       0x14 ./SSC/Src/XMC_ESC.o
                0x1fff082c                DataInput0x6000
 .data.DataOut0x7000
                0x1fff0840       0x10 ./SSC/Src/XMC_ESC.o
                0x1fff0840                DataOut0x7000
 .data.ApplicationObjDic
                0x1fff0850      0x118 ./SSC/Src/coeappl.o
                0x1fff0850                ApplicationObjDic
 .data.u32Devicetype
                0x1fff0968        0x4 ./SSC/Src/coeappl.o
                0x1fff0968                u32Devicetype
 .data.acDevicename
                0x1fff096c        0x8 ./SSC/Src/coeappl.o
                0x1fff096c                acDevicename
 .data.acHardwareversion
                0x1fff0974        0x4 ./SSC/Src/coeappl.o
                0x1fff0974                acHardwareversion
 .data.acSoftwareversion
                0x1fff0978        0x8 ./SSC/Src/coeappl.o
                0x1fff0978                acSoftwareversion
 .data.sIdentity
                0x1fff0980       0x14 ./SSC/Src/coeappl.o
                0x1fff0980                sIdentity
 .data.sSyncmanagertype
                0x1fff0994        0x8 ./SSC/Src/coeappl.o
                0x1fff0994                sSyncmanagertype
 .data.GenObjDic
                0x1fff099c      0x1b8 ./SSC/Src/coeappl.o
                0x1fff099c                GenObjDic
 .data.aEepromData
                0x1fff0b54      0x800 ./SSC/Src/ecatappl.o
                0x1fff0b54                aEepromData
 .data.sErrorSettings
                0x1fff1354        0xc ./SSC/Src/objdef.o
                0x1fff1354                sErrorSettings
 .data.aSubindexDesc
                0x1fff1360       0x10 ./SSC/Src/objdef.o
                0x1fff1360                aSubindexDesc
 .data.TIMER_0_config
                0x1fff1370        0x8 ./Dave/Generated/TIMER/timer_conf.o
                0x1fff1370                TIMER_0_config
 .data.TIMER_0  0x1fff1378       0x28 ./Dave/Generated/TIMER/timer_conf.o
                0x1fff1378                TIMER_0
 .data.GLOBAL_CCU4_0
                0x1fff13a0       0x10 ./Dave/Generated/GLOBAL_CCU4/global_ccu4_conf.o
                0x1fff13a0                GLOBAL_CCU4_0
 .data.e_eeprom_xmc4_sector_info
                0x1fff13b0       0x10 ./Dave/Generated/E_EEPROM_XMC4/e_eeprom_xmc4.o
 .data.EG_SYNC0
                0x1fff13c0       0x10 ./Dave/Generated/EVENT_GENERATOR/event_generator_conf.o
                0x1fff13c0                EG_SYNC0
 .data.EG_SYNC1
                0x1fff13d0       0x10 ./Dave/Generated/EVENT_GENERATOR/event_generator_conf.o
                0x1fff13d0                EG_SYNC1
 .data.ED_SYNC0
                0x1fff13e0       0x10 ./Dave/Generated/EVENT_DETECTOR/event_detector_conf.o
                0x1fff13e0                ED_SYNC0
 .data.ED_SYNC1
                0x1fff13f0       0x10 ./Dave/Generated/EVENT_DETECTOR/event_detector_conf.o
                0x1fff13f0                ED_SYNC1
 .data.impure_data
                0x1fff1400       0x60 c:/davev4-64bit/dave-4.3.2/eclipse/arm-gcc-49/bin/../lib/gcc/arm-none-eabi/4.9.3/../../../../arm-none-eabi/lib/armv7e-m/softfp\libg_nano.a(lib_a-impure.o)
 .data._impure_ptr
                0x1fff1460        0x4 c:/davev4-64bit/dave-4.3.2/eclipse/arm-gcc-49/bin/../lib/gcc/arm-none-eabi/4.9.3/../../../../arm-none-eabi/lib/armv7e-m/softfp\libg_nano.a(lib_a-impure.o)
                0x1fff1460                _impure_ptr
 *(*.data)
 *(.gnu.linkonce.d*)
                0x1fff1464                . = ALIGN (0x4)
                0x1fff1464                PROVIDE (__preinit_array_start, .)
 *(.preinit_array)
                0x1fff1464                PROVIDE (__preinit_array_end, .)
                0x1fff1464                . = ALIGN (0x4)
                0x1fff1464                PROVIDE (__init_array_start, .)
 *(SORT(.init_array.*))
 *(.init_array)
                0x1fff1464                PROVIDE (__init_array_end, .)
                0x1fff1464                . = ALIGN (0x4)
                0x1fff1464                PROVIDE (__fini_array_start, .)
 *(SORT(.fini_array.*))
 *(.fini_array)
                0x1fff1464                PROVIDE (__fini_array_end, .)
                0x1fff1464                . = ALIGN (0x4)
                0x1fff1464                __data_end = .
                0x0c028aa0                __data_load = LOADADDR (.data)
                0x00000c64                __data_size = (__data_end - __data_start)

.igot.plt       0x1fff1464        0x0 load address 0x0c029704
 .igot.plt      0x00000000        0x0 ./Startup/startup_XMC4300.o

.bss            0x1fff1464     0x149c load address 0x0c029704
                0x1fff1464                . = ALIGN (0x4)
                0x1fff1464                __bss_start = .
 *(.bss)
 *(.bss*)
 .bss.u16ErrorRegister
                0x1fff1464        0x2 ./SSC/Src/coeappl.o
                0x1fff1464                u16ErrorRegister
 *fill*         0x1fff1466        0x2 
 .bss.ObjDicList
                0x1fff1468        0x4 ./SSC/Src/coeappl.o
                0x1fff1468                ObjDicList
 .bss.bInitFinished
                0x1fff146c        0x1 ./SSC/Src/ecatappl.o
                0x1fff146c                bInitFinished
 .bss.SMActivate
                0x1fff146d        0x1 ./SSC/Src/ecatslv.o
                0x1fff146d                SMActivate
 .bss.EepromLoaded
                0x1fff146e        0x1 ./SSC/Src/ecatslv.o
                0x1fff146e                EepromLoaded
 .bss.bSdoInWork
                0x1fff146f        0x1 ./SSC/Src/sdoserv.o
                0x1fff146f                bSdoInWork
 .bss.heap_ptr.4327
                0x1fff1470        0x4 ./Libraries/Newlib/syscalls.o
 .bss.e_eeprom_xmc4_data_buffer
                0x1fff1474     0x1000 ./Dave/Generated/E_EEPROM_XMC4/e_eeprom_xmc4.o
 .bss.E_EEPROM_XMC4_0
                0x1fff2474        0x4 ./Dave/Generated/E_EEPROM_XMC4/e_eeprom_xmc4_conf.o
                0x1fff2474                E_EEPROM_XMC4_0
 .bss.ticks     0x1fff2478        0x4 ./Dave/Generated/ECAT_SSC/xmc_eschw.o
 .bss.CLOCK_XMC4_0
                0x1fff247c        0x4 ./Dave/Generated/CLOCK_XMC4/clock_xmc4_conf.o
                0x1fff247c                CLOCK_XMC4_0
 .bss.__malloc_sbrk_start
                0x1fff2480        0x4 c:/davev4-64bit/dave-4.3.2/eclipse/arm-gcc-49/bin/../lib/gcc/arm-none-eabi/4.9.3/../../../../arm-none-eabi/lib/armv7e-m/softfp\libg_nano.a(lib_a-nano-mallocr.o)
                0x1fff2480                __malloc_sbrk_start
 .bss.__malloc_free_list
                0x1fff2484        0x4 c:/davev4-64bit/dave-4.3.2/eclipse/arm-gcc-49/bin/../lib/gcc/arm-none-eabi/4.9.3/../../../../arm-none-eabi/lib/armv7e-m/softfp\libg_nano.a(lib_a-nano-mallocr.o)
                0x1fff2484                __malloc_free_list
 *(COMMON)
 COMMON         0x1fff2488       0xae ./SSC/Src/ecatappl.o
                0x1fff2488                StartTimerCnt
                0x1fff248c                bCycleTimeMeasurementStarted
                0x1fff2490                pAPPL_EEPROM_Read
                0x1fff2494                pAPPL_EEPROM_Write
                0x1fff2498                bRunApplication
                0x1fff2499                bEcatWaitForInputUpdate
                0x1fff249c                aPdOutputData
                0x1fff24e0                bEtherCATErrorLed
                0x1fff24e4                aPdInputData
                0x1fff2528                pEEPROM
                0x1fff252c                bEtherCATRunLed
                0x1fff2530                pAPPL_EEPROM_Reload
                0x1fff2534                u16BusCycleCntMs
 *fill*         0x1fff2536        0x2 
 COMMON         0x1fff2538        0x4 ./SSC/Src/ecatcoe.o
                0x1fff2538                pCoeSendStored
 COMMON         0x1fff253c       0x4a ./SSC/Src/ecatslv.o
                0x1fff253c                b3BufferMode
                0x1fff253e                nEcatStateTrans
                0x1fff2540                bApplEsmPending
                0x1fff2541                nAlStatus
                0x1fff2542                nPdOutputSize
                0x1fff2544                u16LocalErrorCode
                0x1fff2546                Sync0WdCounter
                0x1fff2548                bLocalErrorFlag
                0x1fff254a                LatchInputSync0Counter
                0x1fff254c                i16WaitForPllRunningCnt
                0x1fff254e                nEscAddrOutputData
                0x1fff2550                Sync0WdValue
                0x1fff2552                u8EcatRunLed
                0x1fff2554                i16WaitForPllRunningTimeout
                0x1fff2556                Sync1WdValue
                0x1fff2558                u8dummy
                0x1fff255a                u16ALEventMask
                0x1fff255c                bDcRunning
                0x1fff2560                SyncManInfo
                0x1fff2568                LatchInputSync0Value
                0x1fff256a                bEcatWaitForAlControlRes
                0x1fff256c                nPdInputSize
                0x1fff256e                u16SmSync0Value
                0x1fff2570                nMaxEscAddress
                0x1fff2572                bEcatFirstOutputsReceived
                0x1fff2573                bSmSyncSequenceValid
                0x1fff2574                EsmTimeoutCounter
                0x1fff2576                bDcSyncActive
                0x1fff2577                bEcatOutputUpdateRunning
                0x1fff2578                Sync1WdCounter
                0x1fff257a                EcatWdValue
                0x1fff257c                bEcatInputUpdateRunning
                0x1fff257d                bEscIntEnabled
                0x1fff257e                bWdTrigger
                0x1fff2580                u16SmSync0Counter
                0x1fff2582                nMaxSyncMan
                0x1fff2583                u8EcatErrorLed
                0x1fff2584                nEscAddrInputData
 *fill*         0x1fff2586        0x2 
 COMMON         0x1fff2588      0x294 ./SSC/Src/mailbox.o
                0x1fff2588                asMbx
                0x1fff2788                u8MbxReadCounter
                0x1fff278c                sMbxSendQueue
                0x1fff27c0                sMbxReceiveQueue
                0x1fff27f4                bNoMbxMemoryAvailable
                0x1fff27f5                bSendMbxIsFull
                0x1fff27f6                bMbxRunning
                0x1fff27f8                u16EscAddrReceiveMbx
                0x1fff27fc                psStoreMbx
                0x1fff2800                u16SendMbxSize
                0x1fff2804                psReadMbx
                0x1fff2808                bReceiveMbxIsLocked
                0x1fff280a                u16EscAddrSendMbx
                0x1fff280c                psWriteMbx
                0x1fff2810                u8MbxWriteCounter
                0x1fff2811                u8MailboxSendReqStored
                0x1fff2812                u16ReceiveMbxSize
                0x1fff2814                bMbxRepeatToggle
                0x1fff2818                psRepeatMbx
 COMMON         0x1fff281c       0x8e ./SSC/Src/objdef.o
                0x1fff281c                sSyncManInPar
                0x1fff2860                sSyncManOutPar
                0x1fff28a4                bSyncSetByUser
                0x1fff28a8                sCycleDiag
 *fill*         0x1fff28aa        0x2 
 COMMON         0x1fff28ac       0x4d ./SSC/Src/sdoserv.o
                0x1fff28ac                nSdoInfoIndex
                0x1fff28b0                pStoreData
                0x1fff28b4                nSdoSegBytesToHandle
                0x1fff28b8                bSdoSegAccess
                0x1fff28b9                bSdoSegFollows
                0x1fff28bc                nSdoSegCompleteSize
                0x1fff28c0                pSdoPendFunc
                0x1fff28c4                u8PendingSdo
                0x1fff28c5                bStoreCompleteAccess
                0x1fff28c6                bSdoSegLastToggle
                0x1fff28c7                nSdoSegService
                0x1fff28c8                pSdoInfoObjEntry
                0x1fff28cc                nSdoInfoFragmentsLeft
                0x1fff28d0                pSdoResStored
                0x1fff28d4                u32StoreDataSize
                0x1fff28d8                pSdoSegData
                0x1fff28dc                nSdoSegIndex
                0x1fff28e0                aSdoInfoHeader
                0x1fff28f0                pSdoSegObjEntry
                0x1fff28f4                nSdoSegSubindex
                0x1fff28f6                u16StoreIndex
                0x1fff28f8                u8StoreSubindex
 *fill*         0x1fff28f9        0x3 
 COMMON         0x1fff28fc        0x4 c:/davev4-64bit/dave-4.3.2/eclipse/arm-gcc-49/bin/../lib/gcc/arm-none-eabi/4.9.3/../../../../arm-none-eabi/lib/armv7e-m/softfp\libg_nano.a(lib_a-reent.o)
                0x1fff28fc                errno
 *(.gnu.linkonce.b*)
                0x1fff2900                . = ALIGN (0x4)
                0x1fff2900                __bss_end = .
                0x0000149c                __bss_size = (__bss_end - __bss_start)
                0x0000d700                __shift_loc = (__bss_end >= ORIGIN (DSRAM_1_system))?0x0:(ORIGIN (DSRAM_1_system) - __bss_end)

USB_RAM         0x20000000        0x0
                0x20000000                . = ALIGN (0x4)
                0x20000000                USB_RAM_start = .
 *(USB_RAM)
                0x20000000                . = ALIGN (0x4)
                0x20000000                USB_RAM_end = .
                0x00000000                USB_RAM_size = (USB_RAM_end - USB_RAM_start)

ETH_RAM         0x20000000        0x0
                0x20000000                . = ALIGN (0x4)
                0x20000000                ETH_RAM_start = .
 *(ETH_RAM)
                0x20000000                . = ALIGN (0x4)
                0x20000000                ETH_RAM_end = .
                0x20000000                . = ALIGN (0x8)
                0x20000000                Heap_Bank1_Start = .
                0x00000000                ETH_RAM_size = (ETH_RAM_end - ETH_RAM_start)

.no_init        0x2000ffc0       0x14
                0x2000ffc0                Heap_Bank1_End = .
 *(.no_init)
 .no_init       0x2000ffc0       0x14 ./Startup/system_XMC4300.o
                0x2000ffc0                SystemCoreClock
                0x2000ffc4                g_chipid
                0x0000ffc0                Heap_Bank1_Size = (Heap_Bank1_End - Heap_Bank1_Start)
                0x00000001                ASSERT ((Heap_Bank1_Start <= Heap_Bank1_End), region SRAM_combined overflowed no_init section)

/DISCARD/
 *(.comment)

.stab
 *(.stab)

.stabstr
 *(.stabstr)

.debug
 *(.debug)

.line
 *(.line)

.debug_srcinfo
 *(.debug_srcinfo)

.debug_sfnames
 *(.debug_sfnames)

.debug_aranges  0x00000000     0x10c0
 *(.debug_aranges)
 .debug_aranges
                0x00000000       0x20 ./Startup/startup_XMC4300.o
 .debug_aranges
                0x00000020       0x48 ./Startup/system_XMC4300.o
 .debug_aranges
                0x00000068       0x70 ./SSC/Src/XMC_ESC.o
 .debug_aranges
                0x000000d8       0x58 ./SSC/Src/coeappl.o
 .debug_aranges
                0x00000130       0xc8 ./SSC/Src/ecatappl.o
 .debug_aranges
                0x000001f8       0x30 ./SSC/Src/ecatcoe.o
 .debug_aranges
                0x00000228       0xf0 ./SSC/Src/ecatslv.o
 .debug_aranges
                0x00000318       0xa0 ./SSC/Src/mailbox.o
 .debug_aranges
                0x000003b8       0x78 ./SSC/Src/objdef.o
 .debug_aranges
                0x00000430       0x48 ./SSC/Src/sdoserv.o
 .debug_aranges
                0x00000478       0x28 ./Libraries/XMCLib/src/xmc4_eru.o
 .debug_aranges
                0x000004a0       0xe0 ./Libraries/XMCLib/src/xmc4_flash.o
 .debug_aranges
                0x00000580       0x28 ./Libraries/XMCLib/src/xmc4_gpio.o
 .debug_aranges
                0x000005a8      0x390 ./Libraries/XMCLib/src/xmc4_scu.o
 .debug_aranges
                0x00000938      0x138 ./Libraries/XMCLib/src/xmc_ccu4.o
 .debug_aranges
                0x00000a70       0x70 ./Libraries/XMCLib/src/xmc_ecat.o
 .debug_aranges
                0x00000ae0       0x88 ./Libraries/XMCLib/src/xmc_eru.o
 .debug_aranges
                0x00000b68       0x60 ./Libraries/XMCLib/src/xmc_fce.o
 .debug_aranges
                0x00000bc8       0x28 ./Libraries/XMCLib/src/xmc_gpio.o
 .debug_aranges
                0x00000bf0       0x28 ./Libraries/Newlib/syscalls.o
 .debug_aranges
                0x00000c18       0xd8 ./Dave/Generated/TIMER/timer.o
 .debug_aranges
                0x00000cf0       0x18 ./Dave/Generated/TIMER/timer_conf.o
 .debug_aranges
                0x00000d08       0x50 ./Dave/Generated/INTERRUPT/interrupt.o
 .debug_aranges
                0x00000d58       0x18 ./Dave/Generated/INTERRUPT/interrupt_conf.o
 .debug_aranges
                0x00000d70       0x30 ./Dave/Generated/GLOBAL_CCU4/global_ccu4.o
 .debug_aranges
                0x00000da0       0x18 ./Dave/Generated/GLOBAL_CCU4/global_ccu4_conf.o
 .debug_aranges
                0x00000db8       0xa0 ./Dave/Generated/E_EEPROM_XMC4/e_eeprom_xmc4.o
 .debug_aranges
                0x00000e58       0x18 ./Dave/Generated/E_EEPROM_XMC4/e_eeprom_xmc4_conf.o
 .debug_aranges
                0x00000e70       0x28 ./Dave/Generated/EVENT_GENERATOR/event_generator.o
 .debug_aranges
                0x00000e98       0x18 ./Dave/Generated/EVENT_GENERATOR/event_generator_conf.o
 .debug_aranges
                0x00000eb0       0x28 ./Dave/Generated/EVENT_DETECTOR/event_detector.o
 .debug_aranges
                0x00000ed8       0x18 ./Dave/Generated/EVENT_DETECTOR/event_detector_conf.o
 .debug_aranges
                0x00000ef0       0x28 ./Dave/Generated/ECAT_SSC/ecat_ssc.o
 .debug_aranges
                0x00000f18       0x18 ./Dave/Generated/ECAT_SSC/ecat_ssc_conf.o
 .debug_aranges
                0x00000f30       0x98 ./Dave/Generated/ECAT_SSC/xmc_eschw.o
 .debug_aranges
                0x00000fc8       0x28 ./Dave/Generated/CPU_CTRL_XMC4/cpu_ctrl_xmc4_conf.o
 .debug_aranges
                0x00000ff0       0x38 ./Dave/Generated/CLOCK_XMC4/clock_xmc4.o
 .debug_aranges
                0x00001028       0x28 ./Dave/Generated/CLOCK_XMC4/clock_xmc4_conf.o
 .debug_aranges
                0x00001050       0x20 ./Dave/Generated/DAVE.o
 .debug_aranges
                0x00001070       0x50 ./main.o

.debug_pubnames
 *(.debug_pubnames)

.debug_pubtypes
 *(.debug_pubtypes)

.debug_info     0x00000000    0x18c6e
 *(.debug_info .gnu.linkonce.wi.*)
 .debug_info    0x00000000       0x7c ./Startup/startup_XMC4300.o
 .debug_info    0x0000007c      0x8e8 ./Startup/system_XMC4300.o
 .debug_info    0x00000964      0x691 ./SSC/Src/XMC_ESC.o
 .debug_info    0x00000ff5      0xdee ./SSC/Src/coeappl.o
 .debug_info    0x00001de3     0x16f0 ./SSC/Src/ecatappl.o
 .debug_info    0x000034d3      0x51e ./SSC/Src/ecatcoe.o
 .debug_info    0x000039f1     0x1ac8 ./SSC/Src/ecatslv.o
 .debug_info    0x000054b9     0x138d ./SSC/Src/mailbox.o
 .debug_info    0x00006846      0xd25 ./SSC/Src/objdef.o
 .debug_info    0x0000756b      0xe31 ./SSC/Src/sdoserv.o
 .debug_info    0x0000839c      0x51d ./Libraries/XMCLib/src/xmc4_eru.o
 .debug_info    0x000088b9      0x849 ./Libraries/XMCLib/src/xmc4_flash.o
 .debug_info    0x00009102      0x422 ./Libraries/XMCLib/src/xmc4_gpio.o
 .debug_info    0x00009524     0x2142 ./Libraries/XMCLib/src/xmc4_scu.o
 .debug_info    0x0000b666     0x15e3 ./Libraries/XMCLib/src/xmc_ccu4.o
 .debug_info    0x0000cc49     0x102d ./Libraries/XMCLib/src/xmc_ecat.o
 .debug_info    0x0000dc76      0xaaf ./Libraries/XMCLib/src/xmc_eru.o
 .debug_info    0x0000e725      0x712 ./Libraries/XMCLib/src/xmc_fce.o
 .debug_info    0x0000ee37      0x39d ./Libraries/XMCLib/src/xmc_gpio.o
 .debug_info    0x0000f1d4      0x11f ./Libraries/Newlib/syscalls.o
 .debug_info    0x0000f2f3      0xd78 ./Dave/Generated/TIMER/timer.o
 .debug_info    0x0001006b      0x820 ./Dave/Generated/TIMER/timer_conf.o
 .debug_info    0x0001088b      0x81e ./Dave/Generated/INTERRUPT/interrupt.o
 .debug_info    0x000110a9      0x337 ./Dave/Generated/INTERRUPT/interrupt_conf.o
 .debug_info    0x000113e0      0x373 ./Dave/Generated/GLOBAL_CCU4/global_ccu4.o
 .debug_info    0x00011753      0x273 ./Dave/Generated/GLOBAL_CCU4/global_ccu4_conf.o
 .debug_info    0x000119c6      0xa41 ./Dave/Generated/E_EEPROM_XMC4/e_eeprom_xmc4.o
 .debug_info    0x00012407       0xda ./Dave/Generated/E_EEPROM_XMC4/e_eeprom_xmc4_conf.o
 .debug_info    0x000124e1      0x545 ./Dave/Generated/EVENT_GENERATOR/event_generator.o
 .debug_info    0x00012a26      0x4dc ./Dave/Generated/EVENT_GENERATOR/event_generator_conf.o
 .debug_info    0x00012f02      0x59a ./Dave/Generated/EVENT_DETECTOR/event_detector.o
 .debug_info    0x0001349c      0x618 ./Dave/Generated/EVENT_DETECTOR/event_detector_conf.o
 .debug_info    0x00013ab4      0xae0 ./Dave/Generated/ECAT_SSC/ecat_ssc.o
 .debug_info    0x00014594      0xa21 ./Dave/Generated/ECAT_SSC/ecat_ssc_conf.o
 .debug_info    0x00014fb5     0x1cfe ./Dave/Generated/ECAT_SSC/xmc_eschw.o
 .debug_info    0x00016cb3      0x475 ./Dave/Generated/CPU_CTRL_XMC4/cpu_ctrl_xmc4_conf.o
 .debug_info    0x00017128      0x224 ./Dave/Generated/CLOCK_XMC4/clock_xmc4.o
 .debug_info    0x0001734c      0x573 ./Dave/Generated/CLOCK_XMC4/clock_xmc4_conf.o
 .debug_info    0x000178bf      0xf9a ./Dave/Generated/DAVE.o
 .debug_info    0x00018859      0x415 ./main.o

.debug_abbrev   0x00000000     0x4237
 *(.debug_abbrev)
 .debug_abbrev  0x00000000       0x14 ./Startup/startup_XMC4300.o
 .debug_abbrev  0x00000014      0x1a1 ./Startup/system_XMC4300.o
 .debug_abbrev  0x000001b5      0x1dc ./SSC/Src/XMC_ESC.o
 .debug_abbrev  0x00000391      0x1cf ./SSC/Src/coeappl.o
 .debug_abbrev  0x00000560      0x2b1 ./SSC/Src/ecatappl.o
 .debug_abbrev  0x00000811      0x166 ./SSC/Src/ecatcoe.o
 .debug_abbrev  0x00000977      0x2d6 ./SSC/Src/ecatslv.o
 .debug_abbrev  0x00000c4d      0x1fc ./SSC/Src/mailbox.o
 .debug_abbrev  0x00000e49      0x20b ./SSC/Src/objdef.o
 .debug_abbrev  0x00001054      0x242 ./SSC/Src/sdoserv.o
 .debug_abbrev  0x00001296      0x13b ./Libraries/XMCLib/src/xmc4_eru.o
 .debug_abbrev  0x000013d1      0x1c2 ./Libraries/XMCLib/src/xmc4_flash.o
 .debug_abbrev  0x00001593      0x11b ./Libraries/XMCLib/src/xmc4_gpio.o
 .debug_abbrev  0x000016ae      0x2c3 ./Libraries/XMCLib/src/xmc4_scu.o
 .debug_abbrev  0x00001971      0x1fc ./Libraries/XMCLib/src/xmc_ccu4.o
 .debug_abbrev  0x00001b6d      0x21d ./Libraries/XMCLib/src/xmc_ecat.o
 .debug_abbrev  0x00001d8a      0x1e8 ./Libraries/XMCLib/src/xmc_eru.o
 .debug_abbrev  0x00001f72      0x1a7 ./Libraries/XMCLib/src/xmc_fce.o
 .debug_abbrev  0x00002119      0x10c ./Libraries/XMCLib/src/xmc_gpio.o
 .debug_abbrev  0x00002225       0xbd ./Libraries/Newlib/syscalls.o
 .debug_abbrev  0x000022e2      0x22b ./Dave/Generated/TIMER/timer.o
 .debug_abbrev  0x0000250d      0x15a ./Dave/Generated/TIMER/timer_conf.o
 .debug_abbrev  0x00002667      0x1da ./Dave/Generated/INTERRUPT/interrupt.o
 .debug_abbrev  0x00002841       0x97 ./Dave/Generated/INTERRUPT/interrupt_conf.o
 .debug_abbrev  0x000028d8      0x16f ./Dave/Generated/GLOBAL_CCU4/global_ccu4.o
 .debug_abbrev  0x00002a47       0xfd ./Dave/Generated/GLOBAL_CCU4/global_ccu4_conf.o
 .debug_abbrev  0x00002b44      0x2a7 ./Dave/Generated/E_EEPROM_XMC4/e_eeprom_xmc4.o
 .debug_abbrev  0x00002deb       0x7a ./Dave/Generated/E_EEPROM_XMC4/e_eeprom_xmc4_conf.o
 .debug_abbrev  0x00002e65      0x1b8 ./Dave/Generated/EVENT_GENERATOR/event_generator.o
 .debug_abbrev  0x0000301d      0x16d ./Dave/Generated/EVENT_GENERATOR/event_generator_conf.o
 .debug_abbrev  0x0000318a      0x1a7 ./Dave/Generated/EVENT_DETECTOR/event_detector.o
 .debug_abbrev  0x00003331      0x15c ./Dave/Generated/EVENT_DETECTOR/event_detector_conf.o
 .debug_abbrev  0x0000348d      0x1b7 ./Dave/Generated/ECAT_SSC/ecat_ssc.o
 .debug_abbrev  0x00003644      0x167 ./Dave/Generated/ECAT_SSC/ecat_ssc_conf.o
 .debug_abbrev  0x000037ab      0x386 ./Dave/Generated/ECAT_SSC/xmc_eschw.o
 .debug_abbrev  0x00003b31      0x184 ./Dave/Generated/CPU_CTRL_XMC4/cpu_ctrl_xmc4_conf.o
 .debug_abbrev  0x00003cb5      0x10f ./Dave/Generated/CLOCK_XMC4/clock_xmc4.o
 .debug_abbrev  0x00003dc4      0x138 ./Dave/Generated/CLOCK_XMC4/clock_xmc4_conf.o
 .debug_abbrev  0x00003efc      0x1c7 ./Dave/Generated/DAVE.o
 .debug_abbrev  0x000040c3      0x174 ./main.o

.debug_line     0x00000000     0x89b4
 *(.debug_line)
 .debug_line    0x00000000       0x87 ./Startup/startup_XMC4300.o
 .debug_line    0x00000087      0x2e2 ./Startup/system_XMC4300.o
 .debug_line    0x00000369      0x2a7 ./SSC/Src/XMC_ESC.o
 .debug_line    0x00000610      0x27c ./SSC/Src/coeappl.o
 .debug_line    0x0000088c      0x577 ./SSC/Src/ecatappl.o
 .debug_line    0x00000e03      0x1af ./SSC/Src/ecatcoe.o
 .debug_line    0x00000fb2      0x963 ./SSC/Src/ecatslv.o
 .debug_line    0x00001915      0x48a ./SSC/Src/mailbox.o
 .debug_line    0x00001d9f      0x574 ./SSC/Src/objdef.o
 .debug_line    0x00002313      0x3a8 ./SSC/Src/sdoserv.o
 .debug_line    0x000026bb      0x247 ./Libraries/XMCLib/src/xmc4_eru.o
 .debug_line    0x00002902      0x4c4 ./Libraries/XMCLib/src/xmc4_flash.o
 .debug_line    0x00002dc6      0x1e7 ./Libraries/XMCLib/src/xmc4_gpio.o
 .debug_line    0x00002fad      0xcd2 ./Libraries/XMCLib/src/xmc4_scu.o
 .debug_line    0x00003c7f      0x5f7 ./Libraries/XMCLib/src/xmc_ccu4.o
 .debug_line    0x00004276      0x338 ./Libraries/XMCLib/src/xmc_ecat.o
 .debug_line    0x000045ae      0x2aa ./Libraries/XMCLib/src/xmc_eru.o
 .debug_line    0x00004858      0x34a ./Libraries/XMCLib/src/xmc_fce.o
 .debug_line    0x00004ba2      0x1d5 ./Libraries/XMCLib/src/xmc_gpio.o
 .debug_line    0x00004d77       0xbd ./Libraries/Newlib/syscalls.o
 .debug_line    0x00004e34      0x513 ./Dave/Generated/TIMER/timer.o
 .debug_line    0x00005347      0x2b0 ./Dave/Generated/TIMER/timer_conf.o
 .debug_line    0x000055f7      0x2d6 ./Dave/Generated/INTERRUPT/interrupt.o
 .debug_line    0x000058cd      0x1d1 ./Dave/Generated/INTERRUPT/interrupt_conf.o
 .debug_line    0x00005a9e      0x2db ./Dave/Generated/GLOBAL_CCU4/global_ccu4.o
 .debug_line    0x00005d79      0x24d ./Dave/Generated/GLOBAL_CCU4/global_ccu4_conf.o
 .debug_line    0x00005fc6      0x4a5 ./Dave/Generated/E_EEPROM_XMC4/e_eeprom_xmc4.o
 .debug_line    0x0000646b      0x16f ./Dave/Generated/E_EEPROM_XMC4/e_eeprom_xmc4_conf.o
 .debug_line    0x000065da      0x2b5 ./Dave/Generated/EVENT_GENERATOR/event_generator.o
 .debug_line    0x0000688f      0x23d ./Dave/Generated/EVENT_GENERATOR/event_generator_conf.o
 .debug_line    0x00006acc      0x23c ./Dave/Generated/EVENT_DETECTOR/event_detector.o
 .debug_line    0x00006d08      0x1c5 ./Dave/Generated/EVENT_DETECTOR/event_detector_conf.o
 .debug_line    0x00006ecd      0x445 ./Dave/Generated/ECAT_SSC/ecat_ssc.o
 .debug_line    0x00007312      0x3aa ./Dave/Generated/ECAT_SSC/ecat_ssc_conf.o
 .debug_line    0x000076bc      0x490 ./Dave/Generated/ECAT_SSC/xmc_eschw.o
 .debug_line    0x00007b4c      0x24e ./Dave/Generated/CPU_CTRL_XMC4/cpu_ctrl_xmc4_conf.o
 .debug_line    0x00007d9a      0x275 ./Dave/Generated/CLOCK_XMC4/clock_xmc4.o
 .debug_line    0x0000800f      0x26d ./Dave/Generated/CLOCK_XMC4/clock_xmc4_conf.o
 .debug_line    0x0000827c      0x447 ./Dave/Generated/DAVE.o
 .debug_line    0x000086c3      0x2f1 ./main.o

.debug_frame    0x00000000     0x4294
 *(.debug_frame)
 .debug_frame   0x00000000       0xec ./Startup/system_XMC4300.o
 .debug_frame   0x000000ec      0x1b4 ./SSC/Src/XMC_ESC.o
 .debug_frame   0x000002a0      0x154 ./SSC/Src/coeappl.o
 .debug_frame   0x000003f4      0x310 ./SSC/Src/ecatappl.o
 .debug_frame   0x00000704       0x84 ./SSC/Src/ecatcoe.o
 .debug_frame   0x00000788      0x40c ./SSC/Src/ecatslv.o
 .debug_frame   0x00000b94      0x2b8 ./SSC/Src/mailbox.o
 .debug_frame   0x00000e4c      0x200 ./SSC/Src/objdef.o
 .debug_frame   0x0000104c      0x11c ./SSC/Src/sdoserv.o
 .debug_frame   0x00001168       0x60 ./Libraries/XMCLib/src/xmc4_eru.o
 .debug_frame   0x000011c8      0x3dc ./Libraries/XMCLib/src/xmc4_flash.o
 .debug_frame   0x000015a4       0x60 ./Libraries/XMCLib/src/xmc4_gpio.o
 .debug_frame   0x00001604     0x10c8 ./Libraries/XMCLib/src/xmc4_scu.o
 .debug_frame   0x000026cc      0x5b0 ./Libraries/XMCLib/src/xmc_ccu4.o
 .debug_frame   0x00002c7c      0x1a8 ./Libraries/XMCLib/src/xmc_ecat.o
 .debug_frame   0x00002e24      0x240 ./Libraries/XMCLib/src/xmc_eru.o
 .debug_frame   0x00003064      0x160 ./Libraries/XMCLib/src/xmc_fce.o
 .debug_frame   0x000031c4       0x60 ./Libraries/XMCLib/src/xmc_gpio.o
 .debug_frame   0x00003224       0x5c ./Libraries/Newlib/syscalls.o
 .debug_frame   0x00003280      0x3e0 ./Dave/Generated/TIMER/timer.o
 .debug_frame   0x00003660      0x124 ./Dave/Generated/INTERRUPT/interrupt.o
 .debug_frame   0x00003784       0x88 ./Dave/Generated/GLOBAL_CCU4/global_ccu4.o
 .debug_frame   0x0000380c      0x2b0 ./Dave/Generated/E_EEPROM_XMC4/e_eeprom_xmc4.o
 .debug_frame   0x00003abc       0x60 ./Dave/Generated/EVENT_GENERATOR/event_generator.o
 .debug_frame   0x00003b1c       0x60 ./Dave/Generated/EVENT_DETECTOR/event_detector.o
 .debug_frame   0x00003b7c       0x60 ./Dave/Generated/ECAT_SSC/ecat_ssc.o
 .debug_frame   0x00003bdc      0x25c ./Dave/Generated/ECAT_SSC/xmc_eschw.o
 .debug_frame   0x00003e38       0x60 ./Dave/Generated/CPU_CTRL_XMC4/cpu_ctrl_xmc4_conf.o
 .debug_frame   0x00003e98       0xac ./Dave/Generated/CLOCK_XMC4/clock_xmc4.o
 .debug_frame   0x00003f44       0x64 ./Dave/Generated/CLOCK_XMC4/clock_xmc4_conf.o
 .debug_frame   0x00003fa8       0x38 ./Dave/Generated/DAVE.o
 .debug_frame   0x00003fe0       0xf0 ./main.o
 .debug_frame   0x000040d0       0x20 c:/davev4-64bit/dave-4.3.2/eclipse/arm-gcc-49/bin/../lib/gcc/arm-none-eabi/4.9.3/../../../../arm-none-eabi/lib/armv7e-m/softfp\libg_nano.a(lib_a-errno.o)
 .debug_frame   0x000040f0       0x2c c:/davev4-64bit/dave-4.3.2/eclipse/arm-gcc-49/bin/../lib/gcc/arm-none-eabi/4.9.3/../../../../arm-none-eabi/lib/armv7e-m/softfp\libg_nano.a(lib_a-init.o)
 .debug_frame   0x0000411c       0x30 c:/davev4-64bit/dave-4.3.2/eclipse/arm-gcc-49/bin/../lib/gcc/arm-none-eabi/4.9.3/../../../../arm-none-eabi/lib/armv7e-m/softfp\libg_nano.a(lib_a-malloc.o)
 .debug_frame   0x0000414c       0x28 c:/davev4-64bit/dave-4.3.2/eclipse/arm-gcc-49/bin/../lib/gcc/arm-none-eabi/4.9.3/../../../../arm-none-eabi/lib/armv7e-m/softfp\libg_nano.a(lib_a-memcpy.o)
 .debug_frame   0x00004174       0x20 c:/davev4-64bit/dave-4.3.2/eclipse/arm-gcc-49/bin/../lib/gcc/arm-none-eabi/4.9.3/../../../../arm-none-eabi/lib/armv7e-m/softfp\libg_nano.a(lib_a-memset.o)
 .debug_frame   0x00004194       0x2c c:/davev4-64bit/dave-4.3.2/eclipse/arm-gcc-49/bin/../lib/gcc/arm-none-eabi/4.9.3/../../../../arm-none-eabi/lib/armv7e-m/softfp\libg_nano.a(lib_a-nano-freer.o)
 .debug_frame   0x000041c0       0x2c c:/davev4-64bit/dave-4.3.2/eclipse/arm-gcc-49/bin/../lib/gcc/arm-none-eabi/4.9.3/../../../../arm-none-eabi/lib/armv7e-m/softfp\libg_nano.a(lib_a-nano-mallocr.o)
 .debug_frame   0x000041ec       0x2c c:/davev4-64bit/dave-4.3.2/eclipse/arm-gcc-49/bin/../lib/gcc/arm-none-eabi/4.9.3/../../../../arm-none-eabi/lib/armv7e-m/softfp\libg_nano.a(lib_a-sbrkr.o)
 .debug_frame   0x00004218       0x20 c:/davev4-64bit/dave-4.3.2/eclipse/arm-gcc-49/bin/../lib/gcc/arm-none-eabi/4.9.3/../../../../arm-none-eabi/lib/armv7e-m/softfp\libg_nano.a(lib_a-strlen.o)
 .debug_frame   0x00004238       0x5c c:/davev4-64bit/dave-4.3.2/eclipse/arm-gcc-49/bin/../lib/gcc/arm-none-eabi/4.9.3/../../../../arm-none-eabi/lib/armv7e-m/softfp\libg_nano.a(lib_a-reent.o)

.debug_str      0x00000000     0x9ddd
 *(.debug_str)
 .debug_str     0x00000000      0x518 ./Startup/system_XMC4300.o
                                0x584 (size before relaxing)
 .debug_str     0x00000518      0x30a ./SSC/Src/XMC_ESC.o
                                0x52e (size before relaxing)
 .debug_str     0x00000822      0x5ce ./SSC/Src/coeappl.o
                                0x984 (size before relaxing)
 .debug_str     0x00000df0      0xec6 ./SSC/Src/ecatappl.o
                               0x131a (size before relaxing)
 .debug_str     0x00001cb6      0x140 ./SSC/Src/ecatcoe.o
                                0x3d8 (size before relaxing)
 .debug_str     0x00001df6      0x411 ./SSC/Src/ecatslv.o
                               0x15b3 (size before relaxing)
 .debug_str     0x00002207      0x257 ./SSC/Src/mailbox.o
                                0xc7a (size before relaxing)
 .debug_str     0x0000245e      0x235 ./SSC/Src/objdef.o
                                0x738 (size before relaxing)
 .debug_str     0x00002693      0x294 ./SSC/Src/sdoserv.o
                                0x7ae (size before relaxing)
 .debug_str     0x00002927      0x532 ./Libraries/XMCLib/src/xmc4_eru.o
                                0x73b (size before relaxing)
 .debug_str     0x00002e59      0x890 ./Libraries/XMCLib/src/xmc4_flash.o
                                0xafb (size before relaxing)
 .debug_str     0x000036e9      0x535 ./Libraries/XMCLib/src/xmc4_gpio.o
                                0x763 (size before relaxing)
 .debug_str     0x00003c1e     0x1a22 ./Libraries/XMCLib/src/xmc4_scu.o
                               0x2362 (size before relaxing)
 .debug_str     0x00005640     0x131a ./Libraries/XMCLib/src/xmc_ccu4.o
                               0x1a4f (size before relaxing)
 .debug_str     0x0000695a      0x279 ./Libraries/XMCLib/src/xmc_ecat.o
                               0x101c (size before relaxing)
 .debug_str     0x00006bd3      0x9c5 ./Libraries/XMCLib/src/xmc_eru.o
                                0xc67 (size before relaxing)
 .debug_str     0x00007598      0x293 ./Libraries/XMCLib/src/xmc_fce.o
                                0x951 (size before relaxing)
 .debug_str     0x0000782b       0xca ./Libraries/XMCLib/src/xmc_gpio.o
                                0x611 (size before relaxing)
 .debug_str     0x000078f5       0x6f ./Libraries/Newlib/syscalls.o
                                0x217 (size before relaxing)
 .debug_str     0x00007964      0x538 ./Dave/Generated/TIMER/timer.o
                                0xbd0 (size before relaxing)
 .debug_str     0x00007e9c      0x29a ./Dave/Generated/TIMER/timer_conf.o
                                0xb15 (size before relaxing)
 .debug_str     0x00008136      0x184 ./Dave/Generated/INTERRUPT/interrupt.o
                                0x875 (size before relaxing)
 .debug_str     0x000082ba       0x4d ./Dave/Generated/INTERRUPT/interrupt_conf.o
                                0x64a (size before relaxing)
 .debug_str     0x00008307       0xb5 ./Dave/Generated/GLOBAL_CCU4/global_ccu4.o
                                0x513 (size before relaxing)
 .debug_str     0x000083bc       0x31 ./Dave/Generated/GLOBAL_CCU4/global_ccu4_conf.o
                                0x427 (size before relaxing)
 .debug_str     0x000083ed      0x53a ./Dave/Generated/E_EEPROM_XMC4/e_eeprom_xmc4.o
                                0xbc2 (size before relaxing)
 .debug_str     0x00008927       0x45 ./Dave/Generated/E_EEPROM_XMC4/e_eeprom_xmc4_conf.o
                                0x236 (size before relaxing)
 .debug_str     0x0000896c      0x10f ./Dave/Generated/EVENT_GENERATOR/event_generator.o
                                0x46e (size before relaxing)
 .debug_str     0x00008a7b       0x73 ./Dave/Generated/EVENT_GENERATOR/event_generator_conf.o
                                0x4a4 (size before relaxing)
 .debug_str     0x00008aee       0xed ./Dave/Generated/EVENT_DETECTOR/event_detector.o
                                0x45e (size before relaxing)
 .debug_str     0x00008bdb       0x71 ./Dave/Generated/EVENT_DETECTOR/event_detector_conf.o
                                0x7cb (size before relaxing)
 .debug_str     0x00008c4c       0xcf ./Dave/Generated/ECAT_SSC/ecat_ssc.o
                                0xc98 (size before relaxing)
 .debug_str     0x00008d1b       0x36 ./Dave/Generated/ECAT_SSC/ecat_ssc_conf.o
                                0xbfd (size before relaxing)
 .debug_str     0x00008d51      0xd2e ./Dave/Generated/ECAT_SSC/xmc_eschw.o
                               0x21e2 (size before relaxing)
 .debug_str     0x00009a7f       0x86 ./Dave/Generated/CPU_CTRL_XMC4/cpu_ctrl_xmc4_conf.o
                                0x3a1 (size before relaxing)
 .debug_str     0x00009b05       0xe7 ./Dave/Generated/CLOCK_XMC4/clock_xmc4.o
                                0x354 (size before relaxing)
 .debug_str     0x00009bec       0xe5 ./Dave/Generated/CLOCK_XMC4/clock_xmc4_conf.o
                                0x8c1 (size before relaxing)
 .debug_str     0x00009cd1       0x85 ./Dave/Generated/DAVE.o
                                0xe85 (size before relaxing)
 .debug_str     0x00009d56       0x87 ./main.o
                                0x643 (size before relaxing)

.debug_loc      0x00000000     0x8376
 *(.debug_loc)
 .debug_loc     0x00000000      0x1a4 ./Startup/system_XMC4300.o
 .debug_loc     0x000001a4      0x340 ./SSC/Src/XMC_ESC.o
 .debug_loc     0x000004e4      0x28c ./SSC/Src/coeappl.o
 .debug_loc     0x00000770      0x5a8 ./SSC/Src/ecatappl.o
 .debug_loc     0x00000d18       0xe4 ./SSC/Src/ecatcoe.o
 .debug_loc     0x00000dfc      0x810 ./SSC/Src/ecatslv.o
 .debug_loc     0x0000160c      0x574 ./SSC/Src/mailbox.o
 .debug_loc     0x00001b80      0x40e ./SSC/Src/objdef.o
 .debug_loc     0x00001f8e      0x1e4 ./SSC/Src/sdoserv.o
 .debug_loc     0x00002172       0xa0 ./Libraries/XMCLib/src/xmc4_eru.o
 .debug_loc     0x00002212      0x830 ./Libraries/XMCLib/src/xmc4_flash.o
 .debug_loc     0x00002a42       0xb8 ./Libraries/XMCLib/src/xmc4_gpio.o
 .debug_loc     0x00002afa     0x234c ./Libraries/XMCLib/src/xmc4_scu.o
 .debug_loc     0x00004e46      0xc90 ./Libraries/XMCLib/src/xmc_ccu4.o
 .debug_loc     0x00005ad6      0x340 ./Libraries/XMCLib/src/xmc_ecat.o
 .debug_loc     0x00005e16      0x4f0 ./Libraries/XMCLib/src/xmc_eru.o
 .debug_loc     0x00006306      0x2dc ./Libraries/XMCLib/src/xmc_fce.o
 .debug_loc     0x000065e2       0xb8 ./Libraries/XMCLib/src/xmc_gpio.o
 .debug_loc     0x0000669a       0x94 ./Libraries/Newlib/syscalls.o
 .debug_loc     0x0000672e      0x81c ./Dave/Generated/TIMER/timer.o
 .debug_loc     0x00006f4a      0x254 ./Dave/Generated/INTERRUPT/interrupt.o
 .debug_loc     0x0000719e      0x108 ./Dave/Generated/GLOBAL_CCU4/global_ccu4.o
 .debug_loc     0x000072a6      0x5a4 ./Dave/Generated/E_EEPROM_XMC4/e_eeprom_xmc4.o
 .debug_loc     0x0000784a       0xac ./Dave/Generated/EVENT_GENERATOR/event_generator.o
 .debug_loc     0x000078f6       0xac ./Dave/Generated/EVENT_DETECTOR/event_detector.o
 .debug_loc     0x000079a2       0xac ./Dave/Generated/ECAT_SSC/ecat_ssc.o
 .debug_loc     0x00007a4e      0x494 ./Dave/Generated/ECAT_SSC/xmc_eschw.o
 .debug_loc     0x00007ee2       0xac ./Dave/Generated/CPU_CTRL_XMC4/cpu_ctrl_xmc4_conf.o
 .debug_loc     0x00007f8e      0x14c ./Dave/Generated/CLOCK_XMC4/clock_xmc4.o
 .debug_loc     0x000080da       0xac ./Dave/Generated/CLOCK_XMC4/clock_xmc4_conf.o
 .debug_loc     0x00008186       0x50 ./Dave/Generated/DAVE.o
 .debug_loc     0x000081d6      0x1a0 ./main.o

.debug_macinfo
 *(.debug_macinfo)

.debug_ranges   0x00000000      0xe28
 *(.debug_ranges)
 .debug_ranges  0x00000000       0x38 ./Startup/system_XMC4300.o
 .debug_ranges  0x00000038       0x60 ./SSC/Src/XMC_ESC.o
 .debug_ranges  0x00000098       0x48 ./SSC/Src/coeappl.o
 .debug_ranges  0x000000e0       0xd0 ./SSC/Src/ecatappl.o
 .debug_ranges  0x000001b0       0x20 ./SSC/Src/ecatcoe.o
 .debug_ranges  0x000001d0       0xe0 ./SSC/Src/ecatslv.o