17:12:53 **** Build of configuration Debug for project XMC4300_Relax_EtherCat_APP_Slave_SSC ****
"\"C:\\DAVEv4-64Bit\\DAVE-4.3.2\\eclipse\\ARM-GCC-49\\bin\\make\"" --output-sync -j2 all 
'Building file: ../Startup/startup_XMC4300.S'
'Invoking: ARM-GCC Assembler'
"C:/DAVEv4-64Bit/DAVE-4.3.2/eclipse/ARM-GCC-49/bin/arm-none-eabi-gcc" -MMD -MT "Startup/startup_XMC4300.o" -x assembler-with-cpp -DXMC4300_F100x256 -I"E:/备份文件/workplace/XMC4300_Relax_EtherCat_APP_Slave_SSC/Libraries/XMCLib/inc" -I"E:/备份文件/workplace/XMC4300_Relax_EtherCat_APP_Slave_SSC" -I"E:/备份文件/workplace/XMC4300_Relax_EtherCat_APP_Slave_SSC/Dave/Generated" -Wall -Wa,-adhlns="Startup/startup_XMC4300.o.lst" -mfloat-abi=softfp -c -fmessage-length=0 -MMD -MP -MF"Startup/startup_XMC4300.d" -MT"Startup/startup_XMC4300.d Startup/startup_XMC4300.o" -mcpu=cortex-m4 -mfpu=fpv4-sp-d16 -mthumb -g -gdwarf-2 -o "Startup/startup_XMC4300.o" "../Startup/startup_XMC4300.S" 
'Finished building: ../Startup/startup_XMC4300.S'

'Building file: ../Startup/system_XMC4300.c'
'Invoking: ARM-GCC C Compiler'
"C:/DAVEv4-64Bit/DAVE-4.3.2/eclipse/ARM-GCC-49/bin/arm-none-eabi-gcc" -MMD -MT "Startup/system_XMC4300.o" -DXMC4300_F100x256 -I"E:/备份文件/workplace/XMC4300_Relax_EtherCat_APP_Slave_SSC/Libraries/XMCLib/inc" -I"E:/备份文件/workplace/XMC4300_Relax_EtherCat_APP_Slave_SSC/Libraries/CMSIS/Include" -I"E:/备份文件/workplace/XMC4300_Relax_EtherCat_APP_Slave_SSC/Libraries/CMSIS/Infineon/XMC4300_series/Include" -I"E:/备份文件/workplace/XMC4300_Relax_EtherCat_APP_Slave_SSC" -I"E:/备份文件/workplace/XMC4300_Relax_EtherCat_APP_Slave_SSC/Dave/Generated" -I"E:/备份文件/workplace/XMC4300_Relax_EtherCat_APP_Slave_SSC/Libraries" -O0 -ffunction-sections -fdata-sections -Wall -std=gnu99 -mfloat-abi=softfp -Wa,-adhlns="Startup/system_XMC4300.o.lst" -pipe -c -fmessage-length=0 -MMD -MP -MF"Startup/system_XMC4300.d" -MT"Startup/system_XMC4300.d Startup/system_XMC4300.o" -mcpu=cortex-m4 -mfpu=fpv4-sp-d16 -mthumb -g -gdwarf-2 -o "Startup/system_XMC4300.o" "../Startup/system_XMC4300.c" 
'Finished building: ../Startup/system_XMC4300.c'

'Building file: ../SSC/Src/XMC_ESC.c'
'Invoking: ARM-GCC C Compiler'
"C:/DAVEv4-64Bit/DAVE-4.3.2/eclipse/ARM-GCC-49/bin/arm-none-eabi-gcc" -MMD -MT "SSC/Src/XMC_ESC.o" -DXMC4300_F100x256 -I"E:/备份文件/workplace/XMC4300_Relax_EtherCat_APP_Slave_SSC/Libraries/XMCLib/inc" -I"E:/备份文件/workplace/XMC4300_Relax_EtherCat_APP_Slave_SSC/Libraries/CMSIS/Include" -I"E:/备份文件/workplace/XMC4300_Relax_EtherCat_APP_Slave_SSC/Libraries/CMSIS/Infineon/XMC4300_series/Include" -I"E:/备份文件/workplace/XMC4300_Relax_EtherCat_APP_Slave_SSC" -I"E:/备份文件/workplace/XMC4300_Relax_EtherCat_APP_Slave_SSC/Dave/Generated" -I"E:/备份文件/workplace/XMC4300_Relax_EtherCat_APP_Slave_SSC/Libraries" -O0 -ffunction-sections -fdata-sections -Wall -std=gnu99 -mfloat-abi=softfp -Wa,-adhlns="SSC/Src/XMC_ESC.o.lst" -pipe -c -fmessage-length=0 -MMD -MP -MF"SSC/Src/XMC_ESC.d" -MT"SSC/Src/XMC_ESC.d SSC/Src/XMC_ESC.o" -mcpu=cortex-m4 -mfpu=fpv4-sp-d16 -mthumb -g -gdwarf-2 -o "SSC/Src/XMC_ESC.o" "../SSC/Src/XMC_ESC.c" 
'Finished building: ../SSC/Src/XMC_ESC.c'

'Building file: ../SSC/Src/coeappl.c'
'Invoking: ARM-GCC C Compiler'
"C:/DAVEv4-64Bit/DAVE-4.3.2/eclipse/ARM-GCC-49/bin/arm-none-eabi-gcc" -MMD -MT "SSC/Src/coeappl.o" -DXMC4300_F100x256 -I"E:/备份文件/workplace/XMC4300_Relax_EtherCat_APP_Slave_SSC/Libraries/XMCLib/inc" -I"E:/备份文件/workplace/XMC4300_Relax_EtherCat_APP_Slave_SSC/Libraries/CMSIS/Include" -I"E:/备份文件/workplace/XMC4300_Relax_EtherCat_APP_Slave_SSC/Libraries/CMSIS/Infineon/XMC4300_series/Include" -I"E:/备份文件/workplace/XMC4300_Relax_EtherCat_APP_Slave_SSC" -I"E:/备份文件/workplace/XMC4300_Relax_EtherCat_APP_Slave_SSC/Dave/Generated" -I"E:/备份文件/workplace/XMC4300_Relax_EtherCat_APP_Slave_SSC/Libraries" -O0 -ffunction-sections -fdata-sections -Wall -std=gnu99 -mfloat-abi=softfp -Wa,-adhlns="SSC/Src/coeappl.o.lst" -pipe -c -fmessage-length=0 -MMD -MP -MF"SSC/Src/coeappl.d" -MT"SSC/Src/coeappl.d SSC/Src/coeappl.o" -mcpu=cortex-m4 -mfpu=fpv4-sp-d16 -mthumb -g -gdwarf-2 -o "SSC/Src/coeappl.o" "../SSC/Src/coeappl.c" 
'Finished building: ../SSC/Src/coeappl.c'

'Building file: ../SSC/Src/ecatappl.c'
'Invoking: ARM-GCC C Compiler'
"C:/DAVEv4-64Bit/DAVE-4.3.2/eclipse/ARM-GCC-49/bin/arm-none-eabi-gcc" -MMD -MT "SSC/Src/ecatappl.o" -DXMC4300_F100x256 -I"E:/备份文件/workplace/XMC4300_Relax_EtherCat_APP_Slave_SSC/Libraries/XMCLib/inc" -I"E:/备份文件/workplace/XMC4300_Relax_EtherCat_APP_Slave_SSC/Libraries/CMSIS/Include" -I"E:/备份文件/workplace/XMC4300_Relax_EtherCat_APP_Slave_SSC/Libraries/CMSIS/Infineon/XMC4300_series/Include" -I"E:/备份文件/workplace/XMC4300_Relax_EtherCat_APP_Slave_SSC" -I"E:/备份文件/workplace/XMC4300_Relax_EtherCat_APP_Slave_SSC/Dave/Generated" -I"E:/备份文件/workplace/XMC4300_Relax_EtherCat_APP_Slave_SSC/Libraries" -O0 -ffunction-sections -fdata-sections -Wall -std=gnu99 -mfloat-abi=softfp -Wa,-adhlns="SSC/Src/ecatappl.o.lst" -pipe -c -fmessage-length=0 -MMD -MP -MF"SSC/Src/ecatappl.d" -MT"SSC/Src/ecatappl.d SSC/Src/ecatappl.o" -mcpu=cortex-m4 -mfpu=fpv4-sp-d16 -mthumb -g -gdwarf-2 -o "SSC/Src/ecatappl.o" "../SSC/Src/ecatappl.c" 
'Finished building: ../SSC/Src/ecatappl.c'

'Building file: ../SSC/Src/ecatcoe.c'
'Invoking: ARM-GCC C Compiler'
"C:/DAVEv4-64Bit/DAVE-4.3.2/eclipse/ARM-GCC-49/bin/arm-none-eabi-gcc" -MMD -MT "SSC/Src/ecatcoe.o" -DXMC4300_F100x256 -I"E:/备份文件/workplace/XMC4300_Relax_EtherCat_APP_Slave_SSC/Libraries/XMCLib/inc" -I"E:/备份文件/workplace/XMC4300_Relax_EtherCat_APP_Slave_SSC/Libraries/CMSIS/Include" -I"E:/备份文件/workplace/XMC4300_Relax_EtherCat_APP_Slave_SSC/Libraries/CMSIS/Infineon/XMC4300_series/Include" -I"E:/备份文件/workplace/XMC4300_Relax_EtherCat_APP_Slave_SSC" -I"E:/备份文件/workplace/XMC4300_Relax_EtherCat_APP_Slave_SSC/Dave/Generated" -I"E:/备份文件/workplace/XMC4300_Relax_EtherCat_APP_Slave_SSC/Libraries" -O0 -ffunction-sections -fdata-sections -Wall -std=gnu99 -mfloat-abi=softfp -Wa,-adhlns="SSC/Src/ecatcoe.o.lst" -pipe -c -fmessage-length=0 -MMD -MP -MF"SSC/Src/ecatcoe.d" -MT"SSC/Src/ecatcoe.d SSC/Src/ecatcoe.o" -mcpu=cortex-m4 -mfpu=fpv4-sp-d16 -mthumb -g -gdwarf-2 -o "SSC/Src/ecatcoe.o" "../SSC/Src/ecatcoe.c" 
'Finished building: ../SSC/Src/ecatcoe.c'

'Building file: ../SSC/Src/ecatslv.c'
'Invoking: ARM-GCC C Compiler'
"C:/DAVEv4-64Bit/DAVE-4.3.2/eclipse/ARM-GCC-49/bin/arm-none-eabi-gcc" -MMD -MT "SSC/Src/ecatslv.o" -DXMC4300_F100x256 -I"E:/备份文件/workplace/XMC4300_Relax_EtherCat_APP_Slave_SSC/Libraries/XMCLib/inc" -I"E:/备份文件/workplace/XMC4300_Relax_EtherCat_APP_Slave_SSC/Libraries/CMSIS/Include" -I"E:/备份文件/workplace/XMC4300_Relax_EtherCat_APP_Slave_SSC/Libraries/CMSIS/Infineon/XMC4300_series/Include" -I"E:/备份文件/workplace/XMC4300_Relax_EtherCat_APP_Slave_SSC" -I"E:/备份文件/workplace/XMC4300_Relax_EtherCat_APP_Slave_SSC/Dave/Generated" -I"E:/备份文件/workplace/XMC4300_Relax_EtherCat_APP_Slave_SSC/Libraries" -O0 -ffunction-sections -fdata-sections -Wall -std=gnu99 -mfloat-abi=softfp -Wa,-adhlns="SSC/Src/ecatslv.o.lst" -pipe -c -fmessage-length=0 -MMD -MP -MF"SSC/Src/ecatslv.d" -MT"SSC/Src/ecatslv.d SSC/Src/ecatslv.o" -mcpu=cortex-m4 -mfpu=fpv4-sp-d16 -mthumb -g -gdwarf-2 -o "SSC/Src/ecatslv.o" "../SSC/Src/ecatslv.c" 
'Finished building: ../SSC/Src/ecatslv.c'

'Building file: ../SSC/Src/mailbox.c'
'Invoking: ARM-GCC C Compiler'
"C:/DAVEv4-64Bit/DAVE-4.3.2/eclipse/ARM-GCC-49/bin/arm-none-eabi-gcc" -MMD -MT "SSC/Src/mailbox.o" -DXMC4300_F100x256 -I"E:/备份文件/workplace/XMC4300_Relax_EtherCat_APP_Slave_SSC/Libraries/XMCLib/inc" -I"E:/备份文件/workplace/XMC4300_Relax_EtherCat_APP_Slave_SSC/Libraries/CMSIS/Include" -I"E:/备份文件/workplace/XMC4300_Relax_EtherCat_APP_Slave_SSC/Libraries/CMSIS/Infineon/XMC4300_series/Include" -I"E:/备份文件/workplace/XMC4300_Relax_EtherCat_APP_Slave_SSC" -I"E:/备份文件/workplace/XMC4300_Relax_EtherCat_APP_Slave_SSC/Dave/Generated" -I"E:/备份文件/workplace/XMC4300_Relax_EtherCat_APP_Slave_SSC/Libraries" -O0 -ffunction-sections -fdata-sections -Wall -std=gnu99 -mfloat-abi=softfp -Wa,-adhlns="SSC/Src/mailbox.o.lst" -pipe -c -fmessage-length=0 -MMD -MP -MF"SSC/Src/mailbox.d" -MT"SSC/Src/mailbox.d SSC/Src/mailbox.o" -mcpu=cortex-m4 -mfpu=fpv4-sp-d16 -mthumb -g -gdwarf-2 -o "SSC/Src/mailbox.o" "../SSC/Src/mailbox.c" 
'Finished building: ../SSC/Src/mailbox.c'

'Building file: ../SSC/Src/objdef.c'
'Invoking: ARM-GCC C Compiler'
"C:/DAVEv4-64Bit/DAVE-4.3.2/eclipse/ARM-GCC-49/bin/arm-none-eabi-gcc" -MMD -MT "SSC/Src/objdef.o" -DXMC4300_F100x256 -I"E:/备份文件/workplace/XMC4300_Relax_EtherCat_APP_Slave_SSC/Libraries/XMCLib/inc" -I"E:/备份文件/workplace/XMC4300_Relax_EtherCat_APP_Slave_SSC/Libraries/CMSIS/Include" -I"E:/备份文件/workplace/XMC4300_Relax_EtherCat_APP_Slave_SSC/Libraries/CMSIS/Infineon/XMC4300_series/Include" -I"E:/备份文件/workplace/XMC4300_Relax_EtherCat_APP_Slave_SSC" -I"E:/备份文件/workplace/XMC4300_Relax_EtherCat_APP_Slave_SSC/Dave/Generated" -I"E:/备份文件/workplace/XMC4300_Relax_EtherCat_APP_Slave_SSC/Libraries" -O0 -ffunction-sections -fdata-sections -Wall -std=gnu99 -mfloat-abi=softfp -Wa,-adhlns="SSC/Src/objdef.o.lst" -pipe -c -fmessage-length=0 -MMD -MP -MF"SSC/Src/objdef.d" -MT"SSC/Src/objdef.d SSC/Src/objdef.o" -mcpu=cortex-m4 -mfpu=fpv4-sp-d16 -mthumb -g -gdwarf-2 -o "SSC/Src/objdef.o" "../SSC/Src/objdef.c" 
'Finished building: ../SSC/Src/objdef.c'

'Building file: ../SSC/Src/sdoserv.c'
'Invoking: ARM-GCC C Compiler'
"C:/DAVEv4-64Bit/DAVE-4.3.2/eclipse/ARM-GCC-49/bin/arm-none-eabi-gcc" -MMD -MT "SSC/Src/sdoserv.o" -DXMC4300_F100x256 -I"E:/备份文件/workplace/XMC4300_Relax_EtherCat_APP_Slave_SSC/Libraries/XMCLib/inc" -I"E:/备份文件/workplace/XMC4300_Relax_EtherCat_APP_Slave_SSC/Libraries/CMSIS/Include" -I"E:/备份文件/workplace/XMC4300_Relax_EtherCat_APP_Slave_SSC/Libraries/CMSIS/Infineon/XMC4300_series/Include" -I"E:/备份文件/workplace/XMC4300_Relax_EtherCat_APP_Slave_SSC" -I"E:/备份文件/workplace/XMC4300_Relax_EtherCat_APP_Slave_SSC/Dave/Generated" -I"E:/备份文件/workplace/XMC4300_Relax_EtherCat_APP_Slave_SSC/Libraries" -O0 -ffunction-sections -fdata-sections -Wall -std=gnu99 -mfloat-abi=softfp -Wa,-adhlns="SSC/Src/sdoserv.o.lst" -pipe -c -fmessage-length=0 -MMD -MP -MF"SSC/Src/sdoserv.d" -MT"SSC/Src/sdoserv.d SSC/Src/sdoserv.o" -mcpu=cortex-m4 -mfpu=fpv4-sp-d16 -mthumb -g -gdwarf-2 -o "SSC/Src/sdoserv.o" "../SSC/Src/sdoserv.c" 
'Finished building: ../SSC/Src/sdoserv.c'

../SSC/Src/sdoserv.c: In function 'SdoUploadSegmentInd':
../SSC/Src/sdoserv.c:411:44: warning: overflow in implicit constant conversion [-Woverflow]
         pSdoSegRes->SdoHeader.SegHeader &= ~SEGHEADER_MASK;
                                            ^
../SSC/Src/sdoserv.c: In function 'SDOS_SdoInd':
../SSC/Src/sdoserv.c:744:92: warning: overflow in implicit constant conversion [-Woverflow]
                                 pSdoResStored->SdoHeader.Sdo[SDOHEADER_COMMANDOFFSET]   &= ~SDOHEADER_COMMANDMASK;
                                                                                            ^
../SSC/Src/sdoserv.c:791:86: warning: overflow in implicit constant conversion [-Woverflow]
                             pSdoResStored->SdoHeader.Sdo[SDOHEADER_COMMANDOFFSET] &= ~SDOHEADER_COMMANDMASK;
                                                                                      ^
../SSC/Src/sdoserv.c:816:86: warning: overflow in implicit constant conversion [-Woverflow]
                             pSdoResStored->SdoHeader.Sdo[SDOHEADER_COMMANDOFFSET] &= ~SDOHEADER_COMMANDMASK;
                                                                                      ^
'Building file: ../Libraries/XMCLib/src/xmc4_eru.c'
'Invoking: ARM-GCC C Compiler'
"C:/DAVEv4-64Bit/DAVE-4.3.2/eclipse/ARM-GCC-49/bin/arm-none-eabi-gcc" -MMD -MT "Libraries/XMCLib/src/xmc4_eru.o" -DXMC4300_F100x256 -I"E:/备份文件/workplace/XMC4300_Relax_EtherCat_APP_Slave_SSC/Libraries/XMCLib/inc" -I"E:/备份文件/workplace/XMC4300_Relax_EtherCat_APP_Slave_SSC/Libraries/CMSIS/Include" -I"E:/备份文件/workplace/XMC4300_Relax_EtherCat_APP_Slave_SSC/Libraries/CMSIS/Infineon/XMC4300_series/Include" -I"E:/备份文件/workplace/XMC4300_Relax_EtherCat_APP_Slave_SSC" -I"E:/备份文件/workplace/XMC4300_Relax_EtherCat_APP_Slave_SSC/Dave/Generated" -I"E:/备份文件/workplace/XMC4300_Relax_EtherCat_APP_Slave_SSC/Libraries" -O0 -ffunction-sections -fdata-sections -Wall -std=gnu99 -mfloat-abi=softfp -Wa,-adhlns="Libraries/XMCLib/src/xmc4_eru.o.lst" -pipe -c -fmessage-length=0 -MMD -MP -MF"Libraries/XMCLib/src/xmc4_eru.d" -MT"Libraries/XMCLib/src/xmc4_eru.d Libraries/XMCLib/src/xmc4_eru.o" -mcpu=cortex-m4 -mfpu=fpv4-sp-d16 -mthumb -g -gdwarf-2 -o "Libraries/XMCLib/src/xmc4_eru.o" "../Libraries/XMCLib/src/xmc4_eru.c" 
'Finished building: ../Libraries/XMCLib/src/xmc4_eru.c'

'Building file: ../Libraries/XMCLib/src/xmc4_flash.c'
'Invoking: ARM-GCC C Compiler'
"C:/DAVEv4-64Bit/DAVE-4.3.2/eclipse/ARM-GCC-49/bin/arm-none-eabi-gcc" -MMD -MT "Libraries/XMCLib/src/xmc4_flash.o" -DXMC4300_F100x256 -I"E:/备份文件/workplace/XMC4300_Relax_EtherCat_APP_Slave_SSC/Libraries/XMCLib/inc" -I"E:/备份文件/workplace/XMC4300_Relax_EtherCat_APP_Slave_SSC/Libraries/CMSIS/Include" -I"E:/备份文件/workplace/XMC4300_Relax_EtherCat_APP_Slave_SSC/Libraries/CMSIS/Infineon/XMC4300_series/Include" -I"E:/备份文件/workplace/XMC4300_Relax_EtherCat_APP_Slave_SSC" -I"E:/备份文件/workplace/XMC4300_Relax_EtherCat_APP_Slave_SSC/Dave/Generated" -I"E:/备份文件/workplace/XMC4300_Relax_EtherCat_APP_Slave_SSC/Libraries" -O0 -ffunction-sections -fdata-sections -Wall -std=gnu99 -mfloat-abi=softfp -Wa,-adhlns="Libraries/XMCLib/src/xmc4_flash.o.lst" -pipe -c -fmessage-length=0 -MMD -MP -MF"Libraries/XMCLib/src/xmc4_flash.d" -MT"Libraries/XMCLib/src/xmc4_flash.d Libraries/XMCLib/src/xmc4_flash.o" -mcpu=cortex-m4 -mfpu=fpv4-sp-d16 -mthumb -g -gdwarf-2 -o "Libraries/XMCLib/src/xmc4_flash.o" "../Libraries/XMCLib/src/xmc4_flash.c" 
'Finished building: ../Libraries/XMCLib/src/xmc4_flash.c'

'Building file: ../Libraries/XMCLib/src/xmc4_gpio.c'
'Invoking: ARM-GCC C Compiler'
"C:/DAVEv4-64Bit/DAVE-4.3.2/eclipse/ARM-GCC-49/bin/arm-none-eabi-gcc" -MMD -MT "Libraries/XMCLib/src/xmc4_gpio.o" -DXMC4300_F100x256 -I"E:/备份文件/workplace/XMC4300_Relax_EtherCat_APP_Slave_SSC/Libraries/XMCLib/inc" -I"E:/备份文件/workplace/XMC4300_Relax_EtherCat_APP_Slave_SSC/Libraries/CMSIS/Include" -I"E:/备份文件/workplace/XMC4300_Relax_EtherCat_APP_Slave_SSC/Libraries/CMSIS/Infineon/XMC4300_series/Include" -I"E:/备份文件/workplace/XMC4300_Relax_EtherCat_APP_Slave_SSC" -I"E:/备份文件/workplace/XMC4300_Relax_EtherCat_APP_Slave_SSC/Dave/Generated" -I"E:/备份文件/workplace/XMC4300_Relax_EtherCat_APP_Slave_SSC/Libraries" -O0 -ffunction-sections -fdata-sections -Wall -std=gnu99 -mfloat-abi=softfp -Wa,-adhlns="Libraries/XMCLib/src/xmc4_gpio.o.lst" -pipe -c -fmessage-length=0 -MMD -MP -MF"Libraries/XMCLib/src/xmc4_gpio.d" -MT"Libraries/XMCLib/src/xmc4_gpio.d Libraries/XMCLib/src/xmc4_gpio.o" -mcpu=cortex-m4 -mfpu=fpv4-sp-d16 -mthumb -g -gdwarf-2 -o "Libraries/XMCLib/src/xmc4_gpio.o" "../Libraries/XMCLib/src/xmc4_gpio.c" 
'Finished building: ../Libraries/XMCLib/src/xmc4_gpio.c'

'Building file: ../Libraries/XMCLib/src/xmc4_rtc.c'
'Invoking: ARM-GCC C Compiler'
"C:/DAVEv4-64Bit/DAVE-4.3.2/eclipse/ARM-GCC-49/bin/arm-none-eabi-gcc" -MMD -MT "Libraries/XMCLib/src/xmc4_rtc.o" -DXMC4300_F100x256 -I"E:/备份文件/workplace/XMC4300_Relax_EtherCat_APP_Slave_SSC/Libraries/XMCLib/inc" -I"E:/备份文件/workplace/XMC4300_Relax_EtherCat_APP_Slave_SSC/Libraries/CMSIS/Include" -I"E:/备份文件/workplace/XMC4300_Relax_EtherCat_APP_Slave_SSC/Libraries/CMSIS/Infineon/XMC4300_series/Include" -I"E:/备份文件/workplace/XMC4300_Relax_EtherCat_APP_Slave_SSC" -I"E:/备份文件/workplace/XMC4300_Relax_EtherCat_APP_Slave_SSC/Dave/Generated" -I"E:/备份文件/workplace/XMC4300_Relax_EtherCat_APP_Slave_SSC/Libraries" -O0 -ffunction-sections -fdata-sections -Wall -std=gnu99 -mfloat-abi=softfp -Wa,-adhlns="Libraries/XMCLib/src/xmc4_rtc.o.lst" -pipe -c -fmessage-length=0 -MMD -MP -MF"Libraries/XMCLib/src/xmc4_rtc.d" -MT"Libraries/XMCLib/src/xmc4_rtc.d Libraries/XMCLib/src/xmc4_rtc.o" -mcpu=cortex-m4 -mfpu=fpv4-sp-d16 -mthumb -g -gdwarf-2 -o "Libraries/XMCLib/src/xmc4_rtc.o" "../Libraries/XMCLib/src/xmc4_rtc.c" 
'Finished building: ../Libraries/XMCLib/src/xmc4_rtc.c'

'Building file: ../Libraries/XMCLib/src/xmc4_scu.c'
'Invoking: ARM-GCC C Compiler'
"C:/DAVEv4-64Bit/DAVE-4.3.2/eclipse/ARM-GCC-49/bin/arm-none-eabi-gcc" -MMD -MT "Libraries/XMCLib/src/xmc4_scu.o" -DXMC4300_F100x256 -I"E:/备份文件/workplace/XMC4300_Relax_EtherCat_APP_Slave_SSC/Libraries/XMCLib/inc" -I"E:/备份文件/workplace/XMC4300_Relax_EtherCat_APP_Slave_SSC/Libraries/CMSIS/Include" -I"E:/备份文件/workplace/XMC4300_Relax_EtherCat_APP_Slave_SSC/Libraries/CMSIS/Infineon/XMC4300_series/Include" -I"E:/备份文件/workplace/XMC4300_Relax_EtherCat_APP_Slave_SSC" -I"E:/备份文件/workplace/XMC4300_Relax_EtherCat_APP_Slave_SSC/Dave/Generated" -I"E:/备份文件/workplace/XMC4300_Relax_EtherCat_APP_Slave_SSC/Libraries" -O0 -ffunction-sections -fdata-sections -Wall -std=gnu99 -mfloat-abi=softfp -Wa,-adhlns="Libraries/XMCLib/src/xmc4_scu.o.lst" -pipe -c -fmessage-length=0 -MMD -MP -MF"Libraries/XMCLib/src/xmc4_scu.d" -MT"Libraries/XMCLib/src/xmc4_scu.d Libraries/XMCLib/src/xmc4_scu.o" -mcpu=cortex-m4 -mfpu=fpv4-sp-d16 -mthumb -g -gdwarf-2 -o "Libraries/XMCLib/src/xmc4_scu.o" "../Libraries/XMCLib/src/xmc4_scu.c" 
'Finished building: ../Libraries/XMCLib/src/xmc4_scu.c'

'Building file: ../Libraries/XMCLib/src/xmc_can.c'
'Invoking: ARM-GCC C Compiler'
"C:/DAVEv4-64Bit/DAVE-4.3.2/eclipse/ARM-GCC-49/bin/arm-none-eabi-gcc" -MMD -MT "Libraries/XMCLib/src/xmc_can.o" -DXMC4300_F100x256 -I"E:/备份文件/workplace/XMC4300_Relax_EtherCat_APP_Slave_SSC/Libraries/XMCLib/inc" -I"E:/备份文件/workplace/XMC4300_Relax_EtherCat_APP_Slave_SSC/Libraries/CMSIS/Include" -I"E:/备份文件/workplace/XMC4300_Relax_EtherCat_APP_Slave_SSC/Libraries/CMSIS/Infineon/XMC4300_series/Include" -I"E:/备份文件/workplace/XMC4300_Relax_EtherCat_APP_Slave_SSC" -I"E:/备份文件/workplace/XMC4300_Relax_EtherCat_APP_Slave_SSC/Dave/Generated" -I"E:/备份文件/workplace/XMC4300_Relax_EtherCat_APP_Slave_SSC/Libraries" -O0 -ffunction-sections -fdata-sections -Wall -std=gnu99 -mfloat-abi=softfp -Wa,-adhlns="Libraries/XMCLib/src/xmc_can.o.lst" -pipe -c -fmessage-length=0 -MMD -MP -MF"Libraries/XMCLib/src/xmc_can.d" -MT"Libraries/XMCLib/src/xmc_can.d Libraries/XMCLib/src/xmc_can.o" -mcpu=cortex-m4 -mfpu=fpv4-sp-d16 -mthumb -g -gdwarf-2 -o "Libraries/XMCLib/src/xmc_can.o" "../Libraries/XMCLib/src/xmc_can.c" 
'Finished building: ../Libraries/XMCLib/src/xmc_can.c'

'Building file: ../Libraries/XMCLib/src/xmc_ccu4.c'
'Invoking: ARM-GCC C Compiler'
"C:/DAVEv4-64Bit/DAVE-4.3.2/eclipse/ARM-GCC-49/bin/arm-none-eabi-gcc" -MMD -MT "Libraries/XMCLib/src/xmc_ccu4.o" -DXMC4300_F100x256 -I"E:/备份文件/workplace/XMC4300_Relax_EtherCat_APP_Slave_SSC/Libraries/XMCLib/inc" -I"E:/备份文件/workplace/XMC4300_Relax_EtherCat_APP_Slave_SSC/Libraries/CMSIS/Include" -I"E:/备份文件/workplace/XMC4300_Relax_EtherCat_APP_Slave_SSC/Libraries/CMSIS/Infineon/XMC4300_series/Include" -I"E:/备份文件/workplace/XMC4300_Relax_EtherCat_APP_Slave_SSC" -I"E:/备份文件/workplace/XMC4300_Relax_EtherCat_APP_Slave_SSC/Dave/Generated" -I"E:/备份文件/workplace/XMC4300_Relax_EtherCat_APP_Slave_SSC/Libraries" -O0 -ffunction-sections -fdata-sections -Wall -std=gnu99 -mfloat-abi=softfp -Wa,-adhlns="Libraries/XMCLib/src/xmc_ccu4.o.lst" -pipe -c -fmessage-length=0 -MMD -MP -MF"Libraries/XMCLib/src/xmc_ccu4.d" -MT"Libraries/XMCLib/src/xmc_ccu4.d Libraries/XMCLib/src/xmc_ccu4.o" -mcpu=cortex-m4 -mfpu=fpv4-sp-d16 -mthumb -g -gdwarf-2 -o "Libraries/XMCLib/src/xmc_ccu4.o" "../Libraries/XMCLib/src/xmc_ccu4.c" 
'Finished building: ../Libraries/XMCLib/src/xmc_ccu4.c'

'Building file: ../Libraries/XMCLib/src/xmc_ccu8.c'
'Invoking: ARM-GCC C Compiler'
"C:/DAVEv4-64Bit/DAVE-4.3.2/eclipse/ARM-GCC-49/bin/arm-none-eabi-gcc" -MMD -MT "Libraries/XMCLib/src/xmc_ccu8.o" -DXMC4300_F100x256 -I"E:/备份文件/workplace/XMC4300_Relax_EtherCat_APP_Slave_SSC/Libraries/XMCLib/inc" -I"E:/备份文件/workplace/XMC4300_Relax_EtherCat_APP_Slave_SSC/Libraries/CMSIS/Include" -I"E:/备份文件/workplace/XMC4300_Relax_EtherCat_APP_Slave_SSC/Libraries/CMSIS/Infineon/XMC4300_series/Include" -I"E:/备份文件/workplace/XMC4300_Relax_EtherCat_APP_Slave_SSC" -I"E:/备份文件/workplace/XMC4300_Relax_EtherCat_APP_Slave_SSC/Dave/Generated" -I"E:/备份文件/workplace/XMC4300_Relax_EtherCat_APP_Slave_SSC/Libraries" -O0 -ffunction-sections -fdata-sections -Wall -std=gnu99 -mfloat-abi=softfp -Wa,-adhlns="Libraries/XMCLib/src/xmc_ccu8.o.lst" -pipe -c -fmessage-length=0 -MMD -MP -MF"Libraries/XMCLib/src/xmc_ccu8.d" -MT"Libraries/XMCLib/src/xmc_ccu8.d Libraries/XMCLib/src/xmc_ccu8.o" -mcpu=cortex-m4 -mfpu=fpv4-sp-d16 -mthumb -g -gdwarf-2 -o "Libraries/XMCLib/src/xmc_ccu8.o" "../Libraries/XMCLib/src/xmc_ccu8.c" 
'Finished building: ../Libraries/XMCLib/src/xmc_ccu8.c'

'Building file: ../Libraries/XMCLib/src/xmc_common.c'
'Invoking: ARM-GCC C Compiler'
"C:/DAVEv4-64Bit/DAVE-4.3.2/eclipse/ARM-GCC-49/bin/arm-none-eabi-gcc" -MMD -MT "Libraries/XMCLib/src/xmc_common.o" -DXMC4300_F100x256 -I"E:/备份文件/workplace/XMC4300_Relax_EtherCat_APP_Slave_SSC/Libraries/XMCLib/inc" -I"E:/备份文件/workplace/XMC4300_Relax_EtherCat_APP_Slave_SSC/Libraries/CMSIS/Include" -I"E:/备份文件/workplace/XMC4300_Relax_EtherCat_APP_Slave_SSC/Libraries/CMSIS/Infineon/XMC4300_series/Include" -I"E:/备份文件/workplace/XMC4300_Relax_EtherCat_APP_Slave_SSC" -I"E:/备份文件/workplace/XMC4300_Relax_EtherCat_APP_Slave_SSC/Dave/Generated" -I"E:/备份文件/workplace/XMC4300_Relax_EtherCat_APP_Slave_SSC/Libraries" -O0 -ffunction-sections -fdata-sections -Wall -std=gnu99 -mfloat-abi=softfp -Wa,-adhlns="Libraries/XMCLib/src/xmc_common.o.lst" -pipe -c -fmessage-length=0 -MMD -MP -MF"Libraries/XMCLib/src/xmc_common.d" -MT"Libraries/XMCLib/src/xmc_common.d Libraries/XMCLib/src/xmc_common.o" -mcpu=cortex-m4 -mfpu=fpv4-sp-d16 -mthumb -g -gdwarf-2 -o "Libraries/XMCLib/src/xmc_common.o" "../Libraries/XMCLib/src/xmc_common.c" 
'Finished building: ../Libraries/XMCLib/src/xmc_common.c'

'Building file: ../Libraries/XMCLib/src/xmc_dac.c'
'Invoking: ARM-GCC C Compiler'
"C:/DAVEv4-64Bit/DAVE-4.3.2/eclipse/ARM-GCC-49/bin/arm-none-eabi-gcc" -MMD -MT "Libraries/XMCLib/src/xmc_dac.o" -DXMC4300_F100x256 -I"E:/备份文件/workplace/XMC4300_Relax_EtherCat_APP_Slave_SSC/Libraries/XMCLib/inc" -I"E:/备份文件/workplace/XMC4300_Relax_EtherCat_APP_Slave_SSC/Libraries/CMSIS/Include" -I"E:/备份文件/workplace/XMC4300_Relax_EtherCat_APP_Slave_SSC/Libraries/CMSIS/Infineon/XMC4300_series/Include" -I"E:/备份文件/workplace/XMC4300_Relax_EtherCat_APP_Slave_SSC" -I"E:/备份文件/workplace/XMC4300_Relax_EtherCat_APP_Slave_SSC/Dave/Generated" -I"E:/备份文件/workplace/XMC4300_Relax_EtherCat_APP_Slave_SSC/Libraries" -O0 -ffunction-sections -fdata-sections -Wall -std=gnu99 -mfloat-abi=softfp -Wa,-adhlns="Libraries/XMCLib/src/xmc_dac.o.lst" -pipe -c -fmessage-length=0 -MMD -MP -MF"Libraries/XMCLib/src/xmc_dac.d" -MT"Libraries/XMCLib/src/xmc_dac.d Libraries/XMCLib/src/xmc_dac.o" -mcpu=cortex-m4 -mfpu=fpv4-sp-d16 -mthumb -g -gdwarf-2 -o "Libraries/XMCLib/src/xmc_dac.o" "../Libraries/XMCLib/src/xmc_dac.c" 
'Finished building: ../Libraries/XMCLib/src/xmc_dac.c'

'Building file: ../Libraries/XMCLib/src/xmc_dma.c'
'Invoking: ARM-GCC C Compiler'
"C:/DAVEv4-64Bit/DAVE-4.3.2/eclipse/ARM-GCC-49/bin/arm-none-eabi-gcc" -MMD -MT "Libraries/XMCLib/src/xmc_dma.o" -DXMC4300_F100x256 -I"E:/备份文件/workplace/XMC4300_Relax_EtherCat_APP_Slave_SSC/Libraries/XMCLib/inc" -I"E:/备份文件/workplace/XMC4300_Relax_EtherCat_APP_Slave_SSC/Libraries/CMSIS/Include" -I"E:/备份文件/workplace/XMC4300_Relax_EtherCat_APP_Slave_SSC/Libraries/CMSIS/Infineon/XMC4300_series/Include" -I"E:/备份文件/workplace/XMC4300_Relax_EtherCat_APP_Slave_SSC" -I"E:/备份文件/workplace/XMC4300_Relax_EtherCat_APP_Slave_SSC/Dave/Generated" -I"E:/备份文件/workplace/XMC4300_Relax_EtherCat_APP_Slave_SSC/Libraries" -O0 -ffunction-sections -fdata-sections -Wall -std=gnu99 -mfloat-abi=softfp -Wa,-adhlns="Libraries/XMCLib/src/xmc_dma.o.lst" -pipe -c -fmessage-length=0 -MMD -MP -MF"Libraries/XMCLib/src/xmc_dma.d" -MT"Libraries/XMCLib/src/xmc_dma.d Libraries/XMCLib/src/xmc_dma.o" -mcpu=cortex-m4 -mfpu=fpv4-sp-d16 -mthumb -g -gdwarf-2 -o "Libraries/XMCLib/src/xmc_dma.o" "../Libraries/XMCLib/src/xmc_dma.c" 
'Finished building: ../Libraries/XMCLib/src/xmc_dma.c'

'Building file: ../Libraries/XMCLib/src/xmc_dsd.c'
'Invoking: ARM-GCC C Compiler'
"C:/DAVEv4-64Bit/DAVE-4.3.2/eclipse/ARM-GCC-49/bin/arm-none-eabi-gcc" -MMD -MT "Libraries/XMCLib/src/xmc_dsd.o" -DXMC4300_F100x256 -I"E:/备份文件/workplace/XMC4300_Relax_EtherCat_APP_Slave_SSC/Libraries/XMCLib/inc" -I"E:/备份文件/workplace/XMC4300_Relax_EtherCat_APP_Slave_SSC/Libraries/CMSIS/Include" -I"E:/备份文件/workplace/XMC4300_Relax_EtherCat_APP_Slave_SSC/Libraries/CMSIS/Infineon/XMC4300_series/Include" -I"E:/备份文件/workplace/XMC4300_Relax_EtherCat_APP_Slave_SSC" -I"E:/备份文件/workplace/XMC4300_Relax_EtherCat_APP_Slave_SSC/Dave/Generated" -I"E:/备份文件/workplace/XMC4300_Relax_EtherCat_APP_Slave_SSC/Libraries" -O0 -ffunction-sections -fdata-sections -Wall -std=gnu99 -mfloat-abi=softfp -Wa,-adhlns="Libraries/XMCLib/src/xmc_dsd.o.lst" -pipe -c -fmessage-length=0 -MMD -MP -MF"Libraries/XMCLib/src/xmc_dsd.d" -MT"Libraries/XMCLib/src/xmc_dsd.d Libraries/XMCLib/src/xmc_dsd.o" -mcpu=cortex-m4 -mfpu=fpv4-sp-d16 -mthumb -g -gdwarf-2 -o "Libraries/XMCLib/src/xmc_dsd.o" "../Libraries/XMCLib/src/xmc_dsd.c" 
'Finished building: ../Libraries/XMCLib/src/xmc_dsd.c'

'Building file: ../Libraries/XMCLib/src/xmc_ebu.c'
'Invoking: ARM-GCC C Compiler'
"C:/DAVEv4-64Bit/DAVE-4.3.2/eclipse/ARM-GCC-49/bin/arm-none-eabi-gcc" -MMD -MT "Libraries/XMCLib/src/xmc_ebu.o" -DXMC4300_F100x256 -I"E:/备份文件/workplace/XMC4300_Relax_EtherCat_APP_Slave_SSC/Libraries/XMCLib/inc" -I"E:/备份文件/workplace/XMC4300_Relax_EtherCat_APP_Slave_SSC/Libraries/CMSIS/Include" -I"E:/备份文件/workplace/XMC4300_Relax_EtherCat_APP_Slave_SSC/Libraries/CMSIS/Infineon/XMC4300_series/Include" -I"E:/备份文件/workplace/XMC4300_Relax_EtherCat_APP_Slave_SSC" -I"E:/备份文件/workplace/XMC4300_Relax_EtherCat_APP_Slave_SSC/Dave/Generated" -I"E:/备份文件/workplace/XMC4300_Relax_EtherCat_APP_Slave_SSC/Libraries" -O0 -ffunction-sections -fdata-sections -Wall -std=gnu99 -mfloat-abi=softfp -Wa,-adhlns="Libraries/XMCLib/src/xmc_ebu.o.lst" -pipe -c -fmessage-length=0 -MMD -MP -MF"Libraries/XMCLib/src/xmc_ebu.d" -MT"Libraries/XMCLib/src/xmc_ebu.d Libraries/XMCLib/src/xmc_ebu.o" -mcpu=cortex-m4 -mfpu=fpv4-sp-d16 -mthumb -g -gdwarf-2 -o "Libraries/XMCLib/src/xmc_ebu.o" "../Libraries/XMCLib/src/xmc_ebu.c" 
'Finished building: ../Libraries/XMCLib/src/xmc_ebu.c'

'Building file: ../Libraries/XMCLib/src/xmc_ecat.c'
'Invoking: ARM-GCC C Compiler'
"C:/DAVEv4-64Bit/DAVE-4.3.2/eclipse/ARM-GCC-49/bin/arm-none-eabi-gcc" -MMD -MT "Libraries/XMCLib/src/xmc_ecat.o" -DXMC4300_F100x256 -I"E:/备份文件/workplace/XMC4300_Relax_EtherCat_APP_Slave_SSC/Libraries/XMCLib/inc" -I"E:/备份文件/workplace/XMC4300_Relax_EtherCat_APP_Slave_SSC/Libraries/CMSIS/Include" -I"E:/备份文件/workplace/XMC4300_Relax_EtherCat_APP_Slave_SSC/Libraries/CMSIS/Infineon/XMC4300_series/Include" -I"E:/备份文件/workplace/XMC4300_Relax_EtherCat_APP_Slave_SSC" -I"E:/备份文件/workplace/XMC4300_Relax_EtherCat_APP_Slave_SSC/Dave/Generated" -I"E:/备份文件/workplace/XMC4300_Relax_EtherCat_APP_Slave_SSC/Libraries" -O0 -ffunction-sections -fdata-sections -Wall -std=gnu99 -mfloat-abi=softfp -Wa,-adhlns="Libraries/XMCLib/src/xmc_ecat.o.lst" -pipe -c -fmessage-length=0 -MMD -MP -MF"Libraries/XMCLib/src/xmc_ecat.d" -MT"Libraries/XMCLib/src/xmc_ecat.d Libraries/XMCLib/src/xmc_ecat.o" -mcpu=cortex-m4 -mfpu=fpv4-sp-d16 -mthumb -g -gdwarf-2 -o "Libraries/XMCLib/src/xmc_ecat.o" "../Libraries/XMCLib/src/xmc_ecat.c" 
'Finished building: ../Libraries/XMCLib/src/xmc_ecat.c'

'Building file: ../Libraries/XMCLib/src/xmc_eru.c'
'Invoking: ARM-GCC C Compiler'
"C:/DAVEv4-64Bit/DAVE-4.3.2/eclipse/ARM-GCC-49/bin/arm-none-eabi-gcc" -MMD -MT "Libraries/XMCLib/src/xmc_eru.o" -DXMC4300_F100x256 -I"E:/备份文件/workplace/XMC4300_Relax_EtherCat_APP_Slave_SSC/Libraries/XMCLib/inc" -I"E:/备份文件/workplace/XMC4300_Relax_EtherCat_APP_Slave_SSC/Libraries/CMSIS/Include" -I"E:/备份文件/workplace/XMC4300_Relax_EtherCat_APP_Slave_SSC/Libraries/CMSIS/Infineon/XMC4300_series/Include" -I"E:/备份文件/workplace/XMC4300_Relax_EtherCat_APP_Slave_SSC" -I"E:/备份文件/workplace/XMC4300_Relax_EtherCat_APP_Slave_SSC/Dave/Generated" -I"E:/备份文件/workplace/XMC4300_Relax_EtherCat_APP_Slave_SSC/Libraries" -O0 -ffunction-sections -fdata-sections -Wall -std=gnu99 -mfloat-abi=softfp -Wa,-adhlns="Libraries/XMCLib/src/xmc_eru.o.lst" -pipe -c -fmessage-length=0 -MMD -MP -MF"Libraries/XMCLib/src/xmc_eru.d" -MT"Libraries/XMCLib/src/xmc_eru.d Libraries/XMCLib/src/xmc_eru.o" -mcpu=cortex-m4 -mfpu=fpv4-sp-d16 -mthumb -g -gdwarf-2 -o "Libraries/XMCLib/src/xmc_eru.o" "../Libraries/XMCLib/src/xmc_eru.c" 
'Finished building: ../Libraries/XMCLib/src/xmc_eru.c'

'Building file: ../Libraries/XMCLib/src/xmc_eth_mac.c'
'Invoking: ARM-GCC C Compiler'
"C:/DAVEv4-64Bit/DAVE-4.3.2/eclipse/ARM-GCC-49/bin/arm-none-eabi-gcc" -MMD -MT "Libraries/XMCLib/src/xmc_eth_mac.o" -DXMC4300_F100x256 -I"E:/备份文件/workplace/XMC4300_Relax_EtherCat_APP_Slave_SSC/Libraries/XMCLib/inc" -I"E:/备份文件/workplace/XMC4300_Relax_EtherCat_APP_Slave_SSC/Libraries/CMSIS/Include" -I"E:/备份文件/workplace/XMC4300_Relax_EtherCat_APP_Slave_SSC/Libraries/CMSIS/Infineon/XMC4300_series/Include" -I"E:/备份文件/workplace/XMC4300_Relax_EtherCat_APP_Slave_SSC" -I"E:/备份文件/workplace/XMC4300_Relax_EtherCat_APP_Slave_SSC/Dave/Generated" -I"E:/备份文件/workplace/XMC4300_Relax_EtherCat_APP_Slave_SSC/Libraries" -O0 -ffunction-sections -fdata-sections -Wall -std=gnu99 -mfloat-abi=softfp -Wa,-adhlns="Libraries/XMCLib/src/xmc_eth_mac.o.lst" -pipe -c -fmessage-length=0 -MMD -MP -MF"Libraries/XMCLib/src/xmc_eth_mac.d" -MT"Libraries/XMCLib/src/xmc_eth_mac.d Libraries/XMCLib/src/xmc_eth_mac.o" -mcpu=cortex-m4 -mfpu=fpv4-sp-d16 -mthumb -g -gdwarf-2 -o "Libraries/XMCLib/src/xmc_eth_mac.o" "../Libraries/XMCLib/src/xmc_eth_mac.c" 
'Finished building: ../Libraries/XMCLib/src/xmc_eth_mac.c'

'Building file: ../Libraries/XMCLib/src/xmc_fce.c'
'Invoking: ARM-GCC C Compiler'
"C:/DAVEv4-64Bit/DAVE-4.3.2/eclipse/ARM-GCC-49/bin/arm-none-eabi-gcc" -MMD -MT "Libraries/XMCLib/src/xmc_fce.o" -DXMC4300_F100x256 -I"E:/备份文件/workplace/XMC4300_Relax_EtherCat_APP_Slave_SSC/Libraries/XMCLib/inc" -I"E:/备份文件/workplace/XMC4300_Relax_EtherCat_APP_Slave_SSC/Libraries/CMSIS/Include" -I"E:/备份文件/workplace/XMC4300_Relax_EtherCat_APP_Slave_SSC/Libraries/CMSIS/Infineon/XMC4300_series/Include" -I"E:/备份文件/workplace/XMC4300_Relax_EtherCat_APP_Slave_SSC" -I"E:/备份文件/workplace/XMC4300_Relax_EtherCat_APP_Slave_SSC/Dave/Generated" -I"E:/备份文件/workplace/XMC4300_Relax_EtherCat_APP_Slave_SSC/Libraries" -O0 -ffunction-sections -fdata-sections -Wall -std=gnu99 -mfloat-abi=softfp -Wa,-adhlns="Libraries/XMCLib/src/xmc_fce.o.lst" -pipe -c -fmessage-length=0 -MMD -MP -MF"Libraries/XMCLib/src/xmc_fce.d" -MT"Libraries/XMCLib/src/xmc_fce.d Libraries/XMCLib/src/xmc_fce.o" -mcpu=cortex-m4 -mfpu=fpv4-sp-d16 -mthumb -g -gdwarf-2 -o "Libraries/XMCLib/src/xmc_fce.o" "../Libraries/XMCLib/src/xmc_fce.c" 
'Finished building: ../Libraries/XMCLib/src/xmc_fce.c'

'Building file: ../Libraries/XMCLib/src/xmc_gpio.c'
'Invoking: ARM-GCC C Compiler'
"C:/DAVEv4-64Bit/DAVE-4.3.2/eclipse/ARM-GCC-49/bin/arm-none-eabi-gcc" -MMD -MT "Libraries/XMCLib/src/xmc_gpio.o" -DXMC4300_F100x256 -I"E:/备份文件/workplace/XMC4300_Relax_EtherCat_APP_Slave_SSC/Libraries/XMCLib/inc" -I"E:/备份文件/workplace/XMC4300_Relax_EtherCat_APP_Slave_SSC/Libraries/CMSIS/Include" -I"E:/备份文件/workplace/XMC4300_Relax_EtherCat_APP_Slave_SSC/Libraries/CMSIS/Infineon/XMC4300_series/Include" -I"E:/备份文件/workplace/XMC4300_Relax_EtherCat_APP_Slave_SSC" -I"E:/备份文件/workplace/XMC4300_Relax_EtherCat_APP_Slave_SSC/Dave/Generated" -I"E:/备份文件/workplace/XMC4300_Relax_EtherCat_APP_Slave_SSC/Libraries" -O0 -ffunction-sections -fdata-sections -Wall -std=gnu99 -mfloat-abi=softfp -Wa,-adhlns="Libraries/XMCLib/src/xmc_gpio.o.lst" -pipe -c -fmessage-length=0 -MMD -MP -MF"Libraries/XMCLib/src/xmc_gpio.d" -MT"Libraries/XMCLib/src/xmc_gpio.d Libraries/XMCLib/src/xmc_gpio.o" -mcpu=cortex-m4 -mfpu=fpv4-sp-d16 -mthumb -g -gdwarf-2 -o "Libraries/XMCLib/src/xmc_gpio.o" "../Libraries/XMCLib/src/xmc_gpio.c" 
'Finished building: ../Libraries/XMCLib/src/xmc_gpio.c'

'Building file: ../Libraries/XMCLib/src/xmc_hrpwm.c'
'Invoking: ARM-GCC C Compiler'
"C:/DAVEv4-64Bit/DAVE-4.3.2/eclipse/ARM-GCC-49/bin/arm-none-eabi-gcc" -MMD -MT "Libraries/XMCLib/src/xmc_hrpwm.o" -DXMC4300_F100x256 -I"E:/备份文件/workplace/XMC4300_Relax_EtherCat_APP_Slave_SSC/Libraries/XMCLib/inc" -I"E:/备份文件/workplace/XMC4300_Relax_EtherCat_APP_Slave_SSC/Libraries/CMSIS/Include" -I"E:/备份文件/workplace/XMC4300_Relax_EtherCat_APP_Slave_SSC/Libraries/CMSIS/Infineon/XMC4300_series/Include" -I"E:/备份文件/workplace/XMC4300_Relax_EtherCat_APP_Slave_SSC" -I"E:/备份文件/workplace/XMC4300_Relax_EtherCat_APP_Slave_SSC/Dave/Generated" -I"E:/备份文件/workplace/XMC4300_Relax_EtherCat_APP_Slave_SSC/Libraries" -O0 -ffunction-sections -fdata-sections -Wall -std=gnu99 -mfloat-abi=softfp -Wa,-adhlns="Libraries/XMCLib/src/xmc_hrpwm.o.lst" -pipe -c -fmessage-length=0 -MMD -MP -MF"Libraries/XMCLib/src/xmc_hrpwm.d" -MT"Libraries/XMCLib/src/xmc_hrpwm.d Libraries/XMCLib/src/xmc_hrpwm.o" -mcpu=cortex-m4 -mfpu=fpv4-sp-d16 -mthumb -g -gdwarf-2 -o "Libraries/XMCLib/src/xmc_hrpwm.o" "../Libraries/XMCLib/src/xmc_hrpwm.c" 
'Finished building: ../Libraries/XMCLib/src/xmc_hrpwm.c'

'Building file: ../Libraries/XMCLib/src/xmc_i2c.c'
'Invoking: ARM-GCC C Compiler'
"C:/DAVEv4-64Bit/DAVE-4.3.2/eclipse/ARM-GCC-49/bin/arm-none-eabi-gcc" -MMD -MT "Libraries/XMCLib/src/xmc_i2c.o" -DXMC4300_F100x256 -I"E:/备份文件/workplace/XMC4300_Relax_EtherCat_APP_Slave_SSC/Libraries/XMCLib/inc" -I"E:/备份文件/workplace/XMC4300_Relax_EtherCat_APP_Slave_SSC/Libraries/CMSIS/Include" -I"E:/备份文件/workplace/XMC4300_Relax_EtherCat_APP_Slave_SSC/Libraries/CMSIS/Infineon/XMC4300_series/Include" -I"E:/备份文件/workplace/XMC4300_Relax_EtherCat_APP_Slave_SSC" -I"E:/备份文件/workplace/XMC4300_Relax_EtherCat_APP_Slave_SSC/Dave/Generated" -I"E:/备份文件/workplace/XMC4300_Relax_EtherCat_APP_Slave_SSC/Libraries" -O0 -ffunction-sections -fdata-sections -Wall -std=gnu99 -mfloat-abi=softfp -Wa,-adhlns="Libraries/XMCLib/src/xmc_i2c.o.lst" -pipe -c -fmessage-length=0 -MMD -MP -MF"Libraries/XMCLib/src/xmc_i2c.d" -MT"Libraries/XMCLib/src/xmc_i2c.d Libraries/XMCLib/src/xmc_i2c.o" -mcpu=cortex-m4 -mfpu=fpv4-sp-d16 -mthumb -g -gdwarf-2 -o "Libraries/XMCLib/src/xmc_i2c.o" "../Libraries/XMCLib/src/xmc_i2c.c" 
'Finished building: ../Libraries/XMCLib/src/xmc_i2c.c'

'Building file: ../Libraries/XMCLib/src/xmc_i2s.c'
'Invoking: ARM-GCC C Compiler'
"C:/DAVEv4-64Bit/DAVE-4.3.2/eclipse/ARM-GCC-49/bin/arm-none-eabi-gcc" -MMD -MT "Libraries/XMCLib/src/xmc_i2s.o" -DXMC4300_F100x256 -I"E:/备份文件/workplace/XMC4300_Relax_EtherCat_APP_Slave_SSC/Libraries/XMCLib/inc" -I"E:/备份文件/workplace/XMC4300_Relax_EtherCat_APP_Slave_SSC/Libraries/CMSIS/Include" -I"E:/备份文件/workplace/XMC4300_Relax_EtherCat_APP_Slave_SSC/Libraries/CMSIS/Infineon/XMC4300_series/Include" -I"E:/备份文件/workplace/XMC4300_Relax_EtherCat_APP_Slave_SSC" -I"E:/备份文件/workplace/XMC4300_Relax_EtherCat_APP_Slave_SSC/Dave/Generated" -I"E:/备份文件/workplace/XMC4300_Relax_EtherCat_APP_Slave_SSC/Libraries" -O0 -ffunction-sections -fdata-sections -Wall -std=gnu99 -mfloat-abi=softfp -Wa,-adhlns="Libraries/XMCLib/src/xmc_i2s.o.lst" -pipe -c -fmessage-length=0 -MMD -MP -MF"Libraries/XMCLib/src/xmc_i2s.d" -MT"Libraries/XMCLib/src/xmc_i2s.d Libraries/XMCLib/src/xmc_i2s.o" -mcpu=cortex-m4 -mfpu=fpv4-sp-d16 -mthumb -g -gdwarf-2 -o "Libraries/XMCLib/src/xmc_i2s.o" "../Libraries/XMCLib/src/xmc_i2s.c" 
'Finished building: ../Libraries/XMCLib/src/xmc_i2s.c'

'Building file: ../Libraries/XMCLib/src/xmc_ledts.c'
'Invoking: ARM-GCC C Compiler'
"C:/DAVEv4-64Bit/DAVE-4.3.2/eclipse/ARM-GCC-49/bin/arm-none-eabi-gcc" -MMD -MT "Libraries/XMCLib/src/xmc_ledts.o" -DXMC4300_F100x256 -I"E:/备份文件/workplace/XMC4300_Relax_EtherCat_APP_Slave_SSC/Libraries/XMCLib/inc" -I"E:/备份文件/workplace/XMC4300_Relax_EtherCat_APP_Slave_SSC/Libraries/CMSIS/Include" -I"E:/备份文件/workplace/XMC4300_Relax_EtherCat_APP_Slave_SSC/Libraries/CMSIS/Infineon/XMC4300_series/Include" -I"E:/备份文件/workplace/XMC4300_Relax_EtherCat_APP_Slave_SSC" -I"E:/备份文件/workplace/XMC4300_Relax_EtherCat_APP_Slave_SSC/Dave/Generated" -I"E:/备份文件/workplace/XMC4300_Relax_EtherCat_APP_Slave_SSC/Libraries" -O0 -ffunction-sections -fdata-sections -Wall -std=gnu99 -mfloat-abi=softfp -Wa,-adhlns="Libraries/XMCLib/src/xmc_ledts.o.lst" -pipe -c -fmessage-length=0 -MMD -MP -MF"Libraries/XMCLib/src/xmc_ledts.d" -MT"Libraries/XMCLib/src/xmc_ledts.d Libraries/XMCLib/src/xmc_ledts.o" -mcpu=cortex-m4 -mfpu=fpv4-sp-d16 -mthumb -g -gdwarf-2 -o "Libraries/XMCLib/src/xmc_ledts.o" "../Libraries/XMCLib/src/xmc_ledts.c" 
'Finished building: ../Libraries/XMCLib/src/xmc_ledts.c'

'Building file: ../Libraries/XMCLib/src/xmc_posif.c'
'Invoking: ARM-GCC C Compiler'
"C:/DAVEv4-64Bit/DAVE-4.3.2/eclipse/ARM-GCC-49/bin/arm-none-eabi-gcc" -MMD -MT "Libraries/XMCLib/src/xmc_posif.o" -DXMC4300_F100x256 -I"E:/备份文件/workplace/XMC4300_Relax_EtherCat_APP_Slave_SSC/Libraries/XMCLib/inc" -I"E:/备份文件/workplace/XMC4300_Relax_EtherCat_APP_Slave_SSC/Libraries/CMSIS/Include" -I"E:/备份文件/workplace/XMC4300_Relax_EtherCat_APP_Slave_SSC/Libraries/CMSIS/Infineon/XMC4300_series/Include" -I"E:/备份文件/workplace/XMC4300_Relax_EtherCat_APP_Slave_SSC" -I"E:/备份文件/workplace/XMC4300_Relax_EtherCat_APP_Slave_SSC/Dave/Generated" -I"E:/备份文件/workplace/XMC4300_Relax_EtherCat_APP_Slave_SSC/Libraries" -O0 -ffunction-sections -fdata-sections -Wall -std=gnu99 -mfloat-abi=softfp -Wa,-adhlns="Libraries/XMCLib/src/xmc_posif.o.lst" -pipe -c -fmessage-length=0 -MMD -MP -MF"Libraries/XMCLib/src/xmc_posif.d" -MT"Libraries/XMCLib/src/xmc_posif.d Libraries/XMCLib/src/xmc_posif.o" -mcpu=cortex-m4 -mfpu=fpv4-sp-d16 -mthumb -g -gdwarf-2 -o "Libraries/XMCLib/src/xmc_posif.o" "../Libraries/XMCLib/src/xmc_posif.c" 
'Finished building: ../Libraries/XMCLib/src/xmc_posif.c'

'Building file: ../Libraries/XMCLib/src/xmc_rtc.c'
'Invoking: ARM-GCC C Compiler'
"C:/DAVEv4-64Bit/DAVE-4.3.2/eclipse/ARM-GCC-49/bin/arm-none-eabi-gcc" -MMD -MT "Libraries/XMCLib/src/xmc_rtc.o" -DXMC4300_F100x256 -I"E:/备份文件/workplace/XMC4300_Relax_EtherCat_APP_Slave_SSC/Libraries/XMCLib/inc" -I"E:/备份文件/workplace/XMC4300_Relax_EtherCat_APP_Slave_SSC/Libraries/CMSIS/Include" -I"E:/备份文件/workplace/XMC4300_Relax_EtherCat_APP_Slave_SSC/Libraries/CMSIS/Infineon/XMC4300_series/Include" -I"E:/备份文件/workplace/XMC4300_Relax_EtherCat_APP_Slave_SSC" -I"E:/备份文件/workplace/XMC4300_Relax_EtherCat_APP_Slave_SSC/Dave/Generated" -I"E:/备份文件/workplace/XMC4300_Relax_EtherCat_APP_Slave_SSC/Libraries" -O0 -ffunction-sections -fdata-sections -Wall -std=gnu99 -mfloat-abi=softfp -Wa,-adhlns="Libraries/XMCLib/src/xmc_rtc.o.lst" -pipe -c -fmessage-length=0 -MMD -MP -MF"Libraries/XMCLib/src/xmc_rtc.d" -MT"Libraries/XMCLib/src/xmc_rtc.d Libraries/XMCLib/src/xmc_rtc.o" -mcpu=cortex-m4 -mfpu=fpv4-sp-d16 -mthumb -g -gdwarf-2 -o "Libraries/XMCLib/src/xmc_rtc.o" "../Libraries/XMCLib/src/xmc_rtc.c" 
'Finished building: ../Libraries/XMCLib/src/xmc_rtc.c'

'Building file: ../Libraries/XMCLib/src/xmc_sdmmc.c'
'Invoking: ARM-GCC C Compiler'
"C:/DAVEv4-64Bit/DAVE-4.3.2/eclipse/ARM-GCC-49/bin/arm-none-eabi-gcc" -MMD -MT "Libraries/XMCLib/src/xmc_sdmmc.o" -DXMC4300_F100x256 -I"E:/备份文件/workplace/XMC4300_Relax_EtherCat_APP_Slave_SSC/Libraries/XMCLib/inc" -I"E:/备份文件/workplace/XMC4300_Relax_EtherCat_APP_Slave_SSC/Libraries/CMSIS/Include" -I"E:/备份文件/workplace/XMC4300_Relax_EtherCat_APP_Slave_SSC/Libraries/CMSIS/Infineon/XMC4300_series/Include" -I"E:/备份文件/workplace/XMC4300_Relax_EtherCat_APP_Slave_SSC" -I"E:/备份文件/workplace/XMC4300_Relax_EtherCat_APP_Slave_SSC/Dave/Generated" -I"E:/备份文件/workplace/XMC4300_Relax_EtherCat_APP_Slave_SSC/Libraries" -O0 -ffunction-sections -fdata-sections -Wall -std=gnu99 -mfloat-abi=softfp -Wa,-adhlns="Libraries/XMCLib/src/xmc_sdmmc.o.lst" -pipe -c -fmessage-length=0 -MMD -MP -MF"Libraries/XMCLib/src/xmc_sdmmc.d" -MT"Libraries/XMCLib/src/xmc_sdmmc.d Libraries/XMCLib/src/xmc_sdmmc.o" -mcpu=cortex-m4 -mfpu=fpv4-sp-d16 -mthumb -g -gdwarf-2 -o "Libraries/XMCLib/src/xmc_sdmmc.o" "../Libraries/XMCLib/src/xmc_sdmmc.c" 
'Finished building: ../Libraries/XMCLib/src/xmc_sdmmc.c'

'Building file: ../Libraries/XMCLib/src/xmc_spi.c'
'Invoking: ARM-GCC C Compiler'
"C:/DAVEv4-64Bit/DAVE-4.3.2/eclipse/ARM-GCC-49/bin/arm-none-eabi-gcc" -MMD -MT "Libraries/XMCLib/src/xmc_spi.o" -DXMC4300_F100x256 -I"E:/备份文件/workplace/XMC4300_Relax_EtherCat_APP_Slave_SSC/Libraries/XMCLib/inc" -I"E:/备份文件/workplace/XMC4300_Relax_EtherCat_APP_Slave_SSC/Libraries/CMSIS/Include" -I"E:/备份文件/workplace/XMC4300_Relax_EtherCat_APP_Slave_SSC/Libraries/CMSIS/Infineon/XMC4300_series/Include" -I"E:/备份文件/workplace/XMC4300_Relax_EtherCat_APP_Slave_SSC" -I"E:/备份文件/workplace/XMC4300_Relax_EtherCat_APP_Slave_SSC/Dave/Generated" -I"E:/备份文件/workplace/XMC4300_Relax_EtherCat_APP_Slave_SSC/Libraries" -O0 -ffunction-sections -fdata-sections -Wall -std=gnu99 -mfloat-abi=softfp -Wa,-adhlns="Libraries/XMCLib/src/xmc_spi.o.lst" -pipe -c -fmessage-length=0 -MMD -MP -MF"Libraries/XMCLib/src/xmc_spi.d" -MT"Libraries/XMCLib/src/xmc_spi.d Libraries/XMCLib/src/xmc_spi.o" -mcpu=cortex-m4 -mfpu=fpv4-sp-d16 -mthumb -g -gdwarf-2 -o "Libraries/XMCLib/src/xmc_spi.o" "../Libraries/XMCLib/src/xmc_spi.c" 
'Finished building: ../Libraries/XMCLib/src/xmc_spi.c'

'Building file: ../Libraries/XMCLib/src/xmc_uart.c'
'Invoking: ARM-GCC C Compiler'
"C:/DAVEv4-64Bit/DAVE-4.3.2/eclipse/ARM-GCC-49/bin/arm-none-eabi-gcc" -MMD -MT "Libraries/XMCLib/src/xmc_uart.o" -DXMC4300_F100x256 -I"E:/备份文件/workplace/XMC4300_Relax_EtherCat_APP_Slave_SSC/Libraries/XMCLib/inc" -I"E:/备份文件/workplace/XMC4300_Relax_EtherCat_APP_Slave_SSC/Libraries/CMSIS/Include" -I"E:/备份文件/workplace/XMC4300_Relax_EtherCat_APP_Slave_SSC/Libraries/CMSIS/Infineon/XMC4300_series/Include" -I"E:/备份文件/workplace/XMC4300_Relax_EtherCat_APP_Slave_SSC" -I"E:/备份文件/workplace/XMC4300_Relax_EtherCat_APP_Slave_SSC/Dave/Generated" -I"E:/备份文件/workplace/XMC4300_Relax_EtherCat_APP_Slave_SSC/Libraries" -O0 -ffunction-sections -fdata-sections -Wall -std=gnu99 -mfloat-abi=softfp -Wa,-adhlns="Libraries/XMCLib/src/xmc_uart.o.lst" -pipe -c -fmessage-length=0 -MMD -MP -MF"Libraries/XMCLib/src/xmc_uart.d" -MT"Libraries/XMCLib/src/xmc_uart.d Libraries/XMCLib/src/xmc_uart.o" -mcpu=cortex-m4 -mfpu=fpv4-sp-d16 -mthumb -g -gdwarf-2 -o "Libraries/XMCLib/src/xmc_uart.o" "../Libraries/XMCLib/src/xmc_uart.c" 
'Finished building: ../Libraries/XMCLib/src/xmc_uart.c'

'Building file: ../Libraries/XMCLib/src/xmc_usbd.c'
'Invoking: ARM-GCC C Compiler'
"C:/DAVEv4-64Bit/DAVE-4.3.2/eclipse/ARM-GCC-49/bin/arm-none-eabi-gcc" -MMD -MT "Libraries/XMCLib/src/xmc_usbd.o" -DXMC4300_F100x256 -I"E:/备份文件/workplace/XMC4300_Relax_EtherCat_APP_Slave_SSC/Libraries/XMCLib/inc" -I"E:/备份文件/workplace/XMC4300_Relax_EtherCat_APP_Slave_SSC/Libraries/CMSIS/Include" -I"E:/备份文件/workplace/XMC4300_Relax_EtherCat_APP_Slave_SSC/Libraries/CMSIS/Infineon/XMC4300_series/Include" -I"E:/备份文件/workplace/XMC4300_Relax_EtherCat_APP_Slave_SSC" -I"E:/备份文件/workplace/XMC4300_Relax_EtherCat_APP_Slave_SSC/Dave/Generated" -I"E:/备份文件/workplace/XMC4300_Relax_EtherCat_APP_Slave_SSC/Libraries" -O0 -ffunction-sections -fdata-sections -Wall -std=gnu99 -mfloat-abi=softfp -Wa,-adhlns="Libraries/XMCLib/src/xmc_usbd.o.lst" -pipe -c -fmessage-length=0 -MMD -MP -MF"Libraries/XMCLib/src/xmc_usbd.d" -MT"Libraries/XMCLib/src/xmc_usbd.d Libraries/XMCLib/src/xmc_usbd.o" -mcpu=cortex-m4 -mfpu=fpv4-sp-d16 -mthumb -g -gdwarf-2 -o "Libraries/XMCLib/src/xmc_usbd.o" "../Libraries/XMCLib/src/xmc_usbd.c" 
'Finished building: ../Libraries/XMCLib/src/xmc_usbd.c'

'Building file: ../Libraries/XMCLib/src/xmc_usic.c'
'Invoking: ARM-GCC C Compiler'
"C:/DAVEv4-64Bit/DAVE-4.3.2/eclipse/ARM-GCC-49/bin/arm-none-eabi-gcc" -MMD -MT "Libraries/XMCLib/src/xmc_usic.o" -DXMC4300_F100x256 -I"E:/备份文件/workplace/XMC4300_Relax_EtherCat_APP_Slave_SSC/Libraries/XMCLib/inc" -I"E:/备份文件/workplace/XMC4300_Relax_EtherCat_APP_Slave_SSC/Libraries/CMSIS/Include" -I"E:/备份文件/workplace/XMC4300_Relax_EtherCat_APP_Slave_SSC/Libraries/CMSIS/Infineon/XMC4300_series/Include" -I"E:/备份文件/workplace/XMC4300_Relax_EtherCat_APP_Slave_SSC" -I"E:/备份文件/workplace/XMC4300_Relax_EtherCat_APP_Slave_SSC/Dave/Generated" -I"E:/备份文件/workplace/XMC4300_Relax_EtherCat_APP_Slave_SSC/Libraries" -O0 -ffunction-sections -fdata-sections -Wall -std=gnu99 -mfloat-abi=softfp -Wa,-adhlns="Libraries/XMCLib/src/xmc_usic.o.lst" -pipe -c -fmessage-length=0 -MMD -MP -MF"Libraries/XMCLib/src/xmc_usic.d" -MT"Libraries/XMCLib/src/xmc_usic.d Libraries/XMCLib/src/xmc_usic.o" -mcpu=cortex-m4 -mfpu=fpv4-sp-d16 -mthumb -g -gdwarf-2 -o "Libraries/XMCLib/src/xmc_usic.o" "../Libraries/XMCLib/src/xmc_usic.c" 
'Finished building: ../Libraries/XMCLib/src/xmc_usic.c'

'Building file: ../Libraries/XMCLib/src/xmc_vadc.c'
'Invoking: ARM-GCC C Compiler'
"C:/DAVEv4-64Bit/DAVE-4.3.2/eclipse/ARM-GCC-49/bin/arm-none-eabi-gcc" -MMD -MT "Libraries/XMCLib/src/xmc_vadc.o" -DXMC4300_F100x256 -I"E:/备份文件/workplace/XMC4300_Relax_EtherCat_APP_Slave_SSC/Libraries/XMCLib/inc" -I"E:/备份文件/workplace/XMC4300_Relax_EtherCat_APP_Slave_SSC/Libraries/CMSIS/Include" -I"E:/备份文件/workplace/XMC4300_Relax_EtherCat_APP_Slave_SSC/Libraries/CMSIS/Infineon/XMC4300_series/Include" -I"E:/备份文件/workplace/XMC4300_Relax_EtherCat_APP_Slave_SSC" -I"E:/备份文件/workplace/XMC4300_Relax_EtherCat_APP_Slave_SSC/Dave/Generated" -I"E:/备份文件/workplace/XMC4300_Relax_EtherCat_APP_Slave_SSC/Libraries" -O0 -ffunction-sections -fdata-sections -Wall -std=gnu99 -mfloat-abi=softfp -Wa,-adhlns="Libraries/XMCLib/src/xmc_vadc.o.lst" -pipe -c -fmessage-length=0 -MMD -MP -MF"Libraries/XMCLib/src/xmc_vadc.d" -MT"Libraries/XMCLib/src/xmc_vadc.d Libraries/XMCLib/src/xmc_vadc.o" -mcpu=cortex-m4 -mfpu=fpv4-sp-d16 -mthumb -g -gdwarf-2 -o "Libraries/XMCLib/src/xmc_vadc.o" "../Libraries/XMCLib/src/xmc_vadc.c" 
'Finished building: ../Libraries/XMCLib/src/xmc_vadc.c'

'Building file: ../Libraries/XMCLib/src/xmc_wdt.c'
'Invoking: ARM-GCC C Compiler'
"C:/DAVEv4-64Bit/DAVE-4.3.2/eclipse/ARM-GCC-49/bin/arm-none-eabi-gcc" -MMD -MT "Libraries/XMCLib/src/xmc_wdt.o" -DXMC4300_F100x256 -I"E:/备份文件/workplace/XMC4300_Relax_EtherCat_APP_Slave_SSC/Libraries/XMCLib/inc" -I"E:/备份文件/workplace/XMC4300_Relax_EtherCat_APP_Slave_SSC/Libraries/CMSIS/Include" -I"E:/备份文件/workplace/XMC4300_Relax_EtherCat_APP_Slave_SSC/Libraries/CMSIS/Infineon/XMC4300_series/Include" -I"E:/备份文件/workplace/XMC4300_Relax_EtherCat_APP_Slave_SSC" -I"E:/备份文件/workplace/XMC4300_Relax_EtherCat_APP_Slave_SSC/Dave/Generated" -I"E:/备份文件/workplace/XMC4300_Relax_EtherCat_APP_Slave_SSC/Libraries" -O0 -ffunction-sections -fdata-sections -Wall -std=gnu99 -mfloat-abi=softfp -Wa,-adhlns="Libraries/XMCLib/src/xmc_wdt.o.lst" -pipe -c -fmessage-length=0 -MMD -MP -MF"Libraries/XMCLib/src/xmc_wdt.d" -MT"Libraries/XMCLib/src/xmc_wdt.d Libraries/XMCLib/src/xmc_wdt.o" -mcpu=cortex-m4 -mfpu=fpv4-sp-d16 -mthumb -g -gdwarf-2 -o "Libraries/XMCLib/src/xmc_wdt.o" "../Libraries/XMCLib/src/xmc_wdt.c" 
'Finished building: ../Libraries/XMCLib/src/xmc_wdt.c'

'Building file: ../Libraries/Newlib/syscalls.c'
'Invoking: ARM-GCC C Compiler'
"C:/DAVEv4-64Bit/DAVE-4.3.2/eclipse/ARM-GCC-49/bin/arm-none-eabi-gcc" -MMD -MT "Libraries/Newlib/syscalls.o" -DXMC4300_F100x256 -I"E:/备份文件/workplace/XMC4300_Relax_EtherCat_APP_Slave_SSC/Libraries/XMCLib/inc" -I"E:/备份文件/workplace/XMC4300_Relax_EtherCat_APP_Slave_SSC/Libraries/CMSIS/Include" -I"E:/备份文件/workplace/XMC4300_Relax_EtherCat_APP_Slave_SSC/Libraries/CMSIS/Infineon/XMC4300_series/Include" -I"E:/备份文件/workplace/XMC4300_Relax_EtherCat_APP_Slave_SSC" -I"E:/备份文件/workplace/XMC4300_Relax_EtherCat_APP_Slave_SSC/Dave/Generated" -I"E:/备份文件/workplace/XMC4300_Relax_EtherCat_APP_Slave_SSC/Libraries" -O0 -ffunction-sections -fdata-sections -Wall -std=gnu99 -mfloat-abi=softfp -Wa,-adhlns="Libraries/Newlib/syscalls.o.lst" -pipe -c -fmessage-length=0 -MMD -MP -MF"Libraries/Newlib/syscalls.d" -MT"Libraries/Newlib/syscalls.d Libraries/Newlib/syscalls.o" -mcpu=cortex-m4 -mfpu=fpv4-sp-d16 -mthumb -g -gdwarf-2 -o "Libraries/Newlib/syscalls.o" "../Libraries/Newlib/syscalls.c" 
'Finished building: ../Libraries/Newlib/syscalls.c'

'Building file: ../Dave/Generated/TIMER/timer.c'
'Invoking: ARM-GCC C Compiler'
"C:/DAVEv4-64Bit/DAVE-4.3.2/eclipse/ARM-GCC-49/bin/arm-none-eabi-gcc" -MMD -MT "Dave/Generated/TIMER/timer.o" -DXMC4300_F100x256 -I"E:/备份文件/workplace/XMC4300_Relax_EtherCat_APP_Slave_SSC/Libraries/XMCLib/inc" -I"E:/备份文件/workplace/XMC4300_Relax_EtherCat_APP_Slave_SSC/Libraries/CMSIS/Include" -I"E:/备份文件/workplace/XMC4300_Relax_EtherCat_APP_Slave_SSC/Libraries/CMSIS/Infineon/XMC4300_series/Include" -I"E:/备份文件/workplace/XMC4300_Relax_EtherCat_APP_Slave_SSC" -I"E:/备份文件/workplace/XMC4300_Relax_EtherCat_APP_Slave_SSC/Dave/Generated" -I"E:/备份文件/workplace/XMC4300_Relax_EtherCat_APP_Slave_SSC/Libraries" -O0 -ffunction-sections -fdata-sections -Wall -std=gnu99 -mfloat-abi=softfp -Wa,-adhlns="Dave/Generated/TIMER/timer.o.lst" -pipe -c -fmessage-length=0 -MMD -MP -MF"Dave/Generated/TIMER/timer.d" -MT"Dave/Generated/TIMER/timer.d Dave/Generated/TIMER/timer.o" -mcpu=cortex-m4 -mfpu=fpv4-sp-d16 -mthumb -g -gdwarf-2 -o "Dave/Generated/TIMER/timer.o" "../Dave/Generated/TIMER/timer.c" 
'Finished building: ../Dave/Generated/TIMER/timer.c'

'Building file: ../Dave/Generated/TIMER/timer_conf.c'
'Invoking: ARM-GCC C Compiler'
"C:/DAVEv4-64Bit/DAVE-4.3.2/eclipse/ARM-GCC-49/bin/arm-none-eabi-gcc" -MMD -MT "Dave/Generated/TIMER/timer_conf.o" -DXMC4300_F100x256 -I"E:/备份文件/workplace/XMC4300_Relax_EtherCat_APP_Slave_SSC/Libraries/XMCLib/inc" -I"E:/备份文件/workplace/XMC4300_Relax_EtherCat_APP_Slave_SSC/Libraries/CMSIS/Include" -I"E:/备份文件/workplace/XMC4300_Relax_EtherCat_APP_Slave_SSC/Libraries/CMSIS/Infineon/XMC4300_series/Include" -I"E:/备份文件/workplace/XMC4300_Relax_EtherCat_APP_Slave_SSC" -I"E:/备份文件/workplace/XMC4300_Relax_EtherCat_APP_Slave_SSC/Dave/Generated" -I"E:/备份文件/workplace/XMC4300_Relax_EtherCat_APP_Slave_SSC/Libraries" -O0 -ffunction-sections -fdata-sections -Wall -std=gnu99 -mfloat-abi=softfp -Wa,-adhlns="Dave/Generated/TIMER/timer_conf.o.lst" -pipe -c -fmessage-length=0 -MMD -MP -MF"Dave/Generated/TIMER/timer_conf.d" -MT"Dave/Generated/TIMER/timer_conf.d Dave/Generated/TIMER/timer_conf.o" -mcpu=cortex-m4 -mfpu=fpv4-sp-d16 -mthumb -g -gdwarf-2 -o "Dave/Generated/TIMER/timer_conf.o" "../Dave/Generated/TIMER/timer_conf.c" 
'Finished building: ../Dave/Generated/TIMER/timer_conf.c'

'Building file: ../Dave/Generated/INTERRUPT/interrupt.c'
'Invoking: ARM-GCC C Compiler'
"C:/DAVEv4-64Bit/DAVE-4.3.2/eclipse/ARM-GCC-49/bin/arm-none-eabi-gcc" -MMD -MT "Dave/Generated/INTERRUPT/interrupt.o" -DXMC4300_F100x256 -I"E:/备份文件/workplace/XMC4300_Relax_EtherCat_APP_Slave_SSC/Libraries/XMCLib/inc" -I"E:/备份文件/workplace/XMC4300_Relax_EtherCat_APP_Slave_SSC/Libraries/CMSIS/Include" -I"E:/备份文件/workplace/XMC4300_Relax_EtherCat_APP_Slave_SSC/Libraries/CMSIS/Infineon/XMC4300_series/Include" -I"E:/备份文件/workplace/XMC4300_Relax_EtherCat_APP_Slave_SSC" -I"E:/备份文件/workplace/XMC4300_Relax_EtherCat_APP_Slave_SSC/Dave/Generated" -I"E:/备份文件/workplace/XMC4300_Relax_EtherCat_APP_Slave_SSC/Libraries" -O0 -ffunction-sections -fdata-sections -Wall -std=gnu99 -mfloat-abi=softfp -Wa,-adhlns="Dave/Generated/INTERRUPT/interrupt.o.lst" -pipe -c -fmessage-length=0 -MMD -MP -MF"Dave/Generated/INTERRUPT/interrupt.d" -MT"Dave/Generated/INTERRUPT/interrupt.d Dave/Generated/INTERRUPT/interrupt.o" -mcpu=cortex-m4 -mfpu=fpv4-sp-d16 -mthumb -g -gdwarf-2 -o "Dave/Generated/INTERRUPT/interrupt.o" "../Dave/Generated/INTERRUPT/interrupt.c" 
'Finished building: ../Dave/Generated/INTERRUPT/interrupt.c'

'Building file: ../Dave/Generated/INTERRUPT/interrupt_conf.c'
'Invoking: ARM-GCC C Compiler'
"C:/DAVEv4-64Bit/DAVE-4.3.2/eclipse/ARM-GCC-49/bin/arm-none-eabi-gcc" -MMD -MT "Dave/Generated/INTERRUPT/interrupt_conf.o" -DXMC4300_F100x256 -I"E:/备份文件/workplace/XMC4300_Relax_EtherCat_APP_Slave_SSC/Libraries/XMCLib/inc" -I"E:/备份文件/workplace/XMC4300_Relax_EtherCat_APP_Slave_SSC/Libraries/CMSIS/Include" -I"E:/备份文件/workplace/XMC4300_Relax_EtherCat_APP_Slave_SSC/Libraries/CMSIS/Infineon/XMC4300_series/Include" -I"E:/备份文件/workplace/XMC4300_Relax_EtherCat_APP_Slave_SSC" -I"E:/备份文件/workplace/XMC4300_Relax_EtherCat_APP_Slave_SSC/Dave/Generated" -I"E:/备份文件/workplace/XMC4300_Relax_EtherCat_APP_Slave_SSC/Libraries" -O0 -ffunction-sections -fdata-sections -Wall -std=gnu99 -mfloat-abi=softfp -Wa,-adhlns="Dave/Generated/INTERRUPT/interrupt_conf.o.lst" -pipe -c -fmessage-length=0 -MMD -MP -MF"Dave/Generated/INTERRUPT/interrupt_conf.d" -MT"Dave/Generated/INTERRUPT/interrupt_conf.d Dave/Generated/INTERRUPT/interrupt_conf.o" -mcpu=cortex-m4 -mfpu=fpv4-sp-d16 -mthumb -g -gdwarf-2 -o "Dave/Generated/INTERRUPT/interrupt_conf.o" "../Dave/Generated/INTERRUPT/interrupt_conf.c" 
'Finished building: ../Dave/Generated/INTERRUPT/interrupt_conf.c'

'Building file: ../Dave/Generated/GLOBAL_CCU4/global_ccu4.c'
'Invoking: ARM-GCC C Compiler'
"C:/DAVEv4-64Bit/DAVE-4.3.2/eclipse/ARM-GCC-49/bin/arm-none-eabi-gcc" -MMD -MT "Dave/Generated/GLOBAL_CCU4/global_ccu4.o" -DXMC4300_F100x256 -I"E:/备份文件/workplace/XMC4300_Relax_EtherCat_APP_Slave_SSC/Libraries/XMCLib/inc" -I"E:/备份文件/workplace/XMC4300_Relax_EtherCat_APP_Slave_SSC/Libraries/CMSIS/Include" -I"E:/备份文件/workplace/XMC4300_Relax_EtherCat_APP_Slave_SSC/Libraries/CMSIS/Infineon/XMC4300_series/Include" -I"E:/备份文件/workplace/XMC4300_Relax_EtherCat_APP_Slave_SSC" -I"E:/备份文件/workplace/XMC4300_Relax_EtherCat_APP_Slave_SSC/Dave/Generated" -I"E:/备份文件/workplace/XMC4300_Relax_EtherCat_APP_Slave_SSC/Libraries" -O0 -ffunction-sections -fdata-sections -Wall -std=gnu99 -mfloat-abi=softfp -Wa,-adhlns="Dave/Generated/GLOBAL_CCU4/global_ccu4.o.lst" -pipe -c -fmessage-length=0 -MMD -MP -MF"Dave/Generated/GLOBAL_CCU4/global_ccu4.d" -MT"Dave/Generated/GLOBAL_CCU4/global_ccu4.d Dave/Generated/GLOBAL_CCU4/global_ccu4.o" -mcpu=cortex-m4 -mfpu=fpv4-sp-d16 -mthumb -g -gdwarf-2 -o "Dave/Generated/GLOBAL_CCU4/global_ccu4.o" "../Dave/Generated/GLOBAL_CCU4/global_ccu4.c" 
'Finished building: ../Dave/Generated/GLOBAL_CCU4/global_ccu4.c'

'Building file: ../Dave/Generated/GLOBAL_CCU4/global_ccu4_conf.c'
'Invoking: ARM-GCC C Compiler'
"C:/DAVEv4-64Bit/DAVE-4.3.2/eclipse/ARM-GCC-49/bin/arm-none-eabi-gcc" -MMD -MT "Dave/Generated/GLOBAL_CCU4/global_ccu4_conf.o" -DXMC4300_F100x256 -I"E:/备份文件/workplace/XMC4300_Relax_EtherCat_APP_Slave_SSC/Libraries/XMCLib/inc" -I"E:/备份文件/workplace/XMC4300_Relax_EtherCat_APP_Slave_SSC/Libraries/CMSIS/Include" -I"E:/备份文件/workplace/XMC4300_Relax_EtherCat_APP_Slave_SSC/Libraries/CMSIS/Infineon/XMC4300_series/Include" -I"E:/备份文件/workplace/XMC4300_Relax_EtherCat_APP_Slave_SSC" -I"E:/备份文件/workplace/XMC4300_Relax_EtherCat_APP_Slave_SSC/Dave/Generated" -I"E:/备份文件/workplace/XMC4300_Relax_EtherCat_APP_Slave_SSC/Libraries" -O0 -ffunction-sections -fdata-sections -Wall -std=gnu99 -mfloat-abi=softfp -Wa,-adhlns="Dave/Generated/GLOBAL_CCU4/global_ccu4_conf.o.lst" -pipe -c -fmessage-length=0 -MMD -MP -MF"Dave/Generated/GLOBAL_CCU4/global_ccu4_conf.d" -MT"Dave/Generated/GLOBAL_CCU4/global_ccu4_conf.d Dave/Generated/GLOBAL_CCU4/global_ccu4_conf.o" -mcpu=cortex-m4 -mfpu=fpv4-sp-d16 -mthumb -g -gdwarf-2 -o "Dave/Generated/GLOBAL_CCU4/global_ccu4_conf.o" "../Dave/Generated/GLOBAL_CCU4/global_ccu4_conf.c" 
'Finished building: ../Dave/Generated/GLOBAL_CCU4/global_ccu4_conf.c'

'Building file: ../Dave/Generated/E_EEPROM_XMC4/e_eeprom_xmc4.c'
'Invoking: ARM-GCC C Compiler'
"C:/DAVEv4-64Bit/DAVE-4.3.2/eclipse/ARM-GCC-49/bin/arm-none-eabi-gcc" -MMD -MT "Dave/Generated/E_EEPROM_XMC4/e_eeprom_xmc4.o" -DXMC4300_F100x256 -I"E:/备份文件/workplace/XMC4300_Relax_EtherCat_APP_Slave_SSC/Libraries/XMCLib/inc" -I"E:/备份文件/workplace/XMC4300_Relax_EtherCat_APP_Slave_SSC/Libraries/CMSIS/Include" -I"E:/备份文件/workplace/XMC4300_Relax_EtherCat_APP_Slave_SSC/Libraries/CMSIS/Infineon/XMC4300_series/Include" -I"E:/备份文件/workplace/XMC4300_Relax_EtherCat_APP_Slave_SSC" -I"E:/备份文件/workplace/XMC4300_Relax_EtherCat_APP_Slave_SSC/Dave/Generated" -I"E:/备份文件/workplace/XMC4300_Relax_EtherCat_APP_Slave_SSC/Libraries" -O0 -ffunction-sections -fdata-sections -Wall -std=gnu99 -mfloat-abi=softfp -Wa,-adhlns="Dave/Generated/E_EEPROM_XMC4/e_eeprom_xmc4.o.lst" -pipe -c -fmessage-length=0 -MMD -MP -MF"Dave/Generated/E_EEPROM_XMC4/e_eeprom_xmc4.d" -MT"Dave/Generated/E_EEPROM_XMC4/e_eeprom_xmc4.d Dave/Generated/E_EEPROM_XMC4/e_eeprom_xmc4.o" -mcpu=cortex-m4 -mfpu=fpv4-sp-d16 -mthumb -g -gdwarf-2 -o "Dave/Generated/E_EEPROM_XMC4/e_eeprom_xmc4.o" "../Dave/Generated/E_EEPROM_XMC4/e_eeprom_xmc4.c" 
'Finished building: ../Dave/Generated/E_EEPROM_XMC4/e_eeprom_xmc4.c'

'Building file: ../Dave/Generated/E_EEPROM_XMC4/e_eeprom_xmc4_conf.c'
'Invoking: ARM-GCC C Compiler'
"C:/DAVEv4-64Bit/DAVE-4.3.2/eclipse/ARM-GCC-49/bin/arm-none-eabi-gcc" -MMD -MT "Dave/Generated/E_EEPROM_XMC4/e_eeprom_xmc4_conf.o" -DXMC4300_F100x256 -I"E:/备份文件/workplace/XMC4300_Relax_EtherCat_APP_Slave_SSC/Libraries/XMCLib/inc" -I"E:/备份文件/workplace/XMC4300_Relax_EtherCat_APP_Slave_SSC/Libraries/CMSIS/Include" -I"E:/备份文件/workplace/XMC4300_Relax_EtherCat_APP_Slave_SSC/Libraries/CMSIS/Infineon/XMC4300_series/Include" -I"E:/备份文件/workplace/XMC4300_Relax_EtherCat_APP_Slave_SSC" -I"E:/备份文件/workplace/XMC4300_Relax_EtherCat_APP_Slave_SSC/Dave/Generated" -I"E:/备份文件/workplace/XMC4300_Relax_EtherCat_APP_Slave_SSC/Libraries" -O0 -ffunction-sections -fdata-sections -Wall -std=gnu99 -mfloat-abi=softfp -Wa,-adhlns="Dave/Generated/E_EEPROM_XMC4/e_eeprom_xmc4_conf.o.lst" -pipe -c -fmessage-length=0 -MMD -MP -MF"Dave/Generated/E_EEPROM_XMC4/e_eeprom_xmc4_conf.d" -MT"Dave/Generated/E_EEPROM_XMC4/e_eeprom_xmc4_conf.d Dave/Generated/E_EEPROM_XMC4/e_eeprom_xmc4_conf.o" -mcpu=cortex-m4 -mfpu=fpv4-sp-d16 -mthumb -g -gdwarf-2 -o "Dave/Generated/E_EEPROM_XMC4/e_eeprom_xmc4_conf.o" "../Dave/Generated/E_EEPROM_XMC4/e_eeprom_xmc4_conf.c" 
'Finished building: ../Dave/Generated/E_EEPROM_XMC4/e_eeprom_xmc4_conf.c'

'Building file: ../Dave/Generated/EVENT_GENERATOR/event_generator.c'
'Invoking: ARM-GCC C Compiler'
"C:/DAVEv4-64Bit/DAVE-4.3.2/eclipse/ARM-GCC-49/bin/arm-none-eabi-gcc" -MMD -MT "Dave/Generated/EVENT_GENERATOR/event_generator.o" -DXMC4300_F100x256 -I"E:/备份文件/workplace/XMC4300_Relax_EtherCat_APP_Slave_SSC/Libraries/XMCLib/inc" -I"E:/备份文件/workplace/XMC4300_Relax_EtherCat_APP_Slave_SSC/Libraries/CMSIS/Include" -I"E:/备份文件/workplace/XMC4300_Relax_EtherCat_APP_Slave_SSC/Libraries/CMSIS/Infineon/XMC4300_series/Include" -I"E:/备份文件/workplace/XMC4300_Relax_EtherCat_APP_Slave_SSC" -I"E:/备份文件/workplace/XMC4300_Relax_EtherCat_APP_Slave_SSC/Dave/Generated" -I"E:/备份文件/workplace/XMC4300_Relax_EtherCat_APP_Slave_SSC/Libraries" -O0 -ffunction-sections -fdata-sections -Wall -std=gnu99 -mfloat-abi=softfp -Wa,-adhlns="Dave/Generated/EVENT_GENERATOR/event_generator.o.lst" -pipe -c -fmessage-length=0 -MMD -MP -MF"Dave/Generated/EVENT_GENERATOR/event_generator.d" -MT"Dave/Generated/EVENT_GENERATOR/event_generator.d Dave/Generated/EVENT_GENERATOR/event_generator.o" -mcpu=cortex-m4 -mfpu=fpv4-sp-d16 -mthumb -g -gdwarf-2 -o "Dave/Generated/EVENT_GENERATOR/event_generator.o" "../Dave/Generated/EVENT_GENERATOR/event_generator.c" 
'Finished building: ../Dave/Generated/EVENT_GENERATOR/event_generator.c'

'Building file: ../Dave/Generated/EVENT_GENERATOR/event_generator_conf.c'
'Invoking: ARM-GCC C Compiler'
"C:/DAVEv4-64Bit/DAVE-4.3.2/eclipse/ARM-GCC-49/bin/arm-none-eabi-gcc" -MMD -MT "Dave/Generated/EVENT_GENERATOR/event_generator_conf.o" -DXMC4300_F100x256 -I"E:/备份文件/workplace/XMC4300_Relax_EtherCat_APP_Slave_SSC/Libraries/XMCLib/inc" -I"E:/备份文件/workplace/XMC4300_Relax_EtherCat_APP_Slave_SSC/Libraries/CMSIS/Include" -I"E:/备份文件/workplace/XMC4300_Relax_EtherCat_APP_Slave_SSC/Libraries/CMSIS/Infineon/XMC4300_series/Include" -I"E:/备份文件/workplace/XMC4300_Relax_EtherCat_APP_Slave_SSC" -I"E:/备份文件/workplace/XMC4300_Relax_EtherCat_APP_Slave_SSC/Dave/Generated" -I"E:/备份文件/workplace/XMC4300_Relax_EtherCat_APP_Slave_SSC/Libraries" -O0 -ffunction-sections -fdata-sections -Wall -std=gnu99 -mfloat-abi=softfp -Wa,-adhlns="Dave/Generated/EVENT_GENERATOR/event_generator_conf.o.lst" -pipe -c -fmessage-length=0 -MMD -MP -MF"Dave/Generated/EVENT_GENERATOR/event_generator_conf.d" -MT"Dave/Generated/EVENT_GENERATOR/event_generator_conf.d Dave/Generated/EVENT_GENERATOR/event_generator_conf.o" -mcpu=cortex-m4 -mfpu=fpv4-sp-d16 -mthumb -g -gdwarf-2 -o "Dave/Generated/EVENT_GENERATOR/event_generator_conf.o" "../Dave/Generated/EVENT_GENERATOR/event_generator_conf.c" 
'Finished building: ../Dave/Generated/EVENT_GENERATOR/event_generator_conf.c'

'Building file: ../Dave/Generated/EVENT_DETECTOR/event_detector.c'
'Invoking: ARM-GCC C Compiler'
"C:/DAVEv4-64Bit/DAVE-4.3.2/eclipse/ARM-GCC-49/bin/arm-none-eabi-gcc" -MMD -MT "Dave/Generated/EVENT_DETECTOR/event_detector.o" -DXMC4300_F100x256 -I"E:/备份文件/workplace/XMC4300_Relax_EtherCat_APP_Slave_SSC/Libraries/XMCLib/inc" -I"E:/备份文件/workplace/XMC4300_Relax_EtherCat_APP_Slave_SSC/Libraries/CMSIS/Include" -I"E:/备份文件/workplace/XMC4300_Relax_EtherCat_APP_Slave_SSC/Libraries/CMSIS/Infineon/XMC4300_series/Include" -I"E:/备份文件/workplace/XMC4300_Relax_EtherCat_APP_Slave_SSC" -I"E:/备份文件/workplace/XMC4300_Relax_EtherCat_APP_Slave_SSC/Dave/Generated" -I"E:/备份文件/workplace/XMC4300_Relax_EtherCat_APP_Slave_SSC/Libraries" -O0 -ffunction-sections -fdata-sections -Wall -std=gnu99 -mfloat-abi=softfp -Wa,-adhlns="Dave/Generated/EVENT_DETECTOR/event_detector.o.lst" -pipe -c -fmessage-length=0 -MMD -MP -MF"Dave/Generated/EVENT_DETECTOR/event_detector.d" -MT"Dave/Generated/EVENT_DETECTOR/event_detector.d Dave/Generated/EVENT_DETECTOR/event_detector.o" -mcpu=cortex-m4 -mfpu=fpv4-sp-d16 -mthumb -g -gdwarf-2 -o "Dave/Generated/EVENT_DETECTOR/event_detector.o" "../Dave/Generated/EVENT_DETECTOR/event_detector.c" 
'Finished building: ../Dave/Generated/EVENT_DETECTOR/event_detector.c'

'Building file: ../Dave/Generated/EVENT_DETECTOR/event_detector_conf.c'
'Invoking: ARM-GCC C Compiler'
"C:/DAVEv4-64Bit/DAVE-4.3.2/eclipse/ARM-GCC-49/bin/arm-none-eabi-gcc" -MMD -MT "Dave/Generated/EVENT_DETECTOR/event_detector_conf.o" -DXMC4300_F100x256 -I"E:/备份文件/workplace/XMC4300_Relax_EtherCat_APP_Slave_SSC/Libraries/XMCLib/inc" -I"E:/备份文件/workplace/XMC4300_Relax_EtherCat_APP_Slave_SSC/Libraries/CMSIS/Include" -I"E:/备份文件/workplace/XMC4300_Relax_EtherCat_APP_Slave_SSC/Libraries/CMSIS/Infineon/XMC4300_series/Include" -I"E:/备份文件/workplace/XMC4300_Relax_EtherCat_APP_Slave_SSC" -I"E:/备份文件/workplace/XMC4300_Relax_EtherCat_APP_Slave_SSC/Dave/Generated" -I"E:/备份文件/workplace/XMC4300_Relax_EtherCat_APP_Slave_SSC/Libraries" -O0 -ffunction-sections -fdata-sections -Wall -std=gnu99 -mfloat-abi=softfp -Wa,-adhlns="Dave/Generated/EVENT_DETECTOR/event_detector_conf.o.lst" -pipe -c -fmessage-length=0 -MMD -MP -MF"Dave/Generated/EVENT_DETECTOR/event_detector_conf.d" -MT"Dave/Generated/EVENT_DETECTOR/event_detector_conf.d Dave/Generated/EVENT_DETECTOR/event_detector_conf.o" -mcpu=cortex-m4 -mfpu=fpv4-sp-d16 -mthumb -g -gdwarf-2 -o "Dave/Generated/EVENT_DETECTOR/event_detector_conf.o" "../Dave/Generated/EVENT_DETECTOR/event_detector_conf.c" 
'Finished building: ../Dave/Generated/EVENT_DETECTOR/event_detector_conf.c'

'Building file: ../Dave/Generated/ECAT_SSC/ecat_ssc.c'
'Invoking: ARM-GCC C Compiler'
"C:/DAVEv4-64Bit/DAVE-4.3.2/eclipse/ARM-GCC-49/bin/arm-none-eabi-gcc" -MMD -MT "Dave/Generated/ECAT_SSC/ecat_ssc.o" -DXMC4300_F100x256 -I"E:/备份文件/workplace/XMC4300_Relax_EtherCat_APP_Slave_SSC/Libraries/XMCLib/inc" -I"E:/备份文件/workplace/XMC4300_Relax_EtherCat_APP_Slave_SSC/Libraries/CMSIS/Include" -I"E:/备份文件/workplace/XMC4300_Relax_EtherCat_APP_Slave_SSC/Libraries/CMSIS/Infineon/XMC4300_series/Include" -I"E:/备份文件/workplace/XMC4300_Relax_EtherCat_APP_Slave_SSC" -I"E:/备份文件/workplace/XMC4300_Relax_EtherCat_APP_Slave_SSC/Dave/Generated" -I"E:/备份文件/workplace/XMC4300_Relax_EtherCat_APP_Slave_SSC/Libraries" -O0 -ffunction-sections -fdata-sections -Wall -std=gnu99 -mfloat-abi=softfp -Wa,-adhlns="Dave/Generated/ECAT_SSC/ecat_ssc.o.lst" -pipe -c -fmessage-length=0 -MMD -MP -MF"Dave/Generated/ECAT_SSC/ecat_ssc.d" -MT"Dave/Generated/ECAT_SSC/ecat_ssc.d Dave/Generated/ECAT_SSC/ecat_ssc.o" -mcpu=cortex-m4 -mfpu=fpv4-sp-d16 -mthumb -g -gdwarf-2 -o "Dave/Generated/ECAT_SSC/ecat_ssc.o" "../Dave/Generated/ECAT_SSC/ecat_ssc.c" 
'Finished building: ../Dave/Generated/ECAT_SSC/ecat_ssc.c'

'Building file: ../Dave/Generated/ECAT_SSC/ecat_ssc_conf.c'
'Invoking: ARM-GCC C Compiler'
"C:/DAVEv4-64Bit/DAVE-4.3.2/eclipse/ARM-GCC-49/bin/arm-none-eabi-gcc" -MMD -MT "Dave/Generated/ECAT_SSC/ecat_ssc_conf.o" -DXMC4300_F100x256 -I"E:/备份文件/workplace/XMC4300_Relax_EtherCat_APP_Slave_SSC/Libraries/XMCLib/inc" -I"E:/备份文件/workplace/XMC4300_Relax_EtherCat_APP_Slave_SSC/Libraries/CMSIS/Include" -I"E:/备份文件/workplace/XMC4300_Relax_EtherCat_APP_Slave_SSC/Libraries/CMSIS/Infineon/XMC4300_series/Include" -I"E:/备份文件/workplace/XMC4300_Relax_EtherCat_APP_Slave_SSC" -I"E:/备份文件/workplace/XMC4300_Relax_EtherCat_APP_Slave_SSC/Dave/Generated" -I"E:/备份文件/workplace/XMC4300_Relax_EtherCat_APP_Slave_SSC/Libraries" -O0 -ffunction-sections -fdata-sections -Wall -std=gnu99 -mfloat-abi=softfp -Wa,-adhlns="Dave/Generated/ECAT_SSC/ecat_ssc_conf.o.lst" -pipe -c -fmessage-length=0 -MMD -MP -MF"Dave/Generated/ECAT_SSC/ecat_ssc_conf.d" -MT"Dave/Generated/ECAT_SSC/ecat_ssc_conf.d Dave/Generated/ECAT_SSC/ecat_ssc_conf.o" -mcpu=cortex-m4 -mfpu=fpv4-sp-d16 -mthumb -g -gdwarf-2 -o "Dave/Generated/ECAT_SSC/ecat_ssc_conf.o" "../Dave/Generated/ECAT_SSC/ecat_ssc_conf.c" 
'Finished building: ../Dave/Generated/ECAT_SSC/ecat_ssc_conf.c'

'Building file: ../Dave/Generated/ECAT_SSC/xmc_eschw.c'
'Invoking: ARM-GCC C Compiler'
"C:/DAVEv4-64Bit/DAVE-4.3.2/eclipse/ARM-GCC-49/bin/arm-none-eabi-gcc" -MMD -MT "Dave/Generated/ECAT_SSC/xmc_eschw.o" -DXMC4300_F100x256 -I"E:/备份文件/workplace/XMC4300_Relax_EtherCat_APP_Slave_SSC/Libraries/XMCLib/inc" -I"E:/备份文件/workplace/XMC4300_Relax_EtherCat_APP_Slave_SSC/Libraries/CMSIS/Include" -I"E:/备份文件/workplace/XMC4300_Relax_EtherCat_APP_Slave_SSC/Libraries/CMSIS/Infineon/XMC4300_series/Include" -I"E:/备份文件/workplace/XMC4300_Relax_EtherCat_APP_Slave_SSC" -I"E:/备份文件/workplace/XMC4300_Relax_EtherCat_APP_Slave_SSC/Dave/Generated" -I"E:/备份文件/workplace/XMC4300_Relax_EtherCat_APP_Slave_SSC/Libraries" -O0 -ffunction-sections -fdata-sections -Wall -std=gnu99 -mfloat-abi=softfp -Wa,-adhlns="Dave/Generated/ECAT_SSC/xmc_eschw.o.lst" -pipe -c -fmessage-length=0 -MMD -MP -MF"Dave/Generated/ECAT_SSC/xmc_eschw.d" -MT"Dave/Generated/ECAT_SSC/xmc_eschw.d Dave/Generated/ECAT_SSC/xmc_eschw.o" -mcpu=cortex-m4 -mfpu=fpv4-sp-d16 -mthumb -g -gdwarf-2 -o "Dave/Generated/ECAT_SSC/xmc_eschw.o" "../Dave/Generated/ECAT_SSC/xmc_eschw.c" 
'Finished building: ../Dave/Generated/ECAT_SSC/xmc_eschw.c'

'Building file: ../Dave/Generated/DIGITAL_IO/digital_io.c'
'Invoking: ARM-GCC C Compiler'
"C:/DAVEv4-64Bit/DAVE-4.3.2/eclipse/ARM-GCC-49/bin/arm-none-eabi-gcc" -MMD -MT "Dave/Generated/DIGITAL_IO/digital_io.o" -DXMC4300_F100x256 -I"E:/备份文件/workplace/XMC4300_Relax_EtherCat_APP_Slave_SSC/Libraries/XMCLib/inc" -I"E:/备份文件/workplace/XMC4300_Relax_EtherCat_APP_Slave_SSC/Libraries/CMSIS/Include" -I"E:/备份文件/workplace/XMC4300_Relax_EtherCat_APP_Slave_SSC/Libraries/CMSIS/Infineon/XMC4300_series/Include" -I"E:/备份文件/workplace/XMC4300_Relax_EtherCat_APP_Slave_SSC" -I"E:/备份文件/workplace/XMC4300_Relax_EtherCat_APP_Slave_SSC/Dave/Generated" -I"E:/备份文件/workplace/XMC4300_Relax_EtherCat_APP_Slave_SSC/Libraries" -O0 -ffunction-sections -fdata-sections -Wall -std=gnu99 -mfloat-abi=softfp -Wa,-adhlns="Dave/Generated/DIGITAL_IO/digital_io.o.lst" -pipe -c -fmessage-length=0 -MMD -MP -MF"Dave/Generated/DIGITAL_IO/digital_io.d" -MT"Dave/Generated/DIGITAL_IO/digital_io.d Dave/Generated/DIGITAL_IO/digital_io.o" -mcpu=cortex-m4 -mfpu=fpv4-sp-d16 -mthumb -g -gdwarf-2 -o "Dave/Generated/DIGITAL_IO/digital_io.o" "../Dave/Generated/DIGITAL_IO/digital_io.c" 
'Finished building: ../Dave/Generated/DIGITAL_IO/digital_io.c'

'Building file: ../Dave/Generated/DIGITAL_IO/digital_io_conf.c'
'Invoking: ARM-GCC C Compiler'
"C:/DAVEv4-64Bit/DAVE-4.3.2/eclipse/ARM-GCC-49/bin/arm-none-eabi-gcc" -MMD -MT "Dave/Generated/DIGITAL_IO/digital_io_conf.o" -DXMC4300_F100x256 -I"E:/备份文件/workplace/XMC4300_Relax_EtherCat_APP_Slave_SSC/Libraries/XMCLib/inc" -I"E:/备份文件/workplace/XMC4300_Relax_EtherCat_APP_Slave_SSC/Libraries/CMSIS/Include" -I"E:/备份文件/workplace/XMC4300_Relax_EtherCat_APP_Slave_SSC/Libraries/CMSIS/Infineon/XMC4300_series/Include" -I"E:/备份文件/workplace/XMC4300_Relax_EtherCat_APP_Slave_SSC" -I"E:/备份文件/workplace/XMC4300_Relax_EtherCat_APP_Slave_SSC/Dave/Generated" -I"E:/备份文件/workplace/XMC4300_Relax_EtherCat_APP_Slave_SSC/Libraries" -O0 -ffunction-sections -fdata-sections -Wall -std=gnu99 -mfloat-abi=softfp -Wa,-adhlns="Dave/Generated/DIGITAL_IO/digital_io_conf.o.lst" -pipe -c -fmessage-length=0 -MMD -MP -MF"Dave/Generated/DIGITAL_IO/digital_io_conf.d" -MT"Dave/Generated/DIGITAL_IO/digital_io_conf.d Dave/Generated/DIGITAL_IO/digital_io_conf.o" -mcpu=cortex-m4 -mfpu=fpv4-sp-d16 -mthumb -g -gdwarf-2 -o "Dave/Generated/DIGITAL_IO/digital_io_conf.o" "../Dave/Generated/DIGITAL_IO/digital_io_conf.c" 
'Finished building: ../Dave/Generated/DIGITAL_IO/digital_io_conf.c'

'Building file: ../Dave/Generated/CPU_CTRL_XMC4/cpu_ctrl_xmc4.c'
'Invoking: ARM-GCC C Compiler'
"C:/DAVEv4-64Bit/DAVE-4.3.2/eclipse/ARM-GCC-49/bin/arm-none-eabi-gcc" -MMD -MT "Dave/Generated/CPU_CTRL_XMC4/cpu_ctrl_xmc4.o" -DXMC4300_F100x256 -I"E:/备份文件/workplace/XMC4300_Relax_EtherCat_APP_Slave_SSC/Libraries/XMCLib/inc" -I"E:/备份文件/workplace/XMC4300_Relax_EtherCat_APP_Slave_SSC/Libraries/CMSIS/Include" -I"E:/备份文件/workplace/XMC4300_Relax_EtherCat_APP_Slave_SSC/Libraries/CMSIS/Infineon/XMC4300_series/Include" -I"E:/备份文件/workplace/XMC4300_Relax_EtherCat_APP_Slave_SSC" -I"E:/备份文件/workplace/XMC4300_Relax_EtherCat_APP_Slave_SSC/Dave/Generated" -I"E:/备份文件/workplace/XMC4300_Relax_EtherCat_APP_Slave_SSC/Libraries" -O0 -ffunction-sections -fdata-sections -Wall -std=gnu99 -mfloat-abi=softfp -Wa,-adhlns="Dave/Generated/CPU_CTRL_XMC4/cpu_ctrl_xmc4.o.lst" -pipe -c -fmessage-length=0 -MMD -MP -MF"Dave/Generated/CPU_CTRL_XMC4/cpu_ctrl_xmc4.d" -MT"Dave/Generated/CPU_CTRL_XMC4/cpu_ctrl_xmc4.d Dave/Generated/CPU_CTRL_XMC4/cpu_ctrl_xmc4.o" -mcpu=cortex-m4 -mfpu=fpv4-sp-d16 -mthumb -g -gdwarf-2 -o "Dave/Generated/CPU_CTRL_XMC4/cpu_ctrl_xmc4.o" "../Dave/Generated/CPU_CTRL_XMC4/cpu_ctrl_xmc4.c" 
'Finished building: ../Dave/Generated/CPU_CTRL_XMC4/cpu_ctrl_xmc4.c'

'Building file: ../Dave/Generated/CPU_CTRL_XMC4/cpu_ctrl_xmc4_conf.c'
'Invoking: ARM-GCC C Compiler'
"C:/DAVEv4-64Bit/DAVE-4.3.2/eclipse/ARM-GCC-49/bin/arm-none-eabi-gcc" -MMD -MT "Dave/Generated/CPU_CTRL_XMC4/cpu_ctrl_xmc4_conf.o" -DXMC4300_F100x256 -I"E:/备份文件/workplace/XMC4300_Relax_EtherCat_APP_Slave_SSC/Libraries/XMCLib/inc" -I"E:/备份文件/workplace/XMC4300_Relax_EtherCat_APP_Slave_SSC/Libraries/CMSIS/Include" -I"E:/备份文件/workplace/XMC4300_Relax_EtherCat_APP_Slave_SSC/Libraries/CMSIS/Infineon/XMC4300_series/Include" -I"E:/备份文件/workplace/XMC4300_Relax_EtherCat_APP_Slave_SSC" -I"E:/备份文件/workplace/XMC4300_Relax_EtherCat_APP_Slave_SSC/Dave/Generated" -I"E:/备份文件/workplace/XMC4300_Relax_EtherCat_APP_Slave_SSC/Libraries" -O0 -ffunction-sections -fdata-sections -Wall -std=gnu99 -mfloat-abi=softfp -Wa,-adhlns="Dave/Generated/CPU_CTRL_XMC4/cpu_ctrl_xmc4_conf.o.lst" -pipe -c -fmessage-length=0 -MMD -MP -MF"Dave/Generated/CPU_CTRL_XMC4/cpu_ctrl_xmc4_conf.d" -MT"Dave/Generated/CPU_CTRL_XMC4/cpu_ctrl_xmc4_conf.d Dave/Generated/CPU_CTRL_XMC4/cpu_ctrl_xmc4_conf.o" -mcpu=cortex-m4 -mfpu=fpv4-sp-d16 -mthumb -g -gdwarf-2 -o "Dave/Generated/CPU_CTRL_XMC4/cpu_ctrl_xmc4_conf.o" "../Dave/Generated/CPU_CTRL_XMC4/cpu_ctrl_xmc4_conf.c" 
'Finished building: ../Dave/Generated/CPU_CTRL_XMC4/cpu_ctrl_xmc4_conf.c'

'Building file: ../Dave/Generated/CLOCK_XMC4/clock_xmc4.c'
'Invoking: ARM-GCC C Compiler'
"C:/DAVEv4-64Bit/DAVE-4.3.2/eclipse/ARM-GCC-49/bin/arm-none-eabi-gcc" -MMD -MT "Dave/Generated/CLOCK_XMC4/clock_xmc4.o" -DXMC4300_F100x256 -I"E:/备份文件/workplace/XMC4300_Relax_EtherCat_APP_Slave_SSC/Libraries/XMCLib/inc" -I"E:/备份文件/workplace/XMC4300_Relax_EtherCat_APP_Slave_SSC/Libraries/CMSIS/Include" -I"E:/备份文件/workplace/XMC4300_Relax_EtherCat_APP_Slave_SSC/Libraries/CMSIS/Infineon/XMC4300_series/Include" -I"E:/备份文件/workplace/XMC4300_Relax_EtherCat_APP_Slave_SSC" -I"E:/备份文件/workplace/XMC4300_Relax_EtherCat_APP_Slave_SSC/Dave/Generated" -I"E:/备份文件/workplace/XMC4300_Relax_EtherCat_APP_Slave_SSC/Libraries" -O0 -ffunction-sections -fdata-sections -Wall -std=gnu99 -mfloat-abi=softfp -Wa,-adhlns="Dave/Generated/CLOCK_XMC4/clock_xmc4.o.lst" -pipe -c -fmessage-length=0 -MMD -MP -MF"Dave/Generated/CLOCK_XMC4/clock_xmc4.d" -MT"Dave/Generated/CLOCK_XMC4/clock_xmc4.d Dave/Generated/CLOCK_XMC4/clock_xmc4.o" -mcpu=cortex-m4 -mfpu=fpv4-sp-d16 -mthumb -g -gdwarf-2 -o "Dave/Generated/CLOCK_XMC4/clock_xmc4.o" "../Dave/Generated/CLOCK_XMC4/clock_xmc4.c" 
'Finished building: ../Dave/Generated/CLOCK_XMC4/clock_xmc4.c'

'Building file: ../Dave/Generated/CLOCK_XMC4/clock_xmc4_conf.c'
'Invoking: ARM-GCC C Compiler'
"C:/DAVEv4-64Bit/DAVE-4.3.2/eclipse/ARM-GCC-49/bin/arm-none-eabi-gcc" -MMD -MT "Dave/Generated/CLOCK_XMC4/clock_xmc4_conf.o" -DXMC4300_F100x256 -I"E:/备份文件/workplace/XMC4300_Relax_EtherCat_APP_Slave_SSC/Libraries/XMCLib/inc" -I"E:/备份文件/workplace/XMC4300_Relax_EtherCat_APP_Slave_SSC/Libraries/CMSIS/Include" -I"E:/备份文件/workplace/XMC4300_Relax_EtherCat_APP_Slave_SSC/Libraries/CMSIS/Infineon/XMC4300_series/Include" -I"E:/备份文件/workplace/XMC4300_Relax_EtherCat_APP_Slave_SSC" -I"E:/备份文件/workplace/XMC4300_Relax_EtherCat_APP_Slave_SSC/Dave/Generated" -I"E:/备份文件/workplace/XMC4300_Relax_EtherCat_APP_Slave_SSC/Libraries" -O0 -ffunction-sections -fdata-sections -Wall -std=gnu99 -mfloat-abi=softfp -Wa,-adhlns="Dave/Generated/CLOCK_XMC4/clock_xmc4_conf.o.lst" -pipe -c -fmessage-length=0 -MMD -MP -MF"Dave/Generated/CLOCK_XMC4/clock_xmc4_conf.d" -MT"Dave/Generated/CLOCK_XMC4/clock_xmc4_conf.d Dave/Generated/CLOCK_XMC4/clock_xmc4_conf.o" -mcpu=cortex-m4 -mfpu=fpv4-sp-d16 -mthumb -g -gdwarf-2 -o "Dave/Generated/CLOCK_XMC4/clock_xmc4_conf.o" "../Dave/Generated/CLOCK_XMC4/clock_xmc4_conf.c" 
'Finished building: ../Dave/Generated/CLOCK_XMC4/clock_xmc4_conf.c'

'Building file: ../Dave/Generated/DAVE.c'
'Invoking: ARM-GCC C Compiler'
"C:/DAVEv4-64Bit/DAVE-4.3.2/eclipse/ARM-GCC-49/bin/arm-none-eabi-gcc" -MMD -MT "Dave/Generated/DAVE.o" -DXMC4300_F100x256 -I"E:/备份文件/workplace/XMC4300_Relax_EtherCat_APP_Slave_SSC/Libraries/XMCLib/inc" -I"E:/备份文件/workplace/XMC4300_Relax_EtherCat_APP_Slave_SSC/Libraries/CMSIS/Include" -I"E:/备份文件/workplace/XMC4300_Relax_EtherCat_APP_Slave_SSC/Libraries/CMSIS/Infineon/XMC4300_series/Include" -I"E:/备份文件/workplace/XMC4300_Relax_EtherCat_APP_Slave_SSC" -I"E:/备份文件/workplace/XMC4300_Relax_EtherCat_APP_Slave_SSC/Dave/Generated" -I"E:/备份文件/workplace/XMC4300_Relax_EtherCat_APP_Slave_SSC/Libraries" -O0 -ffunction-sections -fdata-sections -Wall -std=gnu99 -mfloat-abi=softfp -Wa,-adhlns="Dave/Generated/DAVE.o.lst" -pipe -c -fmessage-length=0 -MMD -MP -MF"Dave/Generated/DAVE.d" -MT"Dave/Generated/DAVE.d Dave/Generated/DAVE.o" -mcpu=cortex-m4 -mfpu=fpv4-sp-d16 -mthumb -g -gdwarf-2 -o "Dave/Generated/DAVE.o" "../Dave/Generated/DAVE.c" 
'Finished building: ../Dave/Generated/DAVE.c'

'Building file: ../main.c'
'Invoking: ARM-GCC C Compiler'
"C:/DAVEv4-64Bit/DAVE-4.3.2/eclipse/ARM-GCC-49/bin/arm-none-eabi-gcc" -MMD -MT "main.o" -DXMC4300_F100x256 -I"E:/备份文件/workplace/XMC4300_Relax_EtherCat_APP_Slave_SSC/Libraries/XMCLib/inc" -I"E:/备份文件/workplace/XMC4300_Relax_EtherCat_APP_Slave_SSC/Libraries/CMSIS/Include" -I"E:/备份文件/workplace/XMC4300_Relax_EtherCat_APP_Slave_SSC/Libraries/CMSIS/Infineon/XMC4300_series/Include" -I"E:/备份文件/workplace/XMC4300_Relax_EtherCat_APP_Slave_SSC" -I"E:/备份文件/workplace/XMC4300_Relax_EtherCat_APP_Slave_SSC/Dave/Generated" -I"E:/备份文件/workplace/XMC4300_Relax_EtherCat_APP_Slave_SSC/Libraries" -O0 -ffunction-sections -fdata-sections -Wall -std=gnu99 -mfloat-abi=softfp -Wa,-adhlns="main.o.lst" -pipe -c -fmessage-length=0 -MMD -MP -MF"main.d" -MT"main.d main.o" -mcpu=cortex-m4 -mfpu=fpv4-sp-d16 -mthumb -g -gdwarf-2 -o "main.o" "../main.c" 
'Finished building: ../main.c'

../main.c: In function 'main':
../main.c:102:12: warning: unused variable 'timer' [-Wunused-variable]
   uint32_t timer=0;
            ^
'Building target: XMC4300_Relax_EtherCat_APP_Slave_SSC.elf'
'Invoking: ARM-GCC C Linker'
"C:/DAVEv4-64Bit/DAVE-4.3.2/eclipse/ARM-GCC-49/bin/arm-none-eabi-gcc" -T"../linker_script.ld" -nostartfiles -Xlinker --gc-sections -specs=nano.specs -specs=nosys.specs -Wl,-Map,"XMC4300_Relax_EtherCat_APP_Slave_SSC.map" -mfloat-abi=softfp -mfpu=fpv4-sp-d16 -mcpu=cortex-m4 -mthumb -g -gdwarf-2 -o "XMC4300_Relax_EtherCat_APP_Slave_SSC.elf" "@objects.rsp"  -lm
'Finished building target: XMC4300_Relax_EtherCat_APP_Slave_SSC.elf'

'Invoking: ARM-GCC Create Flash Image'
"C:/DAVEv4-64Bit/DAVE-4.3.2/eclipse/ARM-GCC-49/bin/arm-none-eabi-objcopy" -O ihex "XMC4300_Relax_EtherCat_APP_Slave_SSC.elf" "XMC4300_Relax_EtherCat_APP_Slave_SSC.hex"
'Finished building: XMC4300_Relax_EtherCat_APP_Slave_SSC.hex'

'Invoking: ARM-GCC Create Listing'
"C:/DAVEv4-64Bit/DAVE-4.3.2/eclipse/ARM-GCC-49/bin/arm-none-eabi-objdump" -h -S "XMC4300_Relax_EtherCat_APP_Slave_SSC.elf" > "XMC4300_Relax_EtherCat_APP_Slave_SSC.lst"
'Finished building: XMC4300_Relax_EtherCat_APP_Slave_SSC.lst'

'Invoking: ARM-GCC Print Size'
"C:/DAVEv4-64Bit/DAVE-4.3.2/eclipse/ARM-GCC-49/bin/arm-none-eabi-size" --format=berkeley "XMC4300_Relax_EtherCat_APP_Slave_SSC.elf"
   text	   data	    bss	    dec	    hex	filename
  37128	   3228	   7344	  47700	   ba54	XMC4300_Relax_EtherCat_APP_Slave_SSC.elf
'Finished building: XMC4300_Relax_EtherCat_APP_Slave_SSC.siz'


17:13:18 Build Finished (took 25s.351ms)

