Archive member included because of file (symbol)

c:/davev4-64bit/dave-4.3.2/eclipse/arm-gcc-49/bin/../lib/gcc/arm-none-eabi/4.9.3/armv7e-m/softfp\libgcc.a(_aeabi_uldivmod.o)
                              ./Dave/Generated/TIMER/timer.o (__aeabi_uldivmod)
c:/davev4-64bit/dave-4.3.2/eclipse/arm-gcc-49/bin/../lib/gcc/arm-none-eabi/4.9.3/armv7e-m/softfp\libgcc.a(bpabi.o)
                              c:/davev4-64bit/dave-4.3.2/eclipse/arm-gcc-49/bin/../lib/gcc/arm-none-eabi/4.9.3/armv7e-m/softfp\libgcc.a(_aeabi_uldivmod.o) (__gnu_uldivmod_helper)
c:/davev4-64bit/dave-4.3.2/eclipse/arm-gcc-49/bin/../lib/gcc/arm-none-eabi/4.9.3/armv7e-m/softfp\libgcc.a(_dvmd_tls.o)
                              c:/davev4-64bit/dave-4.3.2/eclipse/arm-gcc-49/bin/../lib/gcc/arm-none-eabi/4.9.3/armv7e-m/softfp\libgcc.a(_aeabi_uldivmod.o) (__aeabi_ldiv0)
c:/davev4-64bit/dave-4.3.2/eclipse/arm-gcc-49/bin/../lib/gcc/arm-none-eabi/4.9.3/armv7e-m/softfp\libgcc.a(_divdi3.o)
                              c:/davev4-64bit/dave-4.3.2/eclipse/arm-gcc-49/bin/../lib/gcc/arm-none-eabi/4.9.3/armv7e-m/softfp\libgcc.a(bpabi.o) (__divdi3)
c:/davev4-64bit/dave-4.3.2/eclipse/arm-gcc-49/bin/../lib/gcc/arm-none-eabi/4.9.3/armv7e-m/softfp\libgcc.a(_udivdi3.o)
                              c:/davev4-64bit/dave-4.3.2/eclipse/arm-gcc-49/bin/../lib/gcc/arm-none-eabi/4.9.3/armv7e-m/softfp\libgcc.a(bpabi.o) (__udivdi3)
c:/davev4-64bit/dave-4.3.2/eclipse/arm-gcc-49/bin/../lib/gcc/arm-none-eabi/4.9.3/../../../../arm-none-eabi/lib/armv7e-m/softfp\libg_nano.a(lib_a-errno.o)
                              ./Libraries/Newlib/syscalls.o (__errno)
c:/davev4-64bit/dave-4.3.2/eclipse/arm-gcc-49/bin/../lib/gcc/arm-none-eabi/4.9.3/../../../../arm-none-eabi/lib/armv7e-m/softfp\libg_nano.a(lib_a-impure.o)
                              c:/davev4-64bit/dave-4.3.2/eclipse/arm-gcc-49/bin/../lib/gcc/arm-none-eabi/4.9.3/../../../../arm-none-eabi/lib/armv7e-m/softfp\libg_nano.a(lib_a-errno.o) (_impure_ptr)
c:/davev4-64bit/dave-4.3.2/eclipse/arm-gcc-49/bin/../lib/gcc/arm-none-eabi/4.9.3/../../../../arm-none-eabi/lib/armv7e-m/softfp\libg_nano.a(lib_a-init.o)
                              ./Startup/startup_XMC4300.o (__libc_init_array)
c:/davev4-64bit/dave-4.3.2/eclipse/arm-gcc-49/bin/../lib/gcc/arm-none-eabi/4.9.3/../../../../arm-none-eabi/lib/armv7e-m/softfp\libg_nano.a(lib_a-malloc.o)
                              ./SSC/Src/ecatcoe.o (malloc)
c:/davev4-64bit/dave-4.3.2/eclipse/arm-gcc-49/bin/../lib/gcc/arm-none-eabi/4.9.3/../../../../arm-none-eabi/lib/armv7e-m/softfp\libg_nano.a(lib_a-memcpy.o)
                              ./SSC/Src/XMC_ESC.o (memcpy)
c:/davev4-64bit/dave-4.3.2/eclipse/arm-gcc-49/bin/../lib/gcc/arm-none-eabi/4.9.3/../../../../arm-none-eabi/lib/armv7e-m/softfp\libg_nano.a(lib_a-memset.o)
                              ./SSC/Src/mailbox.o (memset)
c:/davev4-64bit/dave-4.3.2/eclipse/arm-gcc-49/bin/../lib/gcc/arm-none-eabi/4.9.3/../../../../arm-none-eabi/lib/armv7e-m/softfp\libg_nano.a(lib_a-nano-freer.o)
                              c:/davev4-64bit/dave-4.3.2/eclipse/arm-gcc-49/bin/../lib/gcc/arm-none-eabi/4.9.3/../../../../arm-none-eabi/lib/armv7e-m/softfp\libg_nano.a(lib_a-malloc.o) (_free_r)
c:/davev4-64bit/dave-4.3.2/eclipse/arm-gcc-49/bin/../lib/gcc/arm-none-eabi/4.9.3/../../../../arm-none-eabi/lib/armv7e-m/softfp\libg_nano.a(lib_a-nano-mallocr.o)
                              c:/davev4-64bit/dave-4.3.2/eclipse/arm-gcc-49/bin/../lib/gcc/arm-none-eabi/4.9.3/../../../../arm-none-eabi/lib/armv7e-m/softfp\libg_nano.a(lib_a-malloc.o) (_malloc_r)
c:/davev4-64bit/dave-4.3.2/eclipse/arm-gcc-49/bin/../lib/gcc/arm-none-eabi/4.9.3/../../../../arm-none-eabi/lib/armv7e-m/softfp\libg_nano.a(lib_a-sbrkr.o)
                              c:/davev4-64bit/dave-4.3.2/eclipse/arm-gcc-49/bin/../lib/gcc/arm-none-eabi/4.9.3/../../../../arm-none-eabi/lib/armv7e-m/softfp\libg_nano.a(lib_a-nano-mallocr.o) (_sbrk_r)
c:/davev4-64bit/dave-4.3.2/eclipse/arm-gcc-49/bin/../lib/gcc/arm-none-eabi/4.9.3/../../../../arm-none-eabi/lib/armv7e-m/softfp\libg_nano.a(lib_a-strlen.o)
                              ./SSC/Src/objdef.o (strlen)
c:/davev4-64bit/dave-4.3.2/eclipse/arm-gcc-49/bin/../lib/gcc/arm-none-eabi/4.9.3/../../../../arm-none-eabi/lib/armv7e-m/softfp\libg_nano.a(lib_a-reent.o)
                              c:/davev4-64bit/dave-4.3.2/eclipse/arm-gcc-49/bin/../lib/gcc/arm-none-eabi/4.9.3/../../../../arm-none-eabi/lib/armv7e-m/softfp\libg_nano.a(lib_a-sbrkr.o) (errno)

Allocating common symbols
Common symbol       size              file

b3BufferMode        0x1               ./SSC/Src/ecatslv.o
nEcatStateTrans     0x2               ./SSC/Src/ecatslv.o
asMbx               0x200             ./SSC/Src/mailbox.o
StartTimerCnt       0x4               ./SSC/Src/ecatappl.o
bApplEsmPending     0x1               ./SSC/Src/ecatslv.o
pCoeSendStored      0x4               ./SSC/Src/ecatcoe.o
nSdoInfoIndex       0x2               ./SSC/Src/sdoserv.o
[...]
Memory Configuration

Name             Origin             Length             Attributes
FLASH_0_cached   0x08000000         0x00010000         xr
FLASH_0_uncached 0x0c000000         0x00010000         xr
FLASH_1_cached   0x08020000         0x00020000         xr
FLASH_1_uncached 0x0c020000         0x00020000         xr
PSRAM_1          0x1fff0000         0x00010000         !xr
DSRAM_1_system   0x20000000         0x00010000         !xr
SRAM_combined    0x1fff0000         0x00020000         !xr
*default*        0x00000000         0xffffffff

Linker script and memory map

LOAD ./Startup/startup_XMC4300.o
LOAD ./Startup/system_XMC4300.o
LOAD ./SSC/Src/XMC_ESC.o
LOAD ./SSC/Src/coeappl.o
LOAD ./SSC/Src/ecatappl.o
LOAD ./SSC/Src/ecatcoe.o
LOAD ./SSC/Src/ecatslv.o
LOAD ./SSC/Src/mailbox.o
LOAD ./SSC/Src/objdef.o
LOAD ./SSC/Src/sdoserv.o
LOAD ./Libraries/XMCLib/src/xmc4_eru.o
LOAD ./Libraries/XMCLib/src/xmc4_flash.o
LOAD ./Libraries/XMCLib/src/xmc4_gpio.o
LOAD ./Libraries/XMCLib/src/xmc4_rtc.o
LOAD ./Libraries/XMCLib/src/xmc4_scu.o
LOAD ./Libraries/XMCLib/src/xmc_can.o
LOAD ./Libraries/XMCLib/src/xmc_ccu4.o
LOAD ./Libraries/XMCLib/src/xmc_ccu8.o
LOAD ./Libraries/XMCLib/src/xmc_common.o
LOAD ./Libraries/XMCLib/src/xmc_dac.o
LOAD ./Libraries/XMCLib/src/xmc_dma.o
LOAD ./Libraries/XMCLib/src/xmc_dsd.o
LOAD ./Libraries/XMCLib/src/xmc_ebu.o
LOAD ./Libraries/XMCLib/src/xmc_ecat.o
LOAD ./Libraries/XMCLib/src/xmc_eru.o
LOAD ./Libraries/XMCLib/src/xmc_eth_mac.o
LOAD ./Libraries/XMCLib/src/xmc_fce.o
LOAD ./Libraries/XMCLib/src/xmc_gpio.o
LOAD ./Libraries/XMCLib/src/xmc_hrpwm.o
LOAD ./Libraries/XMCLib/src/xmc_i2c.o
LOAD ./Libraries/XMCLib/src/xmc_i2s.o
LOAD ./Libraries/XMCLib/src/xmc_ledts.o
LOAD ./Libraries/XMCLib/src/xmc_posif.o
LOAD ./Libraries/XMCLib/src/xmc_rtc.o
LOAD ./Libraries/XMCLib/src/xmc_sdmmc.o
LOAD ./Libraries/XMCLib/src/xmc_spi.o
LOAD ./Libraries/XMCLib/src/xmc_uart.o
LOAD ./Libraries/XMCLib/src/xmc_usbd.o
LOAD ./Libraries/XMCLib/src/xmc_usic.o
LOAD ./Libraries/XMCLib/src/xmc_vadc.o
LOAD ./Libraries/XMCLib/src/xmc_wdt.o
LOAD ./Libraries/Newlib/syscalls.o
LOAD ./Dave/Generated/TIMER/timer.o
LOAD ./Dave/Generated/TIMER/timer_conf.o
LOAD ./Dave/Generated/INTERRUPT/interrupt.o
LOAD ./Dave/Generated/INTERRUPT/interrupt_conf.o
LOAD ./Dave/Generated/GLOBAL_CCU4/global_ccu4.o
LOAD ./Dave/Generated/GLOBAL_CCU4/global_ccu4_conf.o
LOAD ./Dave/Generated/E_EEPROM_XMC4/e_eeprom_xmc4.o
LOAD ./Dave/Generated/E_EEPROM_XMC4/e_eeprom_xmc4_conf.o
LOAD ./Dave/Generated/EVENT_GENERATOR/event_generator.o
LOAD ./Dave/Generated/EVENT_GENERATOR/event_generator_conf.o
LOAD ./Dave/Generated/EVENT_DETECTOR/event_detector.o
LOAD ./Dave/Generated/EVENT_DETECTOR/event_detector_conf.o
LOAD ./Dave/Generated/ECAT_SSC/ecat_ssc.o
LOAD ./Dave/Generated/ECAT_SSC/ecat_ssc_conf.o
LOAD ./Dave/Generated/ECAT_SSC/xmc_eschw.o
LOAD ./Dave/Generated/DIGITAL_IO/digital_io.o
LOAD ./Dave/Generated/DIGITAL_IO/digital_io_conf.o
LOAD ./Dave/Generated/CPU_CTRL_XMC4/cpu_ctrl_xmc4.o
LOAD ./Dave/Generated/CPU_CTRL_XMC4/cpu_ctrl_xmc4_conf.o
LOAD ./Dave/Generated/CLOCK_XMC4/clock_xmc4.o
LOAD ./Dave/Generated/CLOCK_XMC4/clock_xmc4_conf.o
LOAD ./Dave/Generated/DAVE.o
LOAD ./main.o
LOAD c:/davev4-64bit/dave-4.3.2/eclipse/arm-gcc-49/bin/../lib/gcc/arm-none-eabi/4.9.3/../../../../arm-none-eabi/lib/armv7e-m/softfp\libm.a
START GROUP
LOAD c:/davev4-64bit/dave-4.3.2/eclipse/arm-gcc-49/bin/../lib/gcc/arm-none-eabi/4.9.3/armv7e-m/softfp\libgcc.a
LOAD c:/davev4-64bit/dave-4.3.2/eclipse/arm-gcc-49/bin/../lib/gcc/arm-none-eabi/4.9.3/../../../../arm-none-eabi/lib/armv7e-m/softfp\libg_nano.a
LOAD c:/davev4-64bit/dave-4.3.2/eclipse/arm-gcc-49/bin/../lib/gcc/arm-none-eabi/4.9.3/../../../../arm-none-eabi/lib/armv7e-m/softfp\libc_nano.a
END GROUP
START GROUP
LOAD c:/davev4-64bit/dave-4.3.2/eclipse/arm-gcc-49/bin/../lib/gcc/arm-none-eabi/4.9.3/armv7e-m/softfp\libgcc.a
LOAD c:/davev4-64bit/dave-4.3.2/eclipse/arm-gcc-49/bin/../lib/gcc/arm-none-eabi/4.9.3/../../../../arm-none-eabi/lib/armv7e-m/softfp\libc_nano.a
LOAD c:/davev4-64bit/dave-4.3.2/eclipse/arm-gcc-49/bin/../lib/gcc/arm-none-eabi/4.9.3/../../../../arm-none-eabi/lib/armv7e-m/softfp\libnosys.a
END GROUP
START GROUP
LOAD c:/davev4-64bit/dave-4.3.2/eclipse/arm-gcc-49/bin/../lib/gcc/arm-none-eabi/4.9.3/armv7e-m/softfp\libgcc.a
LOAD c:/davev4-64bit/dave-4.3.2/eclipse/arm-gcc-49/bin/../lib/gcc/arm-none-eabi/4.9.3/../../../../arm-none-eabi/lib/armv7e-m/softfp\libc_nano.a
LOAD c:/davev4-64bit/dave-4.3.2/eclipse/arm-gcc-49/bin/../lib/gcc/arm-none-eabi/4.9.3/../../../../arm-none-eabi/lib/armv7e-m/softfp\libnosys.a
END GROUP
                0x00000800                stack_size = DEFINED (stack_size)?stack_size:0x800
                0x00000040                no_init_size = 0x40

.reset          0x08000000      0x29c load address 0x0c000000
 *(.reset)
 .reset         0x08000000      0x29c ./Startup/startup_XMC4300.o
                0x08000000                __Vectors
                0x08000200                Reset_Handler
                0x08000298                DebugMon_Handler
                0x08000298                VADC0_C0_0_IRQHandler
                0x08000298                CAN0_4_IRQHandler
                0x08000298                USIC0_5_IRQHandler
                0x08000298                HardFault_Handler
                0x08000298                VADC0_G1_1_IRQHandler
                0x08000298                SysTick_Handler
                0x08000298                PendSV_Handler
                0x08000298                NMI_Handler
                0x08000298                USIC1_3_IRQHandler
                0x08000298                CCU40_2_IRQHandler
                0x08000298                SCU_0_IRQHandler
                0x08000298                ERU0_0_IRQHandler
                0x08000298                CCU41_0_IRQHandler
                0x08000298                USIC1_5_IRQHandler
                0x08000298                CCU80_1_IRQHandler
                0x08000298                UsageFault_Handler
                0x08000298                USIC0_0_IRQHandler
                0x08000298                ERU0_2_IRQHandler
                0x08000298                ERU1_1_IRQHandler
                0x08000298                ERU0_3_IRQHandler
                0x08000298                VADC0_C0_3_IRQHandler
                0x08000298                CAN0_6_IRQHandler
                0x08000298                VADC0_G0_1_IRQHandler
                0x08000298                USIC1_1_IRQHandler
                0x08000298                CCU40_0_IRQHandler
                0x08000298                CAN0_0_IRQHandler
                0x08000298                Default_Handler
                0x08000298                USIC1_4_IRQHandler
                0x08000298                USIC1_0_IRQHandler
                0x08000298                VADC0_G0_0_IRQHandler
                0x08000298                CCU80_3_IRQHandler
                0x08000298                CCU41_3_IRQHandler
                0x08000298                CCU80_2_IRQHandler
                0x08000298                VADC0_G1_3_IRQHandler
                0x08000298                VADC0_G0_3_IRQHandler
                0x08000298                GPDMA0_0_IRQHandler
                0x08000298                PMU0_0_IRQHandler
                0x08000298                CAN0_7_IRQHandler
                0x08000298                CCU41_2_IRQHandler
                0x08000298                VADC0_C0_1_IRQHandler
                0x08000298                MemManage_Handler
                0x08000298                DAC0_0_IRQHandler
                0x08000298                SVC_Handler
                0x08000298                ERU1_2_IRQHandler
                0x08000298                VADC0_G1_2_IRQHandler
                0x08000298                CAN0_2_IRQHandler
                0x08000298                VADC0_G0_2_IRQHandler
                0x08000298                CAN0_3_IRQHandler
                0x08000298                ETH0_0_IRQHandler
                0x08000298                USIC0_3_IRQHandler
                0x08000298                VADC0_C0_2_IRQHandler
                0x08000298                FCE0_0_IRQHandler
                0x08000298                VADC0_G1_0_IRQHandler
                0x08000298                USB0_0_IRQHandler
                0x08000298                CAN0_5_IRQHandler
                0x08000298                CCU80_0_IRQHandler
                0x08000298                CCU40_1_IRQHandler
                0x08000298                USIC0_1_IRQHandler
                0x08000298                CCU40_3_IRQHandler
                0x08000298                BusFault_Handler
                0x08000298                LEDTS0_0_IRQHandler
                0x08000298                USIC0_4_IRQHandler
                0x08000298                ERU0_1_IRQHandler
                0x08000298                USIC1_2_IRQHandler
                0x08000298                SDMMC0_0_IRQHandler
                0x08000298                CAN0_1_IRQHandler
                0x08000298                USIC0_2_IRQHandler
                0x08000298                DAC0_1_IRQHandler

.text           0x08020000     0x8e6c load address 0x0c020000
                0x08020000                sText = .
 *(.text .text.* .gnu.linkonce.t.*)
 .text.SystemInit
                0x08020000       0x20 ./Startup/system_XMC4300.o
                0x08020000                SystemInit
 .text.SystemCoreClockUpdate
                0x08020020       0xd4 ./Startup/system_XMC4300.o
                0x08020020                SystemCoreClockUpdate
 .text.APPL_AckErrorInd
                0x080200f4       0x14 ./SSC/Src/XMC_ESC.o
                0x080200f4                APPL_AckErrorInd
 .text.APPL_StartMailboxHandler
                0x08020108       0x10 ./SSC/Src/XMC_ESC.o
                0x08020108                APPL_StartMailboxHandler
 .text.APPL_StopMailboxHandler
                0x08020118       0x10 ./SSC/Src/XMC_ESC.o
                0x08020118                APPL_StopMailboxHandler
 .text.APPL_StartInputHandler
                0x08020128       0x18 ./SSC/Src/XMC_ESC.o
                0x08020128                APPL_StartInputHandler
 .text.APPL_StopInputHandler
                0x08020140       0x10 ./SSC/Src/XMC_ESC.o
                0x08020140                APPL_StopInputHandler
 .text.APPL_StartOutputHandler
                0x08020150       0x10 ./SSC/Src/XMC_ESC.o
                0x08020150                APPL_StartOutputHandler
 .text.APPL_StopOutputHandler
                0x08020160       0x10 ./SSC/Src/XMC_ESC.o
                0x08020160                APPL_StopOutputHandler
 .text.APPL_GenerateMapping
                0x08020170      0x168 ./SSC/Src/XMC_ESC.o
                0x08020170                APPL_GenerateMapping
 .text.APPL_InputMapping
                0x080202d8       0x1c ./SSC/Src/XMC_ESC.o
                0x080202d8                APPL_InputMapping
 .text.APPL_OutputMapping
                0x080202f4       0x1c ./SSC/Src/XMC_ESC.o
                0x080202f4                APPL_OutputMapping
 .text.APPL_Application
                0x08020310       0x18 ./SSC/Src/XMC_ESC.o
                0x08020310                APPL_Application
 .text.COE_GetObjectDictionary
                0x08020328       0x18 ./SSC/Src/coeappl.o
                0x08020328                COE_GetObjectDictionary
 .text.COE_ObjInit
                0x08020340      0x108 ./SSC/Src/coeappl.o
                0x08020340                COE_ObjInit
 .text.COE_AddObjectToDic
                0x08020448       0xe8 ./SSC/Src/coeappl.o
                0x08020448                COE_AddObjectToDic
 .text.COE_RemoveDicEntry
                0x08020530       0x80 ./SSC/Src/coeappl.o
                0x08020530                COE_RemoveDicEntry
 .text.COE_ClearObjDictionary
                0x080205b0       0x3c ./SSC/Src/coeappl.o
                0x080205b0                COE_ClearObjDictionary
 .text.AddObjectsToObjDictionary
                0x080205ec       0x44 ./SSC/Src/coeappl.o
                0x080205ec                AddObjectsToObjDictionary
 .text.COE_ObjDictionaryInit
                0x08020630       0x44 ./SSC/Src/coeappl.o
                0x08020630                COE_ObjDictionaryInit
 .text.COE_Main
                0x08020674       0xe8 ./SSC/Src/coeappl.o
                0x08020674                COE_Main
 .text.NVIC_EnableIRQ
                0x0802075c       0x30 ./SSC/Src/ecatappl.o
 .text.NVIC_DisableIRQ
                0x0802078c       0x34 ./SSC/Src/ecatappl.o
 .text.XMC_ECAT_GetALEventRegister
                0x080207c0       0x1c ./SSC/Src/ecatappl.o
 .text.HW_EscRead
                0x080207dc       0x2c ./SSC/Src/ecatappl.o
 .text.HW_EscReadIsr
                0x08020808       0x24 ./SSC/Src/ecatappl.o
 .text.HW_EscWrite
                0x0802082c       0x2c ./SSC/Src/ecatappl.o
 .text.HW_EscWriteIsr
                0x08020858       0x24 ./SSC/Src/ecatappl.o
 .text.HW_GetALEventRegister
                0x0802087c       0x10 ./SSC/Src/ecatappl.o
 .text.HW_GetALEventRegister_Isr
                0x0802088c       0x10 ./SSC/Src/ecatappl.o
 .text.ENABLE_ESC_INT
                0x0802089c        0xc ./SSC/Src/ecatappl.o
 .text.DISABLE_ESC_INT
                0x080208a8        0xc ./SSC/Src/ecatappl.o
 .text.XMC_GPIO_SetOutputHigh
                0x080208b4       0x20 ./SSC/Src/ecatappl.o
 .text.XMC_GPIO_SetOutputLow
                0x080208d4       0x24 ./SSC/Src/ecatappl.o
 .text.PDO_InputMapping
                0x080208f8       0x2c ./SSC/Src/ecatappl.o
                0x080208f8                PDO_InputMapping
 .text.PDO_OutputMapping
                0x08020924       0x2c ./SSC/Src/ecatappl.o
                0x08020924                PDO_OutputMapping
 .text.ECAT_CheckTimer
                0x08020950       0x70 ./SSC/Src/ecatappl.o
                0x08020950                ECAT_CheckTimer
 .text.HandleBusCycleCalculation
                0x080209c0       0xd8 ./SSC/Src/ecatappl.o
                0x080209c0                HandleBusCycleCalculation
 .text.PDI_Isr  0x08020a98      0x160 ./SSC/Src/ecatappl.o
                0x08020a98                PDI_Isr
 .text.Sync0_Isr
                0x08020bf8      0x15c ./SSC/Src/ecatappl.o
                0x08020bf8                Sync0_Isr
 .text.Sync1_Isr
                0x08020d54       0x44 ./SSC/Src/ecatappl.o
                0x08020d54                Sync1_Isr
 .text.MainInit
                0x08020d98       0x54 ./SSC/Src/ecatappl.o
                0x08020d98                MainInit
 .text.MainLoop
                0x08020dec       0xd4 ./SSC/Src/ecatappl.o
                0x08020dec                MainLoop
 .text.ECAT_Application
                0x08020ec0        0xc ./SSC/Src/ecatappl.o
                0x08020ec0                ECAT_Application
 .text.EEPROM_CommandHandler
                0x08020ecc      0x190 ./SSC/Src/ecatappl.o
                0x08020ecc                EEPROM_CommandHandler
 .text.COE_Init
                0x0802105c       0x20 ./SSC/Src/ecatcoe.o
                0x0802105c                COE_Init
 .text.COE_ServiceInd
                0x0802107c       0x70 ./SSC/Src/ecatcoe.o
                0x0802107c                COE_ServiceInd
 .text.COE_ContinueInd
                0x080210ec       0x5c ./SSC/Src/ecatcoe.o
                0x080210ec                COE_ContinueInd
 .text.NVIC_EnableIRQ
                0x08021148       0x30 ./SSC/Src/ecatslv.o
 .text.NVIC_DisableIRQ
                0x08021178       0x34 ./SSC/Src/ecatslv.o
 .text.XMC_ECAT_GetALEventRegister
                0x080211ac       0x1c ./SSC/Src/ecatslv.o
 .text.HW_EscRead
                0x080211c8       0x2c ./SSC/Src/ecatslv.o
 .text.HW_GetALEventRegister
                0x080211f4       0x10 ./SSC/Src/ecatslv.o
 .text.ENABLE_ESC_INT
                0x08021204        0xc ./SSC/Src/ecatslv.o
 .text.DISABLE_ESC_INT
                0x08021210        0xc ./SSC/Src/ecatslv.o
 .text.ResetALEventMask
                0x0802121c       0x30 ./SSC/Src/ecatslv.o
                0x0802121c                ResetALEventMask
 .text.SetALEventMask
                0x0802124c       0x30 ./SSC/Src/ecatslv.o
                0x0802124c                SetALEventMask
 .text.UpdateEEPROMLoadedState
                0x0802127c       0x44 ./SSC/Src/ecatslv.o
                0x0802127c                UpdateEEPROMLoadedState
 .text.GetSyncMan
                0x080212c0       0x30 ./SSC/Src/ecatslv.o
                0x080212c0                GetSyncMan
 .text.DisableSyncManChannel
                0x080212f0       0x54 ./SSC/Src/ecatslv.o
                0x080212f0                DisableSyncManChannel
 .text.EnableSyncManChannel
                0x08021344       0x54 ./SSC/Src/ecatslv.o
                0x08021344                EnableSyncManChannel
 .text.CheckSmSettings
                0x08021398      0x3c0 ./SSC/Src/ecatslv.o
                0x08021398                CheckSmSettings
 .text.StartInputHandler
                0x08021758      0x760 ./SSC/Src/ecatslv.o
                0x08021758                StartInputHandler
 .text.StartOutputHandler
                0x08021eb8       0x50 ./SSC/Src/ecatslv.o
                0x08021eb8                StartOutputHandler
 .text.StopOutputHandler
                0x08021f08       0x20 ./SSC/Src/ecatslv.o
                0x08021f08                StopOutputHandler
 .text.StopInputHandler
                0x08021f28      0x108 ./SSC/Src/ecatslv.o
                0x08021f28                StopInputHandler
 .text.BackToInitTransition
                0x08022030       0x18 ./SSC/Src/ecatslv.o
                0x08022030                BackToInitTransition
 .text.SetALStatus
                0x08022048       0xbc ./SSC/Src/ecatslv.o
                0x08022048                SetALStatus
 .text.AL_ControlInd
                0x08022104      0x6b8 ./SSC/Src/ecatslv.o
                0x08022104                AL_ControlInd
 .text.AL_ControlRes
                0x080227bc      0x2c0 ./SSC/Src/ecatslv.o
                0x080227bc                AL_ControlRes
 .text.DC_CheckWatchdog
                0x08022a7c      0x11c ./SSC/Src/ecatslv.o
                0x08022a7c                DC_CheckWatchdog
 .text.CheckIfEcatError
                0x08022b98       0xa8 ./SSC/Src/ecatslv.o
                0x08022b98                CheckIfEcatError
 .text.ECAT_Init
                0x08022c40      0x14c ./SSC/Src/ecatslv.o
                0x08022c40                ECAT_Init
 .text.ECAT_Main
                0x08022d8c      0x198 ./SSC/Src/ecatslv.o
                0x08022d8c                ECAT_Main
 .text.HW_EscRead
                0x08022f24       0x2c ./SSC/Src/mailbox.o
 .text.HW_EscReadMbxMem
                0x08022f50       0x24 ./SSC/Src/mailbox.o
 .text.HW_EscWrite
                0x08022f74       0x2c ./SSC/Src/mailbox.o
 .text.HW_EscWriteMbxMem
                0x08022fa0       0x24 ./SSC/Src/mailbox.o
 .text.PutInMbxQueue
                0x08022fc4       0x54 ./SSC/Src/mailbox.o
                0x08022fc4                PutInMbxQueue
 .text.GetOutOfMbxQueue
                0x08023018       0x5c ./SSC/Src/mailbox.o
                0x08023018                GetOutOfMbxQueue
 .text.MBX_Init
                0x08023074       0xf4 ./SSC/Src/mailbox.o
                0x08023074                MBX_Init
 .text.MBX_StartMailboxHandler
                0x08023168       0xf4 ./SSC/Src/mailbox.o
                0x08023168                MBX_StartMailboxHandler
 .text.MBX_StopMailboxHandler
                0x0802325c      0x138 ./SSC/Src/mailbox.o
                0x0802325c                MBX_StopMailboxHandler
 .text.MailboxServiceInd
                0x08023394       0x30 ./SSC/Src/mailbox.o
                0x08023394                MailboxServiceInd
 .text.MBX_MailboxWriteInd
                0x080233c4       0xbc ./SSC/Src/mailbox.o
                0x080233c4                MBX_MailboxWriteInd
 .text.MBX_MailboxReadInd
                0x08023480       0xd0 ./SSC/Src/mailbox.o
                0x08023480                MBX_MailboxReadInd
 .text.MBX_MailboxRepeatReq
                0x08023550       0x84 ./SSC/Src/mailbox.o
                0x08023550                MBX_MailboxRepeatReq
 .text.MBX_MailboxSendReq
                0x080235d4       0xd4 ./SSC/Src/mailbox.o
                0x080235d4                MBX_MailboxSendReq
 .text.MBX_CheckAndCopyMailbox
                0x080236a8      0x148 ./SSC/Src/mailbox.o
                0x080236a8                MBX_CheckAndCopyMailbox
 .text.MBX_CopyToSendMailbox
                0x080237f0       0xe0 ./SSC/Src/mailbox.o
                0x080237f0                MBX_CopyToSendMailbox
 .text.MBX_Main
                0x080238d0       0x78 ./SSC/Src/mailbox.o
                0x080238d0                MBX_Main
 .text.OBJ_GetObjectHandle
                0x08023948       0x38 ./SSC/Src/objdef.o
                0x08023948                OBJ_GetObjectHandle
 .text.OBJ_GetObjectLength
                0x08023980      0x10c ./SSC/Src/objdef.o
                0x08023980                OBJ_GetObjectLength
 .text.OBJ_CopyNumberToString
                0x08023a8c       0x94 ./SSC/Src/objdef.o
                0x08023a8c                OBJ_CopyNumberToString
 .text.OBJ_GetNoOfObjects
                0x08023b20       0x98 ./SSC/Src/objdef.o
                0x08023b20                OBJ_GetNoOfObjects
 .text.OBJ_GetObjectList
                0x08023bb8       0xf8 ./SSC/Src/objdef.o
                0x08023bb8                OBJ_GetObjectList
 .text.OBJ_GetDesc
                0x08023cb0      0x124 ./SSC/Src/objdef.o
                0x08023cb0                OBJ_GetDesc
 .text.OBJ_GetEntryDesc
                0x08023dd4       0x58 ./SSC/Src/objdef.o
                0x08023dd4                OBJ_GetEntryDesc
 .text.OBJ_GetObjDesc
                0x08023e2c       0x18 ./SSC/Src/objdef.o
                0x08023e2c                OBJ_GetObjDesc
 .text.OBJ_GetEntryOffset
                0x08023e44      0x164 ./SSC/Src/objdef.o
                0x08023e44                OBJ_GetEntryOffset
 .text.CheckSyncTypeValue
                0x08023fa8      0x1ac ./SSC/Src/objdef.o
                0x08023fa8                CheckSyncTypeValue
 .text.OBJ_Read
                0x08024154      0x5a8 ./SSC/Src/objdef.o
                0x08024154                OBJ_Read
 .text.OBJ_Write
                0x080246fc      0x644 ./SSC/Src/objdef.o
                0x080246fc                OBJ_Write
 .text.SdoDownloadSegmentInd
                0x08024d40      0x284 ./SSC/Src/sdoserv.o
 .text.SdoUploadSegmentInd
                0x08024fc4      0x168 ./SSC/Src/sdoserv.o
 .text.SdoRes   0x0802512c      0x168 ./SSC/Src/sdoserv.o
                0x0802512c                SdoRes
 .text.SDOS_SdoInd
                0x08025294      0x56c ./SSC/Src/sdoserv.o
                0x08025294                SDOS_SdoInd
 .text.SDOS_SdoRes
                0x08025800      0x124 ./SSC/Src/sdoserv.o
                0x08025800                SDOS_SdoRes
 .text.SDOS_SdoInfoInd
                0x08025924      0x3fc ./SSC/Src/sdoserv.o
                0x08025924                SDOS_SdoInfoInd
 .text.XMC_ERU_Enable
                0x08025d20       0x2c ./Libraries/XMCLib/src/xmc4_eru.o
                0x08025d20                XMC_ERU_Enable
 .text.XMC_FLASH_lEnterPageModeCommand
                0x08025d4c       0x20 ./Libraries/XMCLib/src/xmc4_flash.o
                0x08025d4c                XMC_FLASH_lEnterPageModeCommand
 .text.XMC_FLASH_lLoadPageCommand
                0x08025d6c       0x30 ./Libraries/XMCLib/src/xmc4_flash.o
                0x08025d6c                XMC_FLASH_lLoadPageCommand
 .text.XMC_FLASH_lWritePageCommand
                0x08025d9c       0x44 ./Libraries/XMCLib/src/xmc4_flash.o
                0x08025d9c                XMC_FLASH_lWritePageCommand
 .text.XMC_FLASH_lEraseSectorCommand
                0x08025de0       0x58 ./Libraries/XMCLib/src/xmc4_flash.o
                0x08025de0                XMC_FLASH_lEraseSectorCommand
 .text.XMC_FLASH_lClearStatusCommand
                0x08025e38       0x20 ./Libraries/XMCLib/src/xmc4_flash.o
                0x08025e38                XMC_FLASH_lClearStatusCommand
 .text.XMC_FLASH_ClearStatus
                0x08025e58        0xc ./Libraries/XMCLib/src/xmc4_flash.o
                0x08025e58                XMC_FLASH_ClearStatus
 .text.XMC_FLASH_GetStatus
                0x08025e64       0x1c ./Libraries/XMCLib/src/xmc4_flash.o
                0x08025e64                XMC_FLASH_GetStatus
 .text.XMC_FLASH_ProgramPage
                0x08025e80       0x68 ./Libraries/XMCLib/src/xmc4_flash.o
                0x08025e80                XMC_FLASH_ProgramPage
 .text.XMC_FLASH_EraseSector
                0x08025ee8       0x30 ./Libraries/XMCLib/src/xmc4_flash.o
                0x08025ee8                XMC_FLASH_EraseSector
 .text.XMC_GPIO_Init
                0x08025f18      0x140 ./Libraries/XMCLib/src/xmc4_gpio.o
                0x08025f18                XMC_GPIO_Init
 .text.XMC_SCU_lDelay
                0x08026058       0x44 ./Libraries/XMCLib/src/xmc4_scu.o
 .text.XMC_SCU_CLOCK_Init
                0x0802609c       0xbc ./Libraries/XMCLib/src/xmc4_scu.o
                0x0802609c                XMC_SCU_CLOCK_Init
 .text.XMC_SCU_INTERRUPT_EnableNmiRequest
                0x08026158       0x24 ./Libraries/XMCLib/src/xmc4_scu.o
                0x08026158                XMC_SCU_INTERRUPT_EnableNmiRequest
 .text.XMC_SCU_RESET_DeassertPeripheralReset
                0x0802617c       0x38 ./Libraries/XMCLib/src/xmc4_scu.o
                0x0802617c                XMC_SCU_RESET_DeassertPeripheralReset
 .text.XMC_SCU_RESET_IsPeripheralResetAsserted
                0x080261b4       0x48 ./Libraries/XMCLib/src/xmc4_scu.o
                0x080261b4                XMC_SCU_RESET_IsPeripheralResetAsserted
 .text.XMC_SCU_CLOCK_SetSystemClockSource
                0x080261fc       0x28 ./Libraries/XMCLib/src/xmc4_scu.o
                0x080261fc                XMC_SCU_CLOCK_SetSystemClockSource
 .text.XMC_SCU_CLOCK_SetUsbClockSource
                0x08026224       0x28 ./Libraries/XMCLib/src/xmc4_scu.o
                0x08026224                XMC_SCU_CLOCK_SetUsbClockSource
 .text.XMC_SCU_CLOCK_SetWdtClockSource
                0x0802624c       0x28 ./Libraries/XMCLib/src/xmc4_scu.o
                0x0802624c                XMC_SCU_CLOCK_SetWdtClockSource
 .text.XMC_SCU_CLOCK_SetSystemPllClockSource
                0x08026274       0x40 ./Libraries/XMCLib/src/xmc4_scu.o
                0x08026274                XMC_SCU_CLOCK_SetSystemPllClockSource
 .text.XMC_SCU_HIB_SetRtcClockSource
                0x080262b4       0x3c ./Libraries/XMCLib/src/xmc4_scu.o
                0x080262b4                XMC_SCU_HIB_SetRtcClockSource
 .text.XMC_SCU_HIB_SetStandbyClockSource
                0x080262f0       0x3c ./Libraries/XMCLib/src/xmc4_scu.o
                0x080262f0                XMC_SCU_HIB_SetStandbyClockSource
 .text.XMC_SCU_CLOCK_SetSystemClockDivider
                0x0802632c       0x28 ./Libraries/XMCLib/src/xmc4_scu.o
                0x0802632c                XMC_SCU_CLOCK_SetSystemClockDivider
 .text.XMC_SCU_CLOCK_SetCcuClockDivider
                0x08026354       0x28 ./Libraries/XMCLib/src/xmc4_scu.o
                0x08026354                XMC_SCU_CLOCK_SetCcuClockDivider
 .text.XMC_SCU_CLOCK_SetCpuClockDivider
                0x0802637c       0x28 ./Libraries/XMCLib/src/xmc4_scu.o
                0x0802637c                XMC_SCU_CLOCK_SetCpuClockDivider
 .text.XMC_SCU_CLOCK_SetPeripheralClockDivider
                0x080263a4       0x28 ./Libraries/XMCLib/src/xmc4_scu.o
                0x080263a4                XMC_SCU_CLOCK_SetPeripheralClockDivider
 .text.XMC_SCU_CLOCK_SetUsbClockDivider
                0x080263cc       0x28 ./Libraries/XMCLib/src/xmc4_scu.o
                0x080263cc                XMC_SCU_CLOCK_SetUsbClockDivider
 .text.XMC_SCU_CLOCK_SetWdtClockDivider
                0x080263f4       0x28 ./Libraries/XMCLib/src/xmc4_scu.o
                0x080263f4                XMC_SCU_CLOCK_SetWdtClockDivider
 .text.XMC_SCU_CLOCK_SetECATClockDivider
                0x0802641c       0x28 ./Libraries/XMCLib/src/xmc4_scu.o
                0x0802641c                XMC_SCU_CLOCK_SetECATClockDivider
 .text.XMC_SCU_CLOCK_EnableClock
                0x08026444       0x20 ./Libraries/XMCLib/src/xmc4_scu.o
                0x08026444                XMC_SCU_CLOCK_EnableClock
 .text.XMC_SCU_CLOCK_UngatePeripheralClock
                0x08026464       0x38 ./Libraries/XMCLib/src/xmc4_scu.o
                0x08026464                XMC_SCU_CLOCK_UngatePeripheralClock
 .text.XMC_SCU_CLOCK_StartUsbPll
                0x0802649c       0x74 ./Libraries/XMCLib/src/xmc4_scu.o
                0x0802649c                XMC_SCU_CLOCK_StartUsbPll
 .text.XMC_SCU_CLOCK_SetBackupClockCalibrationMode
                0x08026510       0x4c ./Libraries/XMCLib/src/xmc4_scu.o
                0x08026510                XMC_SCU_CLOCK_SetBackupClockCalibrationMode
 .text.XMC_SCU_HIB_EnableHibernateDomain
                0x0802655c       0x58 ./Libraries/XMCLib/src/xmc4_scu.o
                0x0802655c                XMC_SCU_HIB_EnableHibernateDomain
 .text.XMC_SCU_CLOCK_EnableLowPowerOscillator
                0x080265b4       0x74 ./Libraries/XMCLib/src/xmc4_scu.o
                0x080265b4                XMC_SCU_CLOCK_EnableLowPowerOscillator
 .text.XMC_SCU_CLOCK_EnableHighPerformanceOscillator
                0x08026628       0x60 ./Libraries/XMCLib/src/xmc4_scu.o
                0x08026628                XMC_SCU_CLOCK_EnableHighPerformanceOscillator
 .text.XMC_SCU_CLOCK_EnableSystemPll
                0x08026688       0x20 ./Libraries/XMCLib/src/xmc4_scu.o
                0x08026688                XMC_SCU_CLOCK_EnableSystemPll
 .text.XMC_SCU_CLOCK_DisableSystemPll
                0x080266a8       0x20 ./Libraries/XMCLib/src/xmc4_scu.o
                0x080266a8                XMC_SCU_CLOCK_DisableSystemPll
 .text.XMC_SCU_CLOCK_StartSystemPll
                0x080266c8      0x1a0 ./Libraries/XMCLib/src/xmc4_scu.o
                0x080266c8                XMC_SCU_CLOCK_StartSystemPll
 .text.XMC_SCU_CLOCK_StepSystemPllFrequency
                0x08026868       0x2c ./Libraries/XMCLib/src/xmc4_scu.o
                0x08026868                XMC_SCU_CLOCK_StepSystemPllFrequency
 .text.XMC_CCU4_StartPrescaler
                0x08026894       0x20 ./Libraries/XMCLib/src/xmc_ccu4.o
 .text.XMC_CCU4_lDeassertReset
                0x080268b4       0x38 ./Libraries/XMCLib/src/xmc_ccu4.o
 .text.XMC_CCU4_lUngateClock
                0x080268ec       0x38 ./Libraries/XMCLib/src/xmc_ccu4.o
 .text.XMC_CCU4_EnableModule
                0x08026924       0x20 ./Libraries/XMCLib/src/xmc_ccu4.o
                0x08026924                XMC_CCU4_EnableModule
 .text.XMC_CCU4_Init
                0x08026944       0x3c ./Libraries/XMCLib/src/xmc_ccu4.o
                0x08026944                XMC_CCU4_Init
 .text.XMC_CCU4_SLICE_CompareInit
                0x08026980       0x6c ./Libraries/XMCLib/src/xmc_ccu4.o
                0x08026980                XMC_CCU4_SLICE_CompareInit
 .text.XMC_CCU4_SLICE_SetInterruptNode
                0x080269ec       0xb0 ./Libraries/XMCLib/src/xmc_ccu4.o
                0x080269ec                XMC_CCU4_SLICE_SetInterruptNode
 .text.XMC_ECAT_Enable
                0x08026a9c       0x24 ./Libraries/XMCLib/src/xmc_ecat.o
                0x08026a9c                XMC_ECAT_Enable
 .text.XMC_ECAT_Init
                0x08026ac0       0x78 ./Libraries/XMCLib/src/xmc_ecat.o
                0x08026ac0                XMC_ECAT_Init
 .text.XMC_ECAT_DisableEvent
                0x08026b38       0x28 ./Libraries/XMCLib/src/xmc_ecat.o
                0x08026b38                XMC_ECAT_DisableEvent
 .text.XMC_ECAT_DisableSyncManChannel
                0x08026b60       0x38 ./Libraries/XMCLib/src/xmc_ecat.o
                0x08026b60                XMC_ECAT_DisableSyncManChannel
 .text.XMC_ERU_ETL_Init
                0x08026b98       0x4c ./Libraries/XMCLib/src/xmc_eru.o
                0x08026b98                XMC_ERU_ETL_Init
 .text.XMC_ERU_OGU_Init
                0x08026be4       0x28 ./Libraries/XMCLib/src/xmc_eru.o
                0x08026be4                XMC_ERU_OGU_Init
 .text.XMC_FCE_Init
                0x08026c0c       0x2c ./Libraries/XMCLib/src/xmc_fce.o
                0x08026c0c                XMC_FCE_Init
 .text.XMC_FCE_Enable
                0x08026c38       0x28 ./Libraries/XMCLib/src/xmc_fce.o
                0x08026c38                XMC_FCE_Enable
 .text.XMC_FCE_CalculateCRC32
                0x08026c60       0x64 ./Libraries/XMCLib/src/xmc_fce.o
                0x08026c60                XMC_FCE_CalculateCRC32
 .text.XMC_GPIO_SetMode
                0x08026cc4       0x80 ./Libraries/XMCLib/src/xmc_gpio.o
                0x08026cc4                XMC_GPIO_SetMode
 .text.XMC_GPIO_SetHardwareControl
                0x08026d44       0x44 ./Libraries/XMCLib/src/xmc_gpio.o
                0x08026d44                XMC_GPIO_SetHardwareControl
 .text._sbrk    0x08026d88       0x68 ./Libraries/Newlib/syscalls.o
                0x08026d88                _sbrk
 .text._init    0x08026df0        0xc ./Libraries/Newlib/syscalls.o
                0x08026df0                _init
 .text.XMC_CCU4_EnableClock
                0x08026dfc       0x28 ./Dave/Generated/TIMER/timer.o
 .text.XMC_CCU4_SLICE_StartTimer
                0x08026e24       0x18 ./Dave/Generated/TIMER/timer.o
 .text.XMC_CCU4_SLICE_ClearTimer
                0x08026e3c       0x20 ./Dave/Generated/TIMER/timer.o
 .text.XMC_CCU4_SLICE_SetTimerPeriodMatch
                0x08026e5c       0x1c ./Dave/Generated/TIMER/timer.o
 .text.XMC_CCU4_SLICE_SetTimerCompareMatch
                0x08026e78       0x1c ./Dave/Generated/TIMER/timer.o
 .text.XMC_CCU4_EnableShadowTransfer
                0x08026e94       0x1c ./Dave/Generated/TIMER/timer.o
 .text.XMC_CCU4_SLICE_EnableEvent
                0x08026eb0       0x2c ./Dave/Generated/TIMER/timer.o
 .text.TIMER_Init
                0x08026edc       0x3c ./Dave/Generated/TIMER/timer.o
                0x08026edc                TIMER_Init
 .text.TIMER_Start
                0x08026f18       0x3c ./Dave/Generated/TIMER/timer.o
                0x08026f18                TIMER_Start
 .text.TIMER_CCU4_lInit
                0x08026f54       0x98 ./Dave/Generated/TIMER/timer.o
                0x08026f54                TIMER_CCU4_lInit
 .text.TIMER_CCU4_lShadowTransfer
                0x08026fec       0x3c ./Dave/Generated/TIMER/timer.o
                0x08026fec                TIMER_CCU4_lShadowTransfer
 .text.NVIC_GetPriorityGrouping
                0x08027028       0x1c ./Dave/Generated/INTERRUPT/interrupt.o
 .text.NVIC_EnableIRQ
                0x08027044       0x30 ./Dave/Generated/INTERRUPT/interrupt.o
 .text.NVIC_SetPriority
                0x08027074       0x54 ./Dave/Generated/INTERRUPT/interrupt.o
 .text.NVIC_EncodePriority
                0x080270c8       0x64 ./Dave/Generated/INTERRUPT/interrupt.o
 .text.INTERRUPT_Enable
                0x0802712c       0x1c ./Dave/Generated/INTERRUPT/interrupt.o
 .text.INTERRUPT_Init
                0x08027148       0x4c ./Dave/Generated/INTERRUPT/interrupt.o
                0x08027148                INTERRUPT_Init
 .text.XMC_CCU4_StartPrescaler
                0x08027194       0x20 ./Dave/Generated/GLOBAL_CCU4/global_ccu4.o
 .text.GLOBAL_CCU4_Init
                0x080271b4       0x40 ./Dave/Generated/GLOBAL_CCU4/global_ccu4.o
                0x080271b4                GLOBAL_CCU4_Init
 .text.XMC_FLASH_SetMargin
                0x080271f4       0x34 ./Dave/Generated/E_EEPROM_XMC4/e_eeprom_xmc4.o
 .text.XMC_FLASH_EnableDoubleBitErrorTrap
                0x08027228       0x28 ./Dave/Generated/E_EEPROM_XMC4/e_eeprom_xmc4.o
 .text.XMC_FLASH_DisableDoubleBitErrorTrap
                0x08027250       0x28 ./Dave/Generated/E_EEPROM_XMC4/e_eeprom_xmc4.o
 .text.XMC_FCE_InitializeSeedValue
                0x08027278       0x1c ./Dave/Generated/E_EEPROM_XMC4/e_eeprom_xmc4.o
 .text.E_EEPROM_XMC4_Init
                0x08027294       0xd4 ./Dave/Generated/E_EEPROM_XMC4/e_eeprom_xmc4.o
                0x08027294                E_EEPROM_XMC4_Init
 .text.E_EEPROM_XMC4_WriteArray
                0x08027368       0x4c ./Dave/Generated/E_EEPROM_XMC4/e_eeprom_xmc4.o
                0x08027368                E_EEPROM_XMC4_WriteArray
 .text.E_EEPROM_XMC4_ReadArray
                0x080273b4       0x4c ./Dave/Generated/E_EEPROM_XMC4/e_eeprom_xmc4.o
                0x080273b4                E_EEPROM_XMC4_ReadArray
 .text.E_EEPROM_XMC4_UpdateFlashContents
                0x08027400       0xa4 ./Dave/Generated/E_EEPROM_XMC4/e_eeprom_xmc4.o
                0x08027400                E_EEPROM_XMC4_UpdateFlashContents
 .text.E_EEPROM_XMC4_IsFlashEmpty
                0x080274a4       0x28 ./Dave/Generated/E_EEPROM_XMC4/e_eeprom_xmc4.o
                0x080274a4                E_EEPROM_XMC4_IsFlashEmpty
 .text.E_EEPROM_XMC4_lWriteToFlash
                0x080274cc       0x78 ./Dave/Generated/E_EEPROM_XMC4/e_eeprom_xmc4.o
 .text.E_EEPROM_XMC4_lInitReadSectorInfo
                0x08027544       0xac ./Dave/Generated/E_EEPROM_XMC4/e_eeprom_xmc4.o
 .text.E_EEPROM_XMC4_lInitEraseStateMachine
                0x080275f0       0x80 ./Dave/Generated/E_EEPROM_XMC4/e_eeprom_xmc4.o
 .text.E_EEPROM_XMC4_lCalculateCRC
                0x08027670       0x30 ./Dave/Generated/E_EEPROM_XMC4/e_eeprom_xmc4.o
 .text.E_EEPROM_XMC4_lCopyFlashToRam
                0x080276a0       0x4c ./Dave/Generated/E_EEPROM_XMC4/e_eeprom_xmc4.o
 .text.EVENT_GENERATOR_Init
                0x080276ec       0x48 ./Dave/Generated/EVENT_GENERATOR/event_generator.o
                0x080276ec                EVENT_GENERATOR_Init
 .text.EVENT_DETECTOR_Init
                0x08027734       0x3c ./Dave/Generated/EVENT_DETECTOR/event_detector.o
                0x08027734                EVENT_DETECTOR_Init
 .text.ECAT_SSC_Init
                0x08027770       0xb4 ./Dave/Generated/ECAT_SSC/ecat_ssc.o
                0x08027770                ECAT_SSC_Init
 .text.NVIC_GetPriorityGrouping
                0x08027824       0x1c ./Dave/Generated/ECAT_SSC/xmc_eschw.o
 .text.NVIC_EnableIRQ
                0x08027840       0x30 ./Dave/Generated/ECAT_SSC/xmc_eschw.o
 .text.NVIC_SetPriority
                0x08027870       0x54 ./Dave/Generated/ECAT_SSC/xmc_eschw.o
 .text.NVIC_EncodePriority
                0x080278c4       0x64 ./Dave/Generated/ECAT_SSC/xmc_eschw.o
 .text.XMC_ECAT_SetPortControl
                0x08027928       0x2c ./Dave/Generated/ECAT_SSC/xmc_eschw.o
 .text.HW_EscRead
                0x08027954       0x2c ./Dave/Generated/ECAT_SSC/xmc_eschw.o
 .text.HW_EscWrite
                0x08027980       0x2c ./Dave/Generated/ECAT_SSC/xmc_eschw.o
 .text.ENABLE_ESC_INT
                0x080279ac        0xc ./Dave/Generated/ECAT_SSC/xmc_eschw.o
 .text.HW_Init  0x080279b8      0x3ac ./Dave/Generated/ECAT_SSC/xmc_eschw.o
                0x080279b8                HW_Init
 .text.HW_EepromWrite
                0x08027d64       0x8c ./Dave/Generated/ECAT_SSC/xmc_eschw.o
                0x08027d64                HW_EepromWrite
 .text.HW_EepromReload
                0x08027df0       0x8c ./Dave/Generated/ECAT_SSC/xmc_eschw.o
                0x08027df0                HW_EepromReload
 .text.ECAT0_0_IRQHandler
                0x08027e7c        0xc ./Dave/Generated/ECAT_SSC/xmc_eschw.o
                0x08027e7c                ECAT0_0_IRQHandler
 .text.CCU41_1_IRQHandler
                0x08027e88       0x18 ./Dave/Generated/ECAT_SSC/xmc_eschw.o
                0x08027e88                CCU41_1_IRQHandler
 .text.HW_GetTimer
                0x08027ea0       0x18 ./Dave/Generated/ECAT_SSC/xmc_eschw.o
                0x08027ea0                HW_GetTimer
 .text.DIGITAL_IO_Init
                0x08027eb8       0x40 ./Dave/Generated/DIGITAL_IO/digital_io.o
                0x08027eb8                DIGITAL_IO_Init
 .text.NVIC_SetPriorityGrouping
                0x08027ef8       0x48 ./Dave/Generated/CPU_CTRL_XMC4/cpu_ctrl_xmc4_conf.o
 .text.SystemCoreSetup
                0x08027f40       0xa0 ./Dave/Generated/CPU_CTRL_XMC4/cpu_ctrl_xmc4_conf.o
                0x08027f40                SystemCoreSetup
 .text.CLOCK_XMC4_Init
                0x08027fe0       0x20 ./Dave/Generated/CLOCK_XMC4/clock_xmc4.o
                0x08027fe0                CLOCK_XMC4_Init
 .text.OSCHP_GetFrequency
                0x08028000       0x14 ./Dave/Generated/CLOCK_XMC4/clock_xmc4.o
                0x08028000                OSCHP_GetFrequency
 .text.XMC_SCU_CLOCK_SetECATClockSource
                0x08028014       0x28 ./Dave/Generated/CLOCK_XMC4/clock_xmc4_conf.o
 .text.SystemCoreClockSetup
                0x0802803c       0x5c ./Dave/Generated/CLOCK_XMC4/clock_xmc4_conf.o
                0x0802803c                SystemCoreClockSetup
 .text.DAVE_Init
                0x08028098       0xc4 ./Dave/Generated/DAVE.o
                0x08028098                DAVE_Init
 .text.XMC_GPIO_SetOutputLevel
                0x0802815c       0x24 ./main.o
 .text.XMC_GPIO_SetOutputHigh
                0x08028180       0x20 ./main.o
 .text.XMC_GPIO_GetInput
                0x080281a0       0x28 ./main.o
 .text.XMC_GPIO_EnableDigitalInput
                0x080281c8       0x2c ./main.o
 .text.Init_ECAT_Adapt_LED
                0x080281f4       0x30 ./main.o
                0x080281f4                Init_ECAT_Adapt_LED
 .text.Init_Relax_Button
                0x08028224       0x1c ./main.o
                0x08028224                Init_Relax_Button
 .text.process_app
                0x08028240       0x7c ./main.o
                0x08028240                process_app
 .text.main     0x080282bc       0x28 ./main.o
                0x080282bc                main
 .text.ERU1_3_IRQHandler
                0x080282e4        0xc ./main.o
                0x080282e4                ERU1_3_IRQHandler
 .text.ERU1_0_IRQHandler
                0x080282f0        0xc ./main.o
                0x080282f0                ERU1_0_IRQHandler
 .text.__errno  0x080282fc        0xc c:/davev4-64bit/dave-4.3.2/eclipse/arm-gcc-49/bin/../lib/gcc/arm-none-eabi/4.9.3/../../../../arm-none-eabi/lib/armv7e-m/softfp\libg_nano.a(lib_a-errno.o)
                0x080282fc                __errno
 .text.__libc_init_array
                0x08028308       0x4c c:/davev4-64bit/dave-4.3.2/eclipse/arm-gcc-49/bin/../lib/gcc/arm-none-eabi/4.9.3/../../../../arm-none-eabi/lib/armv7e-m/softfp\libg_nano.a(lib_a-init.o)
                0x08028308                __libc_init_array
 .text.malloc   0x08028354       0x10 c:/davev4-64bit/dave-4.3.2/eclipse/arm-gcc-49/bin/../lib/gcc/arm-none-eabi/4.9.3/../../../../arm-none-eabi/lib/armv7e-m/softfp\libg_nano.a(lib_a-malloc.o)
                0x08028354                malloc
 .text.free     0x08028364       0x10 c:/davev4-64bit/dave-4.3.2/eclipse/arm-gcc-49/bin/../lib/gcc/arm-none-eabi/4.9.3/../../../../arm-none-eabi/lib/armv7e-m/softfp\libg_nano.a(lib_a-malloc.o)
                0x08028364                free
 .text.memcpy   0x08028374       0x16 c:/davev4-64bit/dave-4.3.2/eclipse/arm-gcc-49/bin/../lib/gcc/arm-none-eabi/4.9.3/../../../../arm-none-eabi/lib/armv7e-m/softfp\libg_nano.a(lib_a-memcpy.o)
                0x08028374                memcpy
 .text.memset   0x0802838a       0x10 c:/davev4-64bit/dave-4.3.2/eclipse/arm-gcc-49/bin/../lib/gcc/arm-none-eabi/4.9.3/../../../../arm-none-eabi/lib/armv7e-m/softfp\libg_nano.a(lib_a-memset.o)
                0x0802838a                memset
 *fill*         0x0802839a        0x2 
 .text._free_r  0x0802839c       0x88 c:/davev4-64bit/dave-4.3.2/eclipse/arm-gcc-49/bin/../lib/gcc/arm-none-eabi/4.9.3/../../../../arm-none-eabi/lib/armv7e-m/softfp\libg_nano.a(lib_a-nano-freer.o)
                0x0802839c                _free_r
 .text._malloc_r
                0x08028424       0xac c:/davev4-64bit/dave-4.3.2/eclipse/arm-gcc-49/bin/../lib/gcc/arm-none-eabi/4.9.3/../../../../arm-none-eabi/lib/armv7e-m/softfp\libg_nano.a(lib_a-nano-mallocr.o)
                0x08028424                _malloc_r
 .text._sbrk_r  0x080284d0       0x20 c:/davev4-64bit/dave-4.3.2/eclipse/arm-gcc-49/bin/../lib/gcc/arm-none-eabi/4.9.3/../../../../arm-none-eabi/lib/armv7e-m/softfp\libg_nano.a(lib_a-sbrkr.o)
                0x080284d0                _sbrk_r
 .text.strlen   0x080284f0       0x10 c:/davev4-64bit/dave-4.3.2/eclipse/arm-gcc-49/bin/../lib/gcc/arm-none-eabi/4.9.3/../../../../arm-none-eabi/lib/armv7e-m/softfp\libg_nano.a(lib_a-strlen.o)
                0x080284f0                strlen
 *(.init)
 *(.fini)
 *crtbegin.o(.ctors)
 *crtbegin?.o(.ctors)
 *(EXCLUDE_FILE(*crtend.o *crtend?.o) .ctors)
 *(SORT(.ctors.*))
 *(.ctors)
 *crtbegin.o(.dtors)
 *crtbegin?.o(.dtors)
 *(EXCLUDE_FILE(*crtend.o *crtend?.o) .dtors)
 *(SORT(.dtors.*))
 *(.dtors)
 *(.rodata .rodata.*)
 .rodata.asEntryDesc0x1600
                0x08028500       0x50 ./SSC/Src/coeappl.o
                0x08028500                asEntryDesc0x1600
 .rodata.aName0x1600
                0x08028550       0xc0 ./SSC/Src/coeappl.o
                0x08028550                aName0x1600
 .rodata.asEntryDesc0x1A00
                0x08028610       0x50 ./SSC/Src/coeappl.o
                0x08028610                asEntryDesc0x1A00
 .rodata.aName0x1A00
                0x08028660       0xc0 ./SSC/Src/coeappl.o
                0x08028660                aName0x1A00
 .rodata.asEntryDesc0x1C12
                0x08028720        0xc ./SSC/Src/coeappl.o
                0x08028720                asEntryDesc0x1C12
 .rodata.aName0x1C12
                0x0802872c       0x1c ./SSC/Src/coeappl.o
                0x0802872c                aName0x1C12
 .rodata.asEntryDesc0x1C13
                0x08028748        0xc ./SSC/Src/coeappl.o
                0x08028748                asEntryDesc0x1C13
 .rodata.aName0x1C13
                0x08028754       0x1c ./SSC/Src/coeappl.o
                0x08028754                aName0x1C13
 .rodata.asEntryDesc0x6000
                0x08028770       0x50 ./SSC/Src/coeappl.o
                0x08028770                asEntryDesc0x6000
 .rodata.aName0x6000
                0x080287c0       0xa0 ./SSC/Src/coeappl.o
                0x080287c0                aName0x6000
 .rodata.asEntryDesc0x7000
                0x08028860       0x50 ./SSC/Src/coeappl.o
                0x08028860                asEntryDesc0x7000
 .rodata.aName0x7000
                0x080288b0       0xac ./SSC/Src/coeappl.o
                0x080288b0                aName0x7000
 .rodata.sEntryDesc0x1000
                0x0802895c        0x8 ./SSC/Src/coeappl.o
                0x0802895c                sEntryDesc0x1000
 .rodata.aName0x1000
                0x08028964        0xc ./SSC/Src/coeappl.o
                0x08028964                aName0x1000
 .rodata.sEntryDesc0x1001
                0x08028970        0x8 ./SSC/Src/coeappl.o
                0x08028970                sEntryDesc0x1001
 .rodata.aName0x1001
                0x08028978       0x10 ./SSC/Src/coeappl.o
                0x08028978                aName0x1001
 .rodata.sEntryDesc0x1008
                0x08028988        0x8 ./SSC/Src/coeappl.o
                0x08028988                sEntryDesc0x1008
 .rodata.aName0x1008
                0x08028990        0xc ./SSC/Src/coeappl.o
                0x08028990                aName0x1008
 .rodata.sEntryDesc0x1009
                0x0802899c        0x8 ./SSC/Src/coeappl.o
                0x0802899c                sEntryDesc0x1009
 .rodata.aName0x1009
                0x080289a4       0x14 ./SSC/Src/coeappl.o
                0x080289a4                aName0x1009
 .rodata.sEntryDesc0x100A
                0x080289b8        0x8 ./SSC/Src/coeappl.o
                0x080289b8                sEntryDesc0x100A
 .rodata.aName0x100A
                0x080289c0       0x14 ./SSC/Src/coeappl.o
                0x080289c0                aName0x100A
 .rodata.asEntryDesc0x1018
                0x080289d4       0x20 ./SSC/Src/coeappl.o
                0x080289d4                asEntryDesc0x1018
 .rodata.aName0x1018
                0x080289f4       0x3c ./SSC/Src/coeappl.o
                0x080289f4                aName0x1018
 .rodata.asEntryDesc0x10F1
                0x08028a30       0x14 ./SSC/Src/coeappl.o
                0x08028a30                asEntryDesc0x10F1
 .rodata.aName0x10F1
                0x08028a44       0x40 ./SSC/Src/coeappl.o
                0x08028a44                aName0x10F1
 .rodata.asEntryDesc0x1C00
                0x08028a84        0xc ./SSC/Src/coeappl.o
                0x08028a84                asEntryDesc0x1C00
 .rodata.aName0x1C00
                0x08028a90       0x14 ./SSC/Src/coeappl.o
                0x08028a90                aName0x1C00
 .rodata.asEntryDesc0x1C3x
                0x08028aa4       0xc8 ./SSC/Src/coeappl.o
                0x08028aa4                asEntryDesc0x1C3x
 .rodata.aName0x1C32
                0x08028b6c      0x100 ./SSC/Src/coeappl.o
                0x08028b6c                aName0x1C32
 .rodata.aName0x1C33
                0x08028c6c      0x100 ./SSC/Src/coeappl.o
                0x08028c6c                aName0x1C33
 .rodata.cBitMask
                0x08028d6c       0x20 ./SSC/Src/objdef.o
                0x08028d6c                cBitMask
 .rodata.cAbortCode
                0x08028d8c       0x78 ./SSC/Src/sdoserv.o
                0x08028d8c                cAbortCode
 .rodata.INT_SYNC1
                0x08028e04        0x4 ./Dave/Generated/INTERRUPT/interrupt_conf.o
                0x08028e04                INT_SYNC1
 .rodata.INT_SYNC0
                0x08028e08        0x4 ./Dave/Generated/INTERRUPT/interrupt_conf.o
                0x08028e08                INT_SYNC0
 .rodata.INTERRUPT_2
                0x08028e0c        0x4 ./Dave/Generated/INTERRUPT/interrupt_conf.o
                0x08028e0c                INTERRUPT_2
 .rodata.e_eeprom_xmc4_fce
                0x08028e10        0xc ./Dave/Generated/E_EEPROM_XMC4/e_eeprom_xmc4.o
 .rodata.EG_SYNC0_OGU_Config
                0x08028e1c        0x4 ./Dave/Generated/EVENT_GENERATOR/event_generator_conf.o
                0x08028e1c                EG_SYNC0_OGU_Config
 .rodata.EG_SYNC1_OGU_Config
                0x08028e20        0x4 ./Dave/Generated/EVENT_GENERATOR/event_generator_conf.o
                0x08028e20                EG_SYNC1_OGU_Config
 .rodata.ED_SYNC0_ETL_Config
                0x08028e24        0x8 ./Dave/Generated/EVENT_DETECTOR/event_detector_conf.o
                0x08028e24                ED_SYNC0_ETL_Config
 .rodata.ED_SYNC1_ETL_Config
                0x08028e2c        0x8 ./Dave/Generated/EVENT_DETECTOR/event_detector_conf.o
                0x08028e2c                ED_SYNC1_ETL_Config
 .rodata.ECAT_SSC_0
                0x08028e34        0xc ./Dave/Generated/ECAT_SSC/ecat_ssc_conf.o
                0x08028e34                ECAT_SSC_0
 .rodata.DIGITAL_IO_0
                0x08028e40       0x14 ./Dave/Generated/DIGITAL_IO/digital_io_conf.o
                0x08028e40                DIGITAL_IO_0
 .rodata        0x08028e54       0x14 ./Dave/Generated/CLOCK_XMC4/clock_xmc4_conf.o
 .rodata.str1.1
                0x08028e68        0x2 c:/davev4-64bit/dave-4.3.2/eclipse/arm-gcc-49/bin/../lib/gcc/arm-none-eabi/4.9.3/../../../../arm-none-eabi/lib/armv7e-m/softfp\libg_nano.a(lib_a-impure.o)
 *(.gnu.linkonce.r*)
                0x08028e6c                . = ALIGN (0x4)
 *fill*         0x08028e6a        0x2 

.glue_7         0x08028e6c        0x0 load address 0x0c028e6c
 .glue_7        0x00000000        0x0 linker stubs

.glue_7t        0x08028e6c        0x0 load address 0x0c028e6c
 .glue_7t       0x00000000        0x0 linker stubs

.vfp11_veneer   0x08028e6c        0x0 load address 0x0c028e6c
 .vfp11_veneer  0x00000000        0x0 linker stubs

.v4_bx          0x08028e6c        0x0 load address 0x0c028e6c
 .v4_bx         0x00000000        0x0 linker stubs

.iplt           0x08028e6c        0x0 load address 0x0c028e6c
 .iplt          0x00000000        0x0 ./Startup/startup_XMC4300.o

.rel.dyn        0x08028e6c        0x0 load address 0x0c028e6c
 .rel.iplt      0x00000000        0x0 ./Startup/startup_XMC4300.o

.ARM.extab
 *(.ARM.extab* .gnu.linkonce.armextab.*)
                0x08028e6c                __exidx_start = .

.ARM.exidx
 *(.ARM.exidx* .gnu.linkonce.armexidx.*)
                0x08028e6c                __exidx_end = .

Stack           0x1fff0000      0x800
                0x1fff0000                __stack_start = .
                0x1fff0800                . = (. + stack_size)
 *fill*         0x1fff0000      0x800 
                0x1fff0800                __stack_end = .
                0x1fff0800                __initial_sp = .

.ram_code       0x1fff0800        0x0 load address 0x0c028e6c
                0x1fff0800                . = ALIGN (0x4)
                0x1fff0800                __ram_code_start = .
 *(.ram_code)
                0x1fff0800                . = ALIGN (0x4)
                0x1fff0800                __ram_code_end = .
                0x0c028e6c                __ram_code_load = LOADADDR (.ram_code)
                0x00000000                __ram_code_size = (__ram_code_end - __ram_code_start)

.data           0x1fff0800      0xc9c load address 0x0c028e6c
                0x1fff0800                . = ALIGN (0x4)
                0x1fff0800                __data_start = .
 *(.data)
 *(.data*)
 .data.OUT_GENERICProcessDataMapping0x1600
                0x1fff0800       0x34 ./SSC/Src/XMC_ESC.o
                0x1fff0800                OUT_GENERICProcessDataMapping0x1600
 .data.IN_GENERICProcessDataMapping0x1A00
                0x1fff0834       0x34 ./SSC/Src/XMC_ESC.o
                0x1fff0834                IN_GENERICProcessDataMapping0x1A00
 .data.sRxPDOassign
                0x1fff0868        0x4 ./SSC/Src/XMC_ESC.o
                0x1fff0868                sRxPDOassign
 .data.sTxPDOassign
                0x1fff086c        0x4 ./SSC/Src/XMC_ESC.o
                0x1fff086c                sTxPDOassign
 .data.IN_GENERIC0x6000
                0x1fff0870        0xc ./SSC/Src/XMC_ESC.o
                0x1fff0870                IN_GENERIC0x6000
 .data.OUT_GENERIC0x7000
                0x1fff087c        0xc ./SSC/Src/XMC_ESC.o
                0x1fff087c                OUT_GENERIC0x7000
 .data.ApplicationObjDic
                0x1fff0888      0x118 ./SSC/Src/coeappl.o
                0x1fff0888                ApplicationObjDic
 .data.u32Devicetype
                0x1fff09a0        0x4 ./SSC/Src/coeappl.o
                0x1fff09a0                u32Devicetype
 .data.acDevicename
                0x1fff09a4        0x8 ./SSC/Src/coeappl.o
                0x1fff09a4                acDevicename
 .data.acHardwareversion
                0x1fff09ac        0x4 ./SSC/Src/coeappl.o
                0x1fff09ac                acHardwareversion
 .data.acSoftwareversion
                0x1fff09b0        0x8 ./SSC/Src/coeappl.o
                0x1fff09b0                acSoftwareversion
 .data.sIdentity
                0x1fff09b8       0x14 ./SSC/Src/coeappl.o
                0x1fff09b8                sIdentity
 .data.sSyncmanagertype
                0x1fff09cc        0x8 ./SSC/Src/coeappl.o
                0x1fff09cc                sSyncmanagertype
 .data.GenObjDic
                0x1fff09d4      0x1b8 ./SSC/Src/coeappl.o
                0x1fff09d4                GenObjDic
 .data.aEepromData
                0x1fff0b8c      0x800 ./SSC/Src/ecatappl.o
                0x1fff0b8c                aEepromData
 .data.sErrorSettings
                0x1fff138c        0xc ./SSC/Src/objdef.o
                0x1fff138c                sErrorSettings
 .data.aSubindexDesc
                0x1fff1398       0x10 ./SSC/Src/objdef.o
                0x1fff1398                aSubindexDesc
 .data.TIMER_0_config
                0x1fff13a8        0x8 ./Dave/Generated/TIMER/timer_conf.o
                0x1fff13a8                TIMER_0_config
 .data.TIMER_0  0x1fff13b0       0x28 ./Dave/Generated/TIMER/timer_conf.o
                0x1fff13b0                TIMER_0
 .data.GLOBAL_CCU4_0
                0x1fff13d8       0x10 ./Dave/Generated/GLOBAL_CCU4/global_ccu4_conf.o
                0x1fff13d8                GLOBAL_CCU4_0
 .data.e_eeprom_xmc4_sector_info
                0x1fff13e8       0x10 ./Dave/Generated/E_EEPROM_XMC4/e_eeprom_xmc4.o
 .data.EG_SYNC0
                0x1fff13f8       0x10 ./Dave/Generated/EVENT_GENERATOR/event_generator_conf.o
                0x1fff13f8                EG_SYNC0
 .data.EG_SYNC1
                0x1fff1408       0x10 ./Dave/Generated/EVENT_GENERATOR/event_generator_conf.o
                0x1fff1408                EG_SYNC1
 .data.ED_SYNC0
                0x1fff1418       0x10 ./Dave/Generated/EVENT_DETECTOR/event_detector_conf.o
                0x1fff1418                ED_SYNC0
 .data.ED_SYNC1
                0x1fff1428       0x10 ./Dave/Generated/EVENT_DETECTOR/event_detector_conf.o
                0x1fff1428                ED_SYNC1
 .data.impure_data
                0x1fff1438       0x60 c:/davev4-64bit/dave-4.3.2/eclipse/arm-gcc-49/bin/../lib/gcc/arm-none-eabi/4.9.3/../../../../arm-none-eabi/lib/armv7e-m/softfp\libg_nano.a(lib_a-impure.o)
 .data._impure_ptr
                0x1fff1498        0x4 c:/davev4-64bit/dave-4.3.2/eclipse/arm-gcc-49/bin/../lib/gcc/arm-none-eabi/4.9.3/../../../../arm-none-eabi/lib/armv7e-m/softfp\libg_nano.a(lib_a-impure.o)
                0x1fff1498                _impure_ptr
 *(*.data)
 *(.gnu.linkonce.d*)
                0x1fff149c                . = ALIGN (0x4)
                0x1fff149c                PROVIDE (__preinit_array_start, .)
 *(.preinit_array)
                0x1fff149c                PROVIDE (__preinit_array_end, .)
                0x1fff149c                . = ALIGN (0x4)
                0x1fff149c                PROVIDE (__init_array_start, .)
 *(SORT(.init_array.*))
 *(.init_array)
                0x1fff149c                PROVIDE (__init_array_end, .)
                0x1fff149c                . = ALIGN (0x4)
                0x1fff149c                PROVIDE (__fini_array_start, .)
 *(SORT(.fini_array.*))
 *(.fini_array)
                0x1fff149c                PROVIDE (__fini_array_end, .)
                0x1fff149c                . = ALIGN (0x4)
                0x1fff149c                __data_end = .
                0x0c028e6c                __data_load = LOADADDR (.data)
                0x00000c9c                __data_size = (__data_end - __data_start)

.igot.plt       0x1fff149c        0x0 load address 0x0c029b08
 .igot.plt      0x00000000        0x0 ./Startup/startup_XMC4300.o

.bss            0x1fff149c     0x149c load address 0x0c029b08
                0x1fff149c                . = ALIGN (0x4)
                0x1fff149c                __bss_start = .
 *(.bss)
 *(.bss*)
 .bss.u16ErrorRegister
                0x1fff149c        0x2 ./SSC/Src/coeappl.o
                0x1fff149c                u16ErrorRegister
 *fill*         0x1fff149e        0x2 
 .bss.ObjDicList
                0x1fff14a0        0x4 ./SSC/Src/coeappl.o
                0x1fff14a0                ObjDicList
 .bss.bInitFinished
                0x1fff14a4        0x1 ./SSC/Src/ecatappl.o
                0x1fff14a4                bInitFinished
 .bss.SMActivate
                0x1fff14a5        0x1 ./SSC/Src/ecatslv.o
                0x1fff14a5                SMActivate
 .bss.EepromLoaded
                0x1fff14a6        0x1 ./SSC/Src/ecatslv.o
                0x1fff14a6                EepromLoaded
 .bss.bSdoInWork
                0x1fff14a7        0x1 ./SSC/Src/sdoserv.o
                0x1fff14a7                bSdoInWork
 .bss.heap_ptr.4327
                0x1fff14a8        0x4 ./Libraries/Newlib/syscalls.o
 .bss.e_eeprom_xmc4_data_buffer
                0x1fff14ac     0x1000 ./Dave/Generated/E_EEPROM_XMC4/e_eeprom_xmc4.o
 .bss.E_EEPROM_XMC4_0
                0x1fff24ac        0x4 ./Dave/Generated/E_EEPROM_XMC4/e_eeprom_xmc4_conf.o
                0x1fff24ac                E_EEPROM_XMC4_0
 .bss.ticks     0x1fff24b0        0x4 ./Dave/Generated/ECAT_SSC/xmc_eschw.o
 .bss.CLOCK_XMC4_0
                0x1fff24b4        0x4 ./Dave/Generated/CLOCK_XMC4/clock_xmc4_conf.o
                0x1fff24b4                CLOCK_XMC4_0
 .bss.__malloc_sbrk_start
                0x1fff24b8        0x4 c:/davev4-64bit/dave-4.3.2/eclipse/arm-gcc-49/bin/../lib/gcc/arm-none-eabi/4.9.3/../../../../arm-none-eabi/lib/armv7e-m/softfp\libg_nano.a(lib_a-nano-mallocr.o)
                0x1fff24b8                __malloc_sbrk_start
 .bss.__malloc_free_list
                0x1fff24bc        0x4 c:/davev4-64bit/dave-4.3.2/eclipse/arm-gcc-49/bin/../lib/gcc/arm-none-eabi/4.9.3/../../../../arm-none-eabi/lib/armv7e-m/softfp\libg_nano.a(lib_a-nano-mallocr.o)
                0x1fff24bc                __malloc_free_list
 *(COMMON)
 COMMON         0x1fff24c0       0xae ./SSC/Src/ecatappl.o
                0x1fff24c0                StartTimerCnt
                0x1fff24c4                bCycleTimeMeasurementStarted
                0x1fff24c8                pAPPL_EEPROM_Read
                0x1fff24cc                pAPPL_EEPROM_Write
                0x1fff24d0                bRunApplication
                0x1fff24d1                bEcatWaitForInputUpdate
                0x1fff24d4                aPdOutputData
                0x1fff2518                bEtherCATErrorLed
                0x1fff251c                aPdInputData
                0x1fff2560                pEEPROM
                0x1fff2564                bEtherCATRunLed
                0x1fff2568                pAPPL_EEPROM_Reload
                0x1fff256c                u16BusCycleCntMs
 *fill*         0x1fff256e        0x2 
 COMMON         0x1fff2570        0x4 ./SSC/Src/ecatcoe.o
                0x1fff2570                pCoeSendStored
 COMMON         0x1fff2574       0x4a ./SSC/Src/ecatslv.o
                0x1fff2574                b3BufferMode
                0x1fff2576                nEcatStateTrans
                0x1fff2578                bApplEsmPending
                0x1fff2579                nAlStatus
                0x1fff257a                nPdOutputSize
                0x1fff257c                u16LocalErrorCode
                0x1fff257e                Sync0WdCounter
                0x1fff2580                bLocalErrorFlag
                0x1fff2582                LatchInputSync0Counter
                0x1fff2584                i16WaitForPllRunningCnt
                0x1fff2586                nEscAddrOutputData
                0x1fff2588                Sync0WdValue
                0x1fff258a                u8EcatRunLed
                0x1fff258c                i16WaitForPllRunningTimeout
                0x1fff258e                Sync1WdValue
                0x1fff2590                u8dummy
                0x1fff2592                u16ALEventMask
                0x1fff2594                bDcRunning
                0x1fff2598                SyncManInfo
                0x1fff25a0                LatchInputSync0Value
                0x1fff25a2                bEcatWaitForAlControlRes
                0x1fff25a4                nPdInputSize
                0x1fff25a6                u16SmSync0Value
                0x1fff25a8                nMaxEscAddress
                0x1fff25aa                bEcatFirstOutputsReceived
                0x1fff25ab                bSmSyncSequenceValid
                0x1fff25ac                EsmTimeoutCounter
                0x1fff25ae                bDcSyncActive
                0x1fff25af                bEcatOutputUpdateRunning
                0x1fff25b0                Sync1WdCounter
                0x1fff25b2                EcatWdValue
                0x1fff25b4                bEcatInputUpdateRunning
                0x1fff25b5                bEscIntEnabled
                0x1fff25b6                bWdTrigger
                0x1fff25b8                u16SmSync0Counter
                0x1fff25ba                nMaxSyncMan
                0x1fff25bb                u8EcatErrorLed
                0x1fff25bc                nEscAddrInputData
 *fill*         0x1fff25be        0x2 
 COMMON         0x1fff25c0      0x294 ./SSC/Src/mailbox.o
                0x1fff25c0                asMbx
                0x1fff27c0                u8MbxReadCounter
                0x1fff27c4                sMbxSendQueue
                0x1fff27f8                sMbxReceiveQueue
                0x1fff282c                bNoMbxMemoryAvailable
                0x1fff282d                bSendMbxIsFull
                0x1fff282e                bMbxRunning
                0x1fff2830                u16EscAddrReceiveMbx
                0x1fff2834                psStoreMbx
                0x1fff2838                u16SendMbxSize
                0x1fff283c                psReadMbx
                0x1fff2840                bReceiveMbxIsLocked
                0x1fff2842                u16EscAddrSendMbx
                0x1fff2844                psWriteMbx
                0x1fff2848                u8MbxWriteCounter
                0x1fff2849                u8MailboxSendReqStored
                0x1fff284a                u16ReceiveMbxSize
                0x1fff284c                bMbxRepeatToggle
                0x1fff2850                psRepeatMbx
 COMMON         0x1fff2854       0x8e ./SSC/Src/objdef.o
                0x1fff2854                sSyncManInPar
                0x1fff2898                sSyncManOutPar
                0x1fff28dc                bSyncSetByUser
                0x1fff28e0                sCycleDiag
 *fill*         0x1fff28e2        0x2 
 COMMON         0x1fff28e4       0x4d ./SSC/Src/sdoserv.o
                0x1fff28e4                nSdoInfoIndex
                0x1fff28e8                pStoreData
                0x1fff28ec                nSdoSegBytesToHandle
                0x1fff28f0                bSdoSegAccess
                0x1fff28f1                bSdoSegFollows
                0x1fff28f4                nSdoSegCompleteSize
                0x1fff28f8                pSdoPendFunc
                0x1fff28fc                u8PendingSdo
                0x1fff28fd                bStoreCompleteAccess
                0x1fff28fe                bSdoSegLastToggle
                0x1fff28ff                nSdoSegService
                0x1fff2900                pSdoInfoObjEntry
                0x1fff2904                nSdoInfoFragmentsLeft
                0x1fff2908                pSdoResStored
                0x1fff290c                u32StoreDataSize
                0x1fff2910                pSdoSegData
                0x1fff2914                nSdoSegIndex
                0x1fff2918                aSdoInfoHeader
                0x1fff2928                pSdoSegObjEntry
                0x1fff292c                nSdoSegSubindex
                0x1fff292e                u16StoreIndex
                0x1fff2930                u8StoreSubindex
 *fill*         0x1fff2931        0x3 
 COMMON         0x1fff2934        0x4 c:/davev4-64bit/dave-4.3.2/eclipse/arm-gcc-49/bin/../lib/gcc/arm-none-eabi/4.9.3/../../../../arm-none-eabi/lib/armv7e-m/softfp\libg_nano.a(lib_a-reent.o)
                0x1fff2934                errno
 *(.gnu.linkonce.b*)
                0x1fff2938                . = ALIGN (0x4)
                0x1fff2938                __bss_end = .
                0x0000149c                __bss_size = (__bss_end - __bss_start)
                0x0000d6c8                __shift_loc = (__bss_end >= ORIGIN (DSRAM_1_system))?0x0:(ORIGIN (DSRAM_1_system) - __bss_end)

USB_RAM         0x20000000        0x0
                0x20000000                . = ALIGN (0x4)
                0x20000000                USB_RAM_start = .
 *(USB_RAM)
                0x20000000                . = ALIGN (0x4)
                0x20000000                USB_RAM_end = .
                0x00000000                USB_RAM_size = (USB_RAM_end - USB_RAM_start)

ETH_RAM         0x20000000        0x0
                0x20000000                . = ALIGN (0x4)
                0x20000000                ETH_RAM_start = .
 *(ETH_RAM)
                0x20000000                . = ALIGN (0x4)
                0x20000000                ETH_RAM_end = .
                0x20000000                . = ALIGN (0x8)
                0x20000000                Heap_Bank1_Start = .
                0x00000000                ETH_RAM_size = (ETH_RAM_end - ETH_RAM_start)

.no_init        0x2000ffc0       0x14
                0x2000ffc0                Heap_Bank1_End = .
 *(.no_init)
 .no_init       0x2000ffc0       0x14 ./Startup/system_XMC4300.o
                0x2000ffc0                SystemCoreClock
                0x2000ffc4                g_chipid
                0x0000ffc0                Heap_Bank1_Size = (Heap_Bank1_End - Heap_Bank1_Start)
                0x00000001                ASSERT ((Heap_Bank1_Start <= Heap_Bank1_End), region SRAM_combined overflowed no_init section)

/DISCARD/
 *(.comment)

.stab
 *(.stab)

.stabstr
 *(.stabstr)

.debug
 *(.debug)

.line
 *(.line)

.debug_srcinfo
 *(.debug_srcinfo)

.debug_sfnames
 *(.debug_sfnames)

.debug_aranges  0x00000000     0x1128
 *(.debug_aranges)
 .debug_aranges
                0x00000000       0x20 ./Startup/startup_XMC4300.o
 .debug_aranges
                0x00000020       0x48 ./Startup/system_XMC4300.o
 .debug_aranges
                0x00000068       0x70 ./SSC/Src/XMC_ESC.o
 .debug_aranges
                0x000000d8       0x58 ./SSC/Src/coeappl.o
 .debug_aranges
                0x00000130       0xd8 ./SSC/Src/ecatappl.o
 .debug_aranges
                0x00000208       0x30 ./SSC/Src/ecatcoe.o
 .debug_aranges
                0x00000238       0xf0 ./SSC/Src/ecatslv.o
 .debug_aranges
                0x00000328       0xa0 ./SSC/Src/mailbox.o
 .debug_aranges
                0x000003c8       0x78 ./SSC/Src/objdef.o
 .debug_aranges
                0x00000440       0x48 ./SSC/Src/sdoserv.o
 .debug_aranges
                0x00000488       0x28 ./Libraries/XMCLib/src/xmc4_eru.o
 .debug_aranges
                0x000004b0       0xe0 ./Libraries/XMCLib/src/xmc4_flash.o
 .debug_aranges
                0x00000590       0x28 ./Libraries/XMCLib/src/xmc4_gpio.o
 .debug_aranges
                0x000005b8      0x390 ./Libraries/XMCLib/src/xmc4_scu.o
 .debug_aranges
                0x00000948      0x138 ./Libraries/XMCLib/src/xmc_ccu4.o
 .debug_aranges
                0x00000a80       0x70 ./Libraries/XMCLib/src/xmc_ecat.o
 .debug_aranges
                0x00000af0       0x88 ./Libraries/XMCLib/src/xmc_eru.o
 .debug_aranges
                0x00000b78       0x60 ./Libraries/XMCLib/src/xmc_fce.o
 .debug_aranges
                0x00000bd8       0x28 ./Libraries/XMCLib/src/xmc_gpio.o
 .debug_aranges
                0x00000c00       0x28 ./Libraries/Newlib/syscalls.o
 .debug_aranges
                0x00000c28       0xd8 ./Dave/Generated/TIMER/timer.o
 .debug_aranges
                0x00000d00       0x18 ./Dave/Generated/TIMER/timer_conf.o
 .debug_aranges
                0x00000d18       0x50 ./Dave/Generated/INTERRUPT/interrupt.o
 .debug_aranges
                0x00000d68       0x18 ./Dave/Generated/INTERRUPT/interrupt_conf.o
 .debug_aranges
                0x00000d80       0x30 ./Dave/Generated/GLOBAL_CCU4/global_ccu4.o
 .debug_aranges
                0x00000db0       0x18 ./Dave/Generated/GLOBAL_CCU4/global_ccu4_conf.o
 .debug_aranges
                0x00000dc8       0xa0 ./Dave/Generated/E_EEPROM_XMC4/e_eeprom_xmc4.o
 .debug_aranges
                0x00000e68       0x18 ./Dave/Generated/E_EEPROM_XMC4/e_eeprom_xmc4_conf.o
 .debug_aranges
                0x00000e80       0x28 ./Dave/Generated/EVENT_GENERATOR/event_generator.o
 .debug_aranges
                0x00000ea8       0x18 ./Dave/Generated/EVENT_GENERATOR/event_generator_conf.o
 .debug_aranges
                0x00000ec0       0x28 ./Dave/Generated/EVENT_DETECTOR/event_detector.o
 .debug_aranges
                0x00000ee8       0x18 ./Dave/Generated/EVENT_DETECTOR/event_detector_conf.o
 .debug_aranges
                0x00000f00       0x28 ./Dave/Generated/ECAT_SSC/ecat_ssc.o
 .debug_aranges
                0x00000f28       0x18 ./Dave/Generated/ECAT_SSC/ecat_ssc_conf.o
 .debug_aranges
                0x00000f40       0x98 ./Dave/Generated/ECAT_SSC/xmc_eschw.o
 .debug_aranges
                0x00000fd8       0x28 ./Dave/Generated/DIGITAL_IO/digital_io.o
 .debug_aranges
                0x00001000       0x18 ./Dave/Generated/DIGITAL_IO/digital_io_conf.o
 .debug_aranges
                0x00001018       0x28 ./Dave/Generated/CPU_CTRL_XMC4/cpu_ctrl_xmc4_conf.o
 .debug_aranges
                0x00001040       0x38 ./Dave/Generated/CLOCK_XMC4/clock_xmc4.o
 .debug_aranges
                0x00001078       0x28 ./Dave/Generated/CLOCK_XMC4/clock_xmc4_conf.o
 .debug_aranges
                0x000010a0       0x20 ./Dave/Generated/DAVE.o
 .debug_aranges
                0x000010c0       0x68 ./main.o

.debug_pubnames
 *(.debug_pubnames)

.debug_pubtypes
 *(.debug_pubtypes)

.debug_info     0x00000000    0x1a20b
 *(.debug_info .gnu.linkonce.wi.*)
 .debug_info    0x00000000       0x86 ./Startup/startup_XMC4300.o
 .debug_info    0x00000086      0x8e8 ./Startup/system_XMC4300.o
 .debug_info    0x0000096e      0x8b3 ./SSC/Src/XMC_ESC.o
 .debug_info    0x00001221     0x1013 ./SSC/Src/coeappl.o
 .debug_info    0x00002234     0x1946 ./SSC/Src/ecatappl.o
 .debug_info    0x00003b7a      0x51e ./SSC/Src/ecatcoe.o
 .debug_info    0x00004098     0x1ac8 ./SSC/Src/ecatslv.o
 .debug_info    0x00005b60     0x138d ./SSC/Src/mailbox.o
 .debug_info    0x00006eed      0xd25 ./SSC/Src/objdef.o
 .debug_info    0x00007c12      0xe31 ./SSC/Src/sdoserv.o
 .debug_info    0x00008a43      0x51d ./Libraries/XMCLib/src/xmc4_eru.o
 .debug_info    0x00008f60      0x849 ./Libraries/XMCLib/src/xmc4_flash.o
 .debug_info    0x000097a9      0x422 ./Libraries/XMCLib/src/xmc4_gpio.o
 .debug_info    0x00009bcb     0x2142 ./Libraries/XMCLib/src/xmc4_scu.o
 .debug_info    0x0000bd0d     0x15e3 ./Libraries/XMCLib/src/xmc_ccu4.o
 .debug_info    0x0000d2f0     0x102d ./Libraries/XMCLib/src/xmc_ecat.o
 .debug_info    0x0000e31d      0xaaf ./Libraries/XMCLib/src/xmc_eru.o
 .debug_info    0x0000edcc      0x712 ./Libraries/XMCLib/src/xmc_fce.o
 .debug_info    0x0000f4de      0x39d ./Libraries/XMCLib/src/xmc_gpio.o
 .debug_info    0x0000f87b      0x11f ./Libraries/Newlib/syscalls.o
 .debug_info    0x0000f99a      0xd78 ./Dave/Generated/TIMER/timer.o
 .debug_info    0x00010712      0x820 ./Dave/Generated/TIMER/timer_conf.o
 .debug_info    0x00010f32      0x81e ./Dave/Generated/INTERRUPT/interrupt.o
 .debug_info    0x00011750      0x337 ./Dave/Generated/INTERRUPT/interrupt_conf.o
 .debug_info    0x00011a87      0x373 ./Dave/Generated/GLOBAL_CCU4/global_ccu4.o
 .debug_info    0x00011dfa      0x273 ./Dave/Generated/GLOBAL_CCU4/global_ccu4_conf.o
 .debug_info    0x0001206d      0xa41 ./Dave/Generated/E_EEPROM_XMC4/e_eeprom_xmc4.o
 .debug_info    0x00012aae       0xda ./Dave/Generated/E_EEPROM_XMC4/e_eeprom_xmc4_conf.o
 .debug_info    0x00012b88      0x545 ./Dave/Generated/EVENT_GENERATOR/event_generator.o
 .debug_info    0x000130cd      0x4dc ./Dave/Generated/EVENT_GENERATOR/event_generator_conf.o
 .debug_info    0x000135a9      0x59a ./Dave/Generated/EVENT_DETECTOR/event_detector.o
 .debug_info    0x00013b43      0x618 ./Dave/Generated/EVENT_DETECTOR/event_detector_conf.o
 .debug_info    0x0001415b      0xae0 ./Dave/Generated/ECAT_SSC/ecat_ssc.o
 .debug_info    0x00014c3b      0xa21 ./Dave/Generated/ECAT_SSC/ecat_ssc_conf.o
 .debug_info    0x0001565c     0x1cfe ./Dave/Generated/ECAT_SSC/xmc_eschw.o
 .debug_info    0x0001735a      0x4dc ./Dave/Generated/DIGITAL_IO/digital_io.o
 .debug_info    0x00017836      0x417 ./Dave/Generated/DIGITAL_IO/digital_io_conf.o
 .debug_info    0x00017c4d      0x475 ./Dave/Generated/CPU_CTRL_XMC4/cpu_ctrl_xmc4_conf.o
 .debug_info    0x000180c2      0x224 ./Dave/Generated/CLOCK_XMC4/clock_xmc4.o
 .debug_info    0x000182e6      0x573 ./Dave/Generated/CLOCK_XMC4/clock_xmc4_conf.o
 .debug_info    0x00018859     0x12b6 ./Dave/Generated/DAVE.o
 .debug_info    0x00019b0f      0x6fc ./main.o

.debug_abbrev   0x00000000     0x456e
 *(.debug_abbrev)
 .debug_abbrev  0x00000000       0x14 ./Startup/startup_XMC4300.o
 .debug_abbrev  0x00000014      0x1a1 ./Startup/system_XMC4300.o
 .debug_abbrev  0x000001b5      0x1f1 ./SSC/Src/XMC_ESC.o
 .debug_abbrev  0x000003a6      0x1e4 ./SSC/Src/coeappl.o
 .debug_abbrev  0x0000058a      0x2ed ./SSC/Src/ecatappl.o
 .debug_abbrev  0x00000877      0x166 ./SSC/Src/ecatcoe.o
 .debug_abbrev  0x000009dd      0x2d6 ./SSC/Src/ecatslv.o
 .debug_abbrev  0x00000cb3      0x1fc ./SSC/Src/mailbox.o
 .debug_abbrev  0x00000eaf      0x20b ./SSC/Src/objdef.o
 .debug_abbrev  0x000010ba      0x242 ./SSC/Src/sdoserv.o
 .debug_abbrev  0x000012fc      0x13b ./Libraries/XMCLib/src/xmc4_eru.o
 .debug_abbrev  0x00001437      0x1c2 ./Libraries/XMCLib/src/xmc4_flash.o
 .debug_abbrev  0x000015f9      0x11b ./Libraries/XMCLib/src/xmc4_gpio.o
 .debug_abbrev  0x00001714      0x2c3 ./Libraries/XMCLib/src/xmc4_scu.o
 .debug_abbrev  0x000019d7      0x1fc ./Libraries/XMCLib/src/xmc_ccu4.o
 .debug_abbrev  0x00001bd3      0x21d ./Libraries/XMCLib/src/xmc_ecat.o
 .debug_abbrev  0x00001df0      0x1e8 ./Libraries/XMCLib/src/xmc_eru.o
 .debug_abbrev  0x00001fd8      0x1a7 ./Libraries/XMCLib/src/xmc_fce.o
 .debug_abbrev  0x0000217f      0x10c ./Libraries/XMCLib/src/xmc_gpio.o
 .debug_abbrev  0x0000228b       0xbd ./Libraries/Newlib/syscalls.o
 .debug_abbrev  0x00002348      0x22b ./Dave/Generated/TIMER/timer.o
 .debug_abbrev  0x00002573      0x15a ./Dave/Generated/TIMER/timer_conf.o
 .debug_abbrev  0x000026cd      0x1da ./Dave/Generated/INTERRUPT/interrupt.o
 .debug_abbrev  0x000028a7       0x97 ./Dave/Generated/INTERRUPT/interrupt_conf.o
 .debug_abbrev  0x0000293e      0x16f ./Dave/Generated/GLOBAL_CCU4/global_ccu4.o
 .debug_abbrev  0x00002aad       0xfd ./Dave/Generated/GLOBAL_CCU4/global_ccu4_conf.o
 .debug_abbrev  0x00002baa      0x2a7 ./Dave/Generated/E_EEPROM_XMC4/e_eeprom_xmc4.o
 .debug_abbrev  0x00002e51       0x7a ./Dave/Generated/E_EEPROM_XMC4/e_eeprom_xmc4_conf.o
 .debug_abbrev  0x00002ecb      0x1b8 ./Dave/Generated/EVENT_GENERATOR/event_generator.o
 .debug_abbrev  0x00003083      0x16d ./Dave/Generated/EVENT_GENERATOR/event_generator_conf.o
 .debug_abbrev  0x000031f0      0x1a7 ./Dave/Generated/EVENT_DETECTOR/event_detector.o
 .debug_abbrev  0x00003397      0x15c ./Dave/Generated/EVENT_DETECTOR/event_detector_conf.o
 .debug_abbrev  0x000034f3      0x1b7 ./Dave/Generated/ECAT_SSC/ecat_ssc.o
 .debug_abbrev  0x000036aa      0x167 ./Dave/Generated/ECAT_SSC/ecat_ssc_conf.o
 .debug_abbrev  0x00003811      0x386 ./Dave/Generated/ECAT_SSC/xmc_eschw.o
 .debug_abbrev  0x00003b97      0x148 ./Dave/Generated/DIGITAL_IO/digital_io.o
 .debug_abbrev  0x00003cdf       0xfd ./Dave/Generated/DIGITAL_IO/digital_io_conf.o
 .debug_abbrev  0x00003ddc      0x184 ./Dave/Generated/CPU_CTRL_XMC4/cpu_ctrl_xmc4_conf.o
 .debug_abbrev  0x00003f60      0x10f ./Dave/Generated/CLOCK_XMC4/clock_xmc4.o
 .debug_abbrev  0x0000406f      0x138 ./Dave/Generated/CLOCK_XMC4/clock_xmc4_conf.o
 .debug_abbrev  0x000041a7      0x1c7 ./Dave/Generated/DAVE.o
 .debug_abbrev  0x0000436e      0x200 ./main.o

.debug_line     0x00000000     0x93c2
 *(.debug_line)
 .debug_line    0x00000000       0x87 ./Startup/startup_XMC4300.o
 .debug_line    0x00000087      0x2f6 ./Startup/system_XMC4300.o
 .debug_line    0x0000037d      0x2a6 ./SSC/Src/XMC_ESC.o
 .debug_line    0x00000623      0x286 ./SSC/Src/coeappl.o
 .debug_line    0x000008a9      0x64a ./SSC/Src/ecatappl.o
 .debug_line    0x00000ef3      0x1b9 ./SSC/Src/ecatcoe.o
 .debug_line    0x000010ac      0x98b ./SSC/Src/ecatslv.o
 .debug_line    0x00001a37      0x4a8 ./SSC/Src/mailbox.o
 .debug_line    0x00001edf      0x57e ./SSC/Src/objdef.o
 .debug_line    0x0000245d      0x3b2 ./SSC/Src/sdoserv.o
 .debug_line    0x0000280f      0x265 ./Libraries/XMCLib/src/xmc4_eru.o
 .debug_line    0x00002a74      0x4e2 ./Libraries/XMCLib/src/xmc4_flash.o
 .debug_line    0x00002f56      0x1fb ./Libraries/XMCLib/src/xmc4_gpio.o
 .debug_line    0x00003151      0xcf0 ./Libraries/XMCLib/src/xmc4_scu.o
 .debug_line    0x00003e41      0x615 ./Libraries/XMCLib/src/xmc_ccu4.o
 .debug_line    0x00004456      0x356 ./Libraries/XMCLib/src/xmc_ecat.o
 .debug_line    0x000047ac      0x2be ./Libraries/XMCLib/src/xmc_eru.o
 .debug_line    0x00004a6a      0x368 ./Libraries/XMCLib/src/xmc_fce.o
 .debug_line    0x00004dd2      0x1e9 ./Libraries/XMCLib/src/xmc_gpio.o
 .debug_line    0x00004fbb       0xbd ./Libraries/Newlib/syscalls.o
 .debug_line    0x00005078      0x545 ./Dave/Generated/TIMER/timer.o
 .debug_line    0x000055bd      0x2d8 ./Dave/Generated/TIMER/timer_conf.o
 .debug_line    0x00005895      0x2f4 ./Dave/Generated/INTERRUPT/interrupt.o
 .debug_line    0x00005b89      0x1e5 ./Dave/Generated/INTERRUPT/interrupt_conf.o
 .debug_line    0x00005d6e      0x303 ./Dave/Generated/GLOBAL_CCU4/global_ccu4.o
 .debug_line    0x00006071      0x26b ./Dave/Generated/GLOBAL_CCU4/global_ccu4_conf.o
 .debug_line    0x000062dc      0x4cd ./Dave/Generated/E_EEPROM_XMC4/e_eeprom_xmc4.o
 .debug_line    0x000067a9      0x179 ./Dave/Generated/E_EEPROM_XMC4/e_eeprom_xmc4_conf.o
 .debug_line    0x00006922      0x2dd ./Dave/Generated/EVENT_GENERATOR/event_generator.o
 .debug_line    0x00006bff      0x25b ./Dave/Generated/EVENT_GENERATOR/event_generator_conf.o
 .debug_line    0x00006e5a      0x25a ./Dave/Generated/EVENT_DETECTOR/event_detector.o
 .debug_line    0x000070b4      0x1d9 ./Dave/Generated/EVENT_DETECTOR/event_detector_conf.o
 .debug_line    0x0000728d      0x48b ./Dave/Generated/ECAT_SSC/ecat_ssc.o
 .debug_line    0x00007718      0x3dc ./Dave/Generated/ECAT_SSC/ecat_ssc_conf.o
 .debug_line    0x00007af4      0x4ae ./Dave/Generated/ECAT_SSC/xmc_eschw.o
 .debug_line    0x00007fa2      0x25d ./Dave/Generated/DIGITAL_IO/digital_io.o
 .debug_line    0x000081ff      0x1dd ./Dave/Generated/DIGITAL_IO/digital_io_conf.o
 .debug_line    0x000083dc      0x262 ./Dave/Generated/CPU_CTRL_XMC4/cpu_ctrl_xmc4_conf.o
 .debug_line    0x0000863e      0x293 ./Dave/Generated/CLOCK_XMC4/clock_xmc4.o
 .debug_line    0x000088d1      0x28b ./Dave/Generated/CLOCK_XMC4/clock_xmc4_conf.o
 .debug_line    0x00008b5c      0x4c8 ./Dave/Generated/DAVE.o
 .debug_line    0x00009024      0x39e ./main.o

.debug_frame    0x00000000     0x43b4
 *(.debug_frame)
 .debug_frame   0x00000000       0xec ./Startup/system_XMC4300.o
 .debug_frame   0x000000ec      0x1ac ./SSC/Src/XMC_ESC.o
 .debug_frame   0x00000298      0x154 ./SSC/Src/coeappl.o
 .debug_frame   0x000003ec      0x360 ./SSC/Src/ecatappl.o
 .debug_frame   0x0000074c       0x84 ./SSC/Src/ecatcoe.o
 .debug_frame   0x000007d0      0x40c ./SSC/Src/ecatslv.o
 .debug_frame   0x00000bdc      0x2b8 ./SSC/Src/mailbox.o
 .debug_frame   0x00000e94      0x200 ./SSC/Src/objdef.o
 .debug_frame   0x00001094      0x11c ./SSC/Src/sdoserv.o
 .debug_frame   0x000011b0       0x60 ./Libraries/XMCLib/src/xmc4_eru.o
 .debug_frame   0x00001210      0x3dc ./Libraries/XMCLib/src/xmc4_flash.o
 .debug_frame   0x000015ec       0x60 ./Libraries/XMCLib/src/xmc4_gpio.o
 .debug_frame   0x0000164c     0x10c8 ./Libraries/XMCLib/src/xmc4_scu.o
 .debug_frame   0x00002714      0x5b0 ./Libraries/XMCLib/src/xmc_ccu4.o
 .debug_frame   0x00002cc4      0x1a8 ./Libraries/XMCLib/src/xmc_ecat.o
 .debug_frame   0x00002e6c      0x240 ./Libraries/XMCLib/src/xmc_eru.o
 .debug_frame   0x000030ac      0x160 ./Libraries/XMCLib/src/xmc_fce.o
 .debug_frame   0x0000320c       0x60 ./Libraries/XMCLib/src/xmc_gpio.o
 .debug_frame   0x0000326c       0x5c ./Libraries/Newlib/syscalls.o
 .debug_frame   0x000032c8      0x3e0 ./Dave/Generated/TIMER/timer.o
 .debug_frame   0x000036a8      0x124 ./Dave/Generated/INTERRUPT/interrupt.o
 .debug_frame   0x000037cc       0x88 ./Dave/Generated/GLOBAL_CCU4/global_ccu4.o
 .debug_frame   0x00003854      0x2b0 ./Dave/Generated/E_EEPROM_XMC4/e_eeprom_xmc4.o
 .debug_frame   0x00003b04       0x60 ./Dave/Generated/EVENT_GENERATOR/event_generator.o
 .debug_frame   0x00003b64       0x60 ./Dave/Generated/EVENT_DETECTOR/event_detector.o
 .debug_frame   0x00003bc4       0x60 ./Dave/Generated/ECAT_SSC/ecat_ssc.o
 .debug_frame   0x00003c24      0x25c ./Dave/Generated/ECAT_SSC/xmc_eschw.o
 .debug_frame   0x00003e80       0x60 ./Dave/Generated/DIGITAL_IO/digital_io.o
 .debug_frame   0x00003ee0       0x60 ./Dave/Generated/CPU_CTRL_XMC4/cpu_ctrl_xmc4_conf.o
 .debug_frame   0x00003f40       0xac ./Dave/Generated/CLOCK_XMC4/clock_xmc4.o
 .debug_frame   0x00003fec       0x64 ./Dave/Generated/CLOCK_XMC4/clock_xmc4_conf.o
 .debug_frame   0x00004050       0x38 ./Dave/Generated/DAVE.o
 .debug_frame   0x00004088      0x168 ./main.o
 .debug_frame   0x000041f0       0x20 c:/davev4-64bit/dave-4.3.2/eclipse/arm-gcc-49/bin/../lib/gcc/arm-none-eabi/4.9.3/../../../../arm-none-eabi/lib/armv7e-m/softfp\libg_nano.a(lib_a-errno.o)
 .debug_frame   0x00004210       0x2c c:/davev4-64bit/dave-4.3.2/eclipse/arm-gcc-49/bin/../lib/gcc/arm-none-eabi/4.9.3/../../../../arm-none-eabi/lib/armv7e-m/softfp\libg_nano.a(lib_a-init.o)
 .debug_frame   0x0000423c       0x30 c:/davev4-64bit/dave-4.3.2/eclipse/arm-gcc-49/bin/../lib/gcc/arm-none-eabi/4.9.3/../../../../arm-none-eabi/lib/armv7e-m/softfp\libg_nano.a(lib_a-malloc.o)
 .debug_frame   0x0000426c       0x28 c:/davev4-64bit/dave-4.3.2/eclipse/arm-gcc-49/bin/../lib/gcc/arm-none-eabi/4.9.3/../../../../arm-none-eabi/lib/armv7e-m/softfp\libg_nano.a(lib_a-memcpy.o)
 .debug_frame   0x00004294       0x20 c:/davev4-64bit/dave-4.3.2/eclipse/arm-gcc-49/bin/../lib/gcc/arm-none-eabi/4.9.3/../../../../arm-none-eabi/lib/armv7e-m/softfp\libg_nano.a(lib_a-memset.o)
 .debug_frame   0x000042b4       0x2c c:/davev4-64bit/dave-4.3.2/eclipse/arm-gcc-49/bin/../lib/gcc/arm-none-eabi/4.9.3/../../../../arm-none-eabi/lib/armv7e-m/softfp\libg_nano.a(lib_a-nano-freer.o)
 .debug_frame   0x000042e0       0x2c c:/davev4-64bit/dave-4.3.2/eclipse/arm-gcc-49/bin/../lib/gcc/arm-none-eabi/4.9.3/../../../../arm-none-eabi/lib/armv7e-m/softfp\libg_nano.a(lib_a-nano-mallocr.o)
 .debug_frame   0x0000430c       0x2c c:/davev4-64bit/dave-4.3.2/eclipse/arm-gcc-49/bin/../lib/gcc/arm-none-eabi/4.9.3/../../../../arm-none-eabi/lib/armv7e-m/softfp\libg_nano.a(lib_a-sbrkr.o)
 .debug_frame   0x00004338       0x20 c:/davev4-64bit/dave-4.3.2/eclipse/arm-gcc-49/bin/../lib/gcc/arm-none-eabi/4.9.3/../../../../arm-none-eabi/lib/armv7e-m/softfp\libg_nano.a(lib_a-strlen.o)
 .debug_frame   0x00004358       0x5c c:/davev4-64bit/dave-4.3.2/eclipse/arm-gcc-49/bin/../lib/gcc/arm-none-eabi/4.9.3/../../../../arm-none-eabi/lib/armv7e-m/softfp\libg_nano.a(lib_a-reent.o)

.debug_str      0x00000000     0xa061
 *(.debug_str)
 .debug_str     0x00000000      0x522 ./Startup/system_XMC4300.o
                                0x58e (size before relaxing)
 .debug_str     0x00000522      0x417 ./SSC/Src/XMC_ESC.o
                                0x645 (size before relaxing)
 .debug_str     0x00000939      0x5ce ./SSC/Src/coeappl.o
                                0xa9b (size before relaxing)
 .debug_str     0x00000f07     0x1207 ./SSC/Src/ecatappl.o
                               0x167a (size before relaxing)
 .debug_str     0x0000210e      0x140 ./SSC/Src/ecatcoe.o
                                0x3e2 (size before relaxing)
 .debug_str     0x0000224e      0x411 ./SSC/Src/ecatslv.o
                               0x15bd (size before relaxing)
 .debug_str     0x0000265f      0x257 ./SSC/Src/mailbox.o
                                0xc84 (size before relaxing)
 .debug_str     0x000028b6      0x235 ./SSC/Src/objdef.o
                                0x742 (size before relaxing)
 .debug_str     0x00002aeb      0x294 ./SSC/Src/sdoserv.o
                                0x7b8 (size before relaxing)
 .debug_str     0x00002d7f      0x532 ./Libraries/XMCLib/src/xmc4_eru.o
                                0x745 (size before relaxing)
 .debug_str     0x000032b1      0x890 ./Libraries/XMCLib/src/xmc4_flash.o
                                0xb05 (size before relaxing)
 .debug_str     0x00003b41      0x21c ./Libraries/XMCLib/src/xmc4_gpio.o
                                0x76d (size before relaxing)
 .debug_str     0x00003d5d     0x1a22 ./Libraries/XMCLib/src/xmc4_scu.o
                               0x236c (size before relaxing)
 .debug_str     0x0000577f     0x131a ./Libraries/XMCLib/src/xmc_ccu4.o
                               0x1a59 (size before relaxing)
 .debug_str     0x00006a99      0x279 ./Libraries/XMCLib/src/xmc_ecat.o
                               0x1026 (size before relaxing)
 .debug_str     0x00006d12      0x9c5 ./Libraries/XMCLib/src/xmc_eru.o
                                0xc71 (size before relaxing)
 .debug_str     0x000076d7      0x293 ./Libraries/XMCLib/src/xmc_fce.o
                                0x95b (size before relaxing)
 .debug_str     0x0000796a       0xca ./Libraries/XMCLib/src/xmc_gpio.o
                                0x61b (size before relaxing)
 .debug_str     0x00007a34       0x6f ./Libraries/Newlib/syscalls.o
                                0x221 (size before relaxing)
 .debug_str     0x00007aa3      0x538 ./Dave/Generated/TIMER/timer.o
                                0xbda (size before relaxing)
 .debug_str     0x00007fdb      0x29a ./Dave/Generated/TIMER/timer_conf.o
                                0xb1f (size before relaxing)
 .debug_str     0x00008275      0x184 ./Dave/Generated/INTERRUPT/interrupt.o
                                0x87f (size before relaxing)
 .debug_str     0x000083f9       0x4d ./Dave/Generated/INTERRUPT/interrupt_conf.o
                                0x654 (size before relaxing)
 .debug_str     0x00008446       0xb5 ./Dave/Generated/GLOBAL_CCU4/global_ccu4.o
                                0x51d (size before relaxing)
 .debug_str     0x000084fb       0x31 ./Dave/Generated/GLOBAL_CCU4/global_ccu4_conf.o
                                0x431 (size before relaxing)
 .debug_str     0x0000852c      0x53a ./Dave/Generated/E_EEPROM_XMC4/e_eeprom_xmc4.o
                                0xbcc (size before relaxing)
 .debug_str     0x00008a66       0x45 ./Dave/Generated/E_EEPROM_XMC4/e_eeprom_xmc4_conf.o
                                0x240 (size before relaxing)
 .debug_str     0x00008aab      0x10f ./Dave/Generated/EVENT_GENERATOR/event_generator.o
                                0x478 (size before relaxing)
 .debug_str     0x00008bba       0x73 ./Dave/Generated/EVENT_GENERATOR/event_generator_conf.o
                                0x4ae (size before relaxing)
 .debug_str     0x00008c2d       0xed ./Dave/Generated/EVENT_DETECTOR/event_detector.o
                                0x468 (size before relaxing)
 .debug_str     0x00008d1a       0x71 ./Dave/Generated/EVENT_DETECTOR/event_detector_conf.o
                                0x7d5 (size before relaxing)
 .debug_str     0x00008d8b       0xcf ./Dave/Generated/ECAT_SSC/ecat_ssc.o
                                0xca2 (size before relaxing)
 .debug_str     0x00008e5a       0x36 ./Dave/Generated/ECAT_SSC/ecat_ssc_conf.o
                                0xc07 (size before relaxing)
 .debug_str     0x00008e90      0xd2e ./Dave/Generated/ECAT_SSC/xmc_eschw.o
                               0x21ec (size before relaxing)
 .debug_str     0x00009bbe       0xd3 ./Dave/Generated/DIGITAL_IO/digital_io.o
                                0x8aa (size before relaxing)
 .debug_str     0x00009c91       0x3c ./Dave/Generated/DIGITAL_IO/digital_io_conf.o
                                0x7f8 (size before relaxing)
 .debug_str     0x00009ccd       0x86 ./Dave/Generated/CPU_CTRL_XMC4/cpu_ctrl_xmc4_conf.o
                                0x3ab (size before relaxing)
 .debug_str     0x00009d53       0xe7 ./Dave/Generated/CLOCK_XMC4/clock_xmc4.o
                                0x35e (size before relaxing)
 .debug_str     0x00009e3a       0xe5 ./Dave/Generated/CLOCK_XMC4/clock_xmc4_conf.o
                                0x8cb (size before relaxing)
 .debug_str     0x00009f1f       0x85 ./Dave/Generated/DAVE.o
                               0x1449 (size before relaxing)
 .debug_str     0x00009fa4       0xbd ./main.o
                                0x862 (size before relaxing)

.debug_loc      0x00000000     0x85ca
 *(.debug_loc)
 .debug_loc     0x00000000      0x1a4 ./Startup/system_XMC4300.o
 .debug_loc     0x000001a4      0x328 ./SSC/Src/XMC_ESC.o
 .debug_loc     0x000004cc      0x28c ./SSC/Src/coeappl.o
 .debug_loc     0x00000758      0x660 ./SSC/Src/ecatappl.o
 .debug_loc     0x00000db8       0xe4 ./SSC/Src/ecatcoe.o
 .debug_loc     0x00000e9c      0x810 ./SSC/Src/ecatslv.o
 .debug_loc     0x000016ac      0x574 ./SSC/Src/mailbox.o
 .debug_loc     0x00001c20      0x40e ./SSC/Src/objdef.o
 .debug_loc     0x0000202e      0x1e4 ./SSC/Src/sdoserv.o
 .debug_loc     0x00002212       0xa0 ./Libraries/XMCLib/src/xmc4_eru.o
 .debug_loc     0x000022b2      0x830 ./Libraries/XMCLib/src/xmc4_flash.o
 .debug_loc     0x00002ae2       0xb8 ./Libraries/XMCLib/src/xmc4_gpio.o